 MQ2AutoGroup

 Timestamp is 5573e20c (Sat Jun 06 23:17:48 2015)

 Preferred load address is 04000000

 Start         Length     Name                   Class
 0001:00000000 00000074H .text$di                CODE
 0001:00000080 00025b6fH .text$mn                CODE
 0001:00025bf0 00000025H .text$x                 CODE
 0001:00025c20 0000006dH .text$yd                CODE
 0002:00000000 00000168H .idata$5                DATA
 0002:00000168 00000004H .CRT$XCA                DATA
 0002:0000016c 0000000cH .CRT$XCU                DATA
 0002:00000178 00000004H .CRT$XCZ                DATA
 0002:0000017c 00000004H .CRT$XIA                DATA
 0002:00000180 00000010H .CRT$XIC                DATA
 0002:00000190 00000004H .CRT$XIZ                DATA
 0002:00000194 00000004H .CRT$XPA                DATA
 0002:00000198 00000008H .CRT$XPX                DATA
 0002:000001a0 00000004H .CRT$XPXA               DATA
 0002:000001a4 00000004H .CRT$XPZ                DATA
 0002:000001a8 00000004H .CRT$XTA                DATA
 0002:000001ac 00000004H .CRT$XTZ                DATA
 0002:000001b0 00007538H .rdata                  DATA
 0002:000076e8 0000006cH .rdata$debug            DATA
 0002:00007754 0000077cH .rdata$r                DATA
 0002:00007ed0 0000001cH .rdata$sxdata           DATA
 0002:00007eec 00000004H .rtc$IAA                DATA
 0002:00007ef0 00000004H .rtc$IZZ                DATA
 0002:00007ef4 00000004H .rtc$TAA                DATA
 0002:00007ef8 00000004H .rtc$TZZ                DATA
 0002:00007f00 0000097cH .xdata$x                DATA
 0002:00008880 00000086H .edata                  DATA
 0002:00008908 00000028H .idata$2                DATA
 0002:00008930 00000014H .idata$3                DATA
 0002:00008944 00000168H .idata$4                DATA
 0002:00008aac 00000662H .idata$6                DATA
 0003:00000000 00001328H .data                   DATA
 0003:00001328 0000031fH .data$r                 DATA
 0003:00001660 00003900H .bss                    DATA
 0004:00000000 00000058H .rsrc$01                DATA
 0004:00000060 00000180H .rsrc$02                DATA

  Address         Publics by Value              Rva+Base       Lib:Object

 0000:00000000       __except_list              00000000     <absolute>
 0000:00000000       ___guard_fids_table        00000000     <absolute>
 0000:00000000       ___guard_flags             00000000     <absolute>
 0000:00000000       ___guard_fids_count        00000000     <absolute>
 0000:00000007       ___safe_se_handler_count   00000007     <absolute>
 0000:00000000       ___ImageBase               04000000     <linker-defined>
 0001:00000090       _DllMain@12                04001090 f   MQ2AutoGroup.obj
 0001:00000100       ?ShowHelp@@YAXXZ           04001100 f   MQ2AutoGroup.obj
 0001:00000160       ?WriteINI@@YAXXZ           04001160 f   MQ2AutoGroup.obj
 0001:00000180       ?LoadINI@@YAXXZ            04001180 f   MQ2AutoGroup.obj
 0001:00000270       ?DoAutoGroupOn@@YAXPAU_SPAWNINFO@EQData@@PAD@Z 04001270 f   MQ2AutoGroup.obj
 0001:00000340       ?CheckNames@@YAHPAD@Z      04001340 f   MQ2AutoGroup.obj
 0001:00000390       _OnIncomingChat            04001390 f   MQ2AutoGroup.obj
 0001:000004c0       _InitializePlugin          040014c0 f   MQ2AutoGroup.obj
 0001:000004f0       _ShutdownPlugin            040014f0 f   MQ2AutoGroup.obj
 0001:00000510       ??$_Allocate@D@std@@YAPADIPAD@Z 04001510 f i MQ2AutoGroup.obj
 0001:00000540       ??$addressof@D@std@@YAPADAAD@Z 04001540 f i MQ2AutoGroup.obj
 0001:00000550       ??$construct@PADAAPAD@?$_Wrap_alloc@V?$allocator@D@std@@@std@@QAEXPAPADAAPAD@Z 04001550 f i MQ2AutoGroup.obj
 0001:00000570       ??$construct@PADAAPAD@?$allocator@D@std@@QAEXPAPADAAPAD@Z 04001570 f i MQ2AutoGroup.obj
 0001:00000590       ??$construct@PADAAPAD@?$allocator_traits@V?$allocator@D@std@@@std@@SAXAAV?$allocator@D@1@PAPADAAPAD@Z 04001590 f i MQ2AutoGroup.obj
 0001:000005b0       ??$destroy@PAD@?$_Wrap_alloc@V?$allocator@D@std@@@std@@QAEXPAPAD@Z 040015b0 f i MQ2AutoGroup.obj
 0001:000005c0       ??$destroy@PAD@?$allocator@D@std@@QAEXPAPAD@Z 040015c0 f i MQ2AutoGroup.obj
 0001:000005d0       ??$destroy@PAD@?$allocator_traits@V?$allocator@D@std@@@std@@SAXAAV?$allocator@D@1@PAPAD@Z 040015d0 f i MQ2AutoGroup.obj
 0001:000005e0       ??$forward@AAPAD@std@@YAAAPADAAPAD@Z 040015e0 f i MQ2AutoGroup.obj
 0001:000005f0       ??0?$_String_alloc@$0A@U?$_String_base_types@DV?$allocator@D@std@@@std@@@std@@QAE@ABV?$allocator@D@1@@Z 040015f0 f i MQ2AutoGroup.obj
 0001:00000610       ??0?$_String_val@U?$_Simple_types@D@std@@@std@@QAE@XZ 04001610 f i MQ2AutoGroup.obj
 0001:00000630       ??0?$_Wrap_alloc@V?$allocator@D@std@@@std@@QAE@XZ 04001630 f i MQ2AutoGroup.obj
 0001:00000640       ??0?$allocator@D@std@@QAE@XZ 04001640 f i MQ2AutoGroup.obj
 0001:00000650       ??0?$basic_string@DU?$char_traits@D@std@@V?$allocator@D@2@@std@@QAE@PBD@Z 04001650 f i MQ2AutoGroup.obj
 0001:000006b0       ??0_Generic_error_category@std@@QAE@XZ 040016b0 f i MQ2AutoGroup.obj
 0001:000006c0       ??0_Ignore@std@@QAE@XZ     040016c0 f i MQ2AutoGroup.obj
 0001:000006d0       ??0_Iostream_error_category@std@@QAE@XZ 040016d0 f i MQ2AutoGroup.obj
 0001:000006e0       ??0_System_error_category@std@@QAE@XZ 040016e0 f i MQ2AutoGroup.obj
 0001:000006f0       ??0error_category@std@@QAE@XZ 040016f0 f i MQ2AutoGroup.obj
 0001:00000700       ??0error_condition@std@@QAE@HABVerror_category@1@@Z 04001700 f i MQ2AutoGroup.obj
 0001:00000720       ??0id@locale@std@@QAE@I@Z  04001720 f i MQ2AutoGroup.obj
 0001:00000730       ??1?$basic_string@DU?$char_traits@D@std@@V?$allocator@D@2@@std@@QAE@XZ 04001730 f i MQ2AutoGroup.obj
 0001:00000760       ??1_Generic_error_category@std@@UAE@XZ 04001760 f i MQ2AutoGroup.obj
 0001:00000770       ??1_Iostream_error_category@std@@UAE@XZ 04001770 f i MQ2AutoGroup.obj
 0001:00000780       ??1_System_error_category@std@@UAE@XZ 04001780 f i MQ2AutoGroup.obj
 0001:00000790       ??1error_category@std@@UAE@XZ 04001790 f i MQ2AutoGroup.obj
 0001:000007a0       ??2@YAPAXIPAX@Z            040017a0 f i MQ2AutoGroup.obj
 0001:000007b0       ??3@YAXPAX0@Z              040017b0 f i MQ2AutoGroup.obj
 0001:000007c0       ??8error_category@std@@QBE_NABV01@@Z 040017c0 f i MQ2AutoGroup.obj
 0001:000007d0       ??8error_condition@std@@QBE_NABV01@@Z 040017d0 f i MQ2AutoGroup.obj
 0001:000007f0       ??_G_Generic_error_category@std@@UAEPAXI@Z 040017f0 f i MQ2AutoGroup.obj
 0001:000007f0       ??_E_Generic_error_category@std@@UAEPAXI@Z 040017f0 f i MQ2AutoGroup.obj
 0001:00000820       ??_G_Iostream_error_category@std@@UAEPAXI@Z 04001820 f i MQ2AutoGroup.obj
 0001:00000820       ??_E_Iostream_error_category@std@@UAEPAXI@Z 04001820 f i MQ2AutoGroup.obj
 0001:00000850       ??_E_System_error_category@std@@UAEPAXI@Z 04001850 f i MQ2AutoGroup.obj
 0001:00000850       ??_G_System_error_category@std@@UAEPAXI@Z 04001850 f i MQ2AutoGroup.obj
 0001:00000880       ??_Gerror_category@std@@UAEPAXI@Z 04001880 f i MQ2AutoGroup.obj
 0001:00000880       ??_Eerror_category@std@@UAEPAXI@Z 04001880 f i MQ2AutoGroup.obj
 0001:000008b0       ?_Copy@?$basic_string@DU?$char_traits@D@std@@V?$allocator@D@2@@std@@QAEXII@Z 040018b0 f i MQ2AutoGroup.obj
 0001:00000a00       ?_Eos@?$basic_string@DU?$char_traits@D@std@@V?$allocator@D@2@@std@@QAEXI@Z 04001a00 f i MQ2AutoGroup.obj
 0001:00000a30       ?_Getal@?$_String_alloc@$0A@U?$_String_base_types@DV?$allocator@D@std@@@std@@@std@@QBE?AU?$_Wrap_alloc@V?$allocator@D@std@@@2@XZ 04001a30 f i MQ2AutoGroup.obj
 0001:00000a40       ?_Grow@?$basic_string@DU?$char_traits@D@std@@V?$allocator@D@2@@std@@QAE_NI_N@Z 04001a40 f i MQ2AutoGroup.obj
 0001:00000b00       ?_Inside@?$basic_string@DU?$char_traits@D@std@@V?$allocator@D@2@@std@@QAE_NPBD@Z 04001b00 f i MQ2AutoGroup.obj
 0001:00000b40       ?_Myptr@?$_String_val@U?$_Simple_types@D@std@@@std@@QAEPADXZ 04001b40 f i MQ2AutoGroup.obj
 0001:00000b50       ?_Myptr@?$_String_val@U?$_Simple_types@D@std@@@std@@QBEPBDXZ 04001b50 f i MQ2AutoGroup.obj
 0001:00000b60       ?_Tidy@?$basic_string@DU?$char_traits@D@std@@V?$allocator@D@2@@std@@QAEX_NI@Z 04001b60 f i MQ2AutoGroup.obj
 0001:00000bb0       ?_Xlen@?$basic_string@DU?$char_traits@D@std@@V?$allocator@D@2@@std@@QBEXXZ 04001bb0 f i MQ2AutoGroup.obj
 0001:00000bc0       ?_Xran@?$basic_string@DU?$char_traits@D@std@@V?$allocator@D@2@@std@@QBEXXZ 04001bc0 f i MQ2AutoGroup.obj
 0001:00000bd0       ?allocate@?$_Wrap_alloc@V?$allocator@D@std@@@std@@QAEPADI@Z 04001bd0 f i MQ2AutoGroup.obj
 0001:00000c00       ?allocate@?$allocator@D@std@@QAEPADI@Z 04001c00 f i MQ2AutoGroup.obj
 0001:00000c30       ?assign@?$basic_string@DU?$char_traits@D@std@@V?$allocator@D@2@@std@@QAEAAV12@ABV12@II@Z 04001c30 f i MQ2AutoGroup.obj
 0001:00000d60       ?assign@?$basic_string@DU?$char_traits@D@std@@V?$allocator@D@2@@std@@QAEAAV12@PBD@Z 04001d60 f i MQ2AutoGroup.obj
 0001:00000da0       ?assign@?$basic_string@DU?$char_traits@D@std@@V?$allocator@D@2@@std@@QAEAAV12@PBDI@Z 04001da0 f i MQ2AutoGroup.obj
 0001:00000ea0       ?assign@?$char_traits@D@std@@SAXAADABD@Z 04001ea0 f i MQ2AutoGroup.obj
 0001:00000eb0       ?category@error_code@std@@QBEABVerror_category@2@XZ 04001eb0 f i MQ2AutoGroup.obj
 0001:00000ec0       ?category@error_condition@std@@QBEABVerror_category@2@XZ 04001ec0 f i MQ2AutoGroup.obj
 0001:00000ed0       ?copy@?$char_traits@D@std@@SAPADPADPBDI@Z 04001ed0 f i MQ2AutoGroup.obj
 0001:00000ef0       ?deallocate@?$_Wrap_alloc@V?$allocator@D@std@@@std@@QAEXPADI@Z 04001ef0 f i MQ2AutoGroup.obj
 0001:00000f10       ?deallocate@?$allocator@D@std@@QAEXPADI@Z 04001f10 f i MQ2AutoGroup.obj
 0001:00000f30       ?default_error_condition@_System_error_category@std@@UBE?AVerror_condition@2@H@Z 04001f30 f i MQ2AutoGroup.obj
 0001:00000f70       ?default_error_condition@error_category@std@@UBE?AVerror_condition@2@H@Z 04001f70 f i MQ2AutoGroup.obj
 0001:00000f90       ?equivalent@error_category@std@@UBE_NABVerror_code@2@H@Z 04001f90 f i MQ2AutoGroup.obj
 0001:00000fb0       ?equivalent@error_category@std@@UBE_NHABVerror_condition@2@@Z 04001fb0 f i MQ2AutoGroup.obj
 0001:00000ff0       ?erase@?$basic_string@DU?$char_traits@D@std@@V?$allocator@D@2@@std@@QAEAAV12@I@Z 04001ff0 f i MQ2AutoGroup.obj
 0001:00001030       ?erase@?$basic_string@DU?$char_traits@D@std@@V?$allocator@D@2@@std@@QAEAAV12@II@Z 04002030 f i MQ2AutoGroup.obj
 0001:000010d0       ?generic_category@std@@YAABVerror_category@1@XZ 040020d0 f i MQ2AutoGroup.obj
 0001:000010e0       ?length@?$char_traits@D@std@@SAIPBD@Z 040020e0 f i MQ2AutoGroup.obj
 0001:00001100       ?max_size@?$_Wrap_alloc@V?$allocator@D@std@@@std@@QBEIXZ 04002100 f i MQ2AutoGroup.obj
 0001:00001110       ?max_size@?$allocator@D@std@@QBEIXZ 04002110 f i MQ2AutoGroup.obj
 0001:00001120       ?max_size@?$allocator_traits@V?$allocator@D@std@@@std@@SAIABV?$allocator@D@2@@Z 04002120 f i MQ2AutoGroup.obj
 0001:00001130       ?max_size@?$basic_string@DU?$char_traits@D@std@@V?$allocator@D@2@@std@@QBEIXZ 04002130 f i MQ2AutoGroup.obj
 0001:00001140       ?message@_Generic_error_category@std@@UBE?AV?$basic_string@DU?$char_traits@D@std@@V?$allocator@D@2@@2@H@Z 04002140 f i MQ2AutoGroup.obj
 0001:000011b0       ?message@_Iostream_error_category@std@@UBE?AV?$basic_string@DU?$char_traits@D@std@@V?$allocator@D@2@@2@H@Z 040021b0 f i MQ2AutoGroup.obj
 0001:00001200       ?message@_System_error_category@std@@UBE?AV?$basic_string@DU?$char_traits@D@std@@V?$allocator@D@2@@2@H@Z 04002200 f i MQ2AutoGroup.obj
 0001:00001270       ?move@?$char_traits@D@std@@SAPADPADPBDI@Z 04002270 f i MQ2AutoGroup.obj
 0001:00001290       ?name@_Generic_error_category@std@@UBEPBDXZ 04002290 f i MQ2AutoGroup.obj
 0001:000012a0       ?name@_Iostream_error_category@std@@UBEPBDXZ 040022a0 f i MQ2AutoGroup.obj
 0001:000012b0       ?name@_System_error_category@std@@UBEPBDXZ 040022b0 f i MQ2AutoGroup.obj
 0001:000012c0       ?size@?$basic_string@DU?$char_traits@D@std@@V?$allocator@D@2@@std@@QBEIXZ 040022c0 f i MQ2AutoGroup.obj
 0001:000012d0       ?strstr@@YAPADPADPBD@Z     040022d0 f i MQ2AutoGroup.obj
 0001:000012e0       ?system_category@std@@YAABVerror_category@1@XZ 040022e0 f i MQ2AutoGroup.obj
 0001:000012f0       ?value@error_code@std@@QBEHXZ 040022f0 f i MQ2AutoGroup.obj
 0001:00001300       ?value@error_condition@std@@QBEHXZ 04002300 f i MQ2AutoGroup.obj
 0001:00001310       _hypot                     04002310 f i MQ2AutoGroup.obj
 0001:00001336       _GetPrivateProfileStringA@24 04002336 f   kernel32:KERNEL32.dll
 0001:0000133c       _WritePrivateProfileStringA@16 0400233c f   kernel32:KERNEL32.dll
 0001:00001342       ??0bad_alloc@std@@QAE@ABV01@@Z 04002342 f i libcpmt:xthrow.obj
 0001:0000135d       ??0bad_alloc@std@@QAE@XZ   0400235d f i libcpmt:xthrow.obj
 0001:00001383       ??0bad_function_call@std@@QAE@ABV01@@Z 04002383 f i libcpmt:xthrow.obj
 0001:0000139e       ??0bad_function_call@std@@QAE@PBD@Z 0400239e f i libcpmt:xthrow.obj
 0001:000013b2       ??0invalid_argument@std@@QAE@ABV01@@Z 040023b2 f i libcpmt:xthrow.obj
 0001:000013cd       ??0invalid_argument@std@@QAE@PBD@Z 040023cd f i libcpmt:xthrow.obj
 0001:000013ef       ??0length_error@std@@QAE@ABV01@@Z 040023ef f i libcpmt:xthrow.obj
 0001:0000140a       ??0length_error@std@@QAE@PBD@Z 0400240a f i libcpmt:xthrow.obj
 0001:0000142c       ??0logic_error@std@@QAE@ABV01@@Z 0400242c f i libcpmt:xthrow.obj
 0001:00001447       ??0logic_error@std@@QAE@PBD@Z 04002447 f i libcpmt:xthrow.obj
 0001:00001463       ??0out_of_range@std@@QAE@ABV01@@Z 04002463 f i libcpmt:xthrow.obj
 0001:0000147e       ??0out_of_range@std@@QAE@PBD@Z 0400247e f i libcpmt:xthrow.obj
 0001:000014a0       ??0overflow_error@std@@QAE@ABV01@@Z 040024a0 f i libcpmt:xthrow.obj
 0001:000014bb       ??0overflow_error@std@@QAE@PBD@Z 040024bb f i libcpmt:xthrow.obj
 0001:000014dd       ??0regex_error@std@@QAE@ABV01@@Z 040024dd f i libcpmt:xthrow.obj
 0001:00001501       ??0regex_error@std@@QAE@W4error_type@regex_constants@1@@Z 04002501 f i libcpmt:xthrow.obj
 0001:00001531       ??0runtime_error@std@@QAE@ABV01@@Z 04002531 f i libcpmt:xthrow.obj
 0001:0000154c       ??0runtime_error@std@@QAE@PBD@Z 0400254c f i libcpmt:xthrow.obj
 0001:00001568       ??1bad_alloc@std@@UAE@XZ   04002568 f i libcpmt:xthrow.obj
 0001:00001573       ??1bad_function_call@std@@UAE@XZ 04002573 f i libcpmt:xthrow.obj
 0001:00001578       ??1invalid_argument@std@@UAE@XZ 04002578 f i libcpmt:xthrow.obj
 0001:0000157d       ??1length_error@std@@UAE@XZ 0400257d f i libcpmt:xthrow.obj
 0001:00001582       ??1logic_error@std@@UAE@XZ 04002582 f i libcpmt:xthrow.obj
 0001:00001587       ??1out_of_range@std@@UAE@XZ 04002587 f i libcpmt:xthrow.obj
 0001:0000158c       ??1overflow_error@std@@UAE@XZ 0400258c f i libcpmt:xthrow.obj
 0001:00001591       ??1regex_error@std@@UAE@XZ 04002591 f i libcpmt:xthrow.obj
 0001:00001596       ??1runtime_error@std@@UAE@XZ 04002596 f i libcpmt:xthrow.obj
 0001:0000159b       ??_Gbad_alloc@std@@UAEPAXI@Z 0400259b f i libcpmt:xthrow.obj
 0001:0000159b       ??_Ebad_alloc@std@@UAEPAXI@Z 0400259b f i libcpmt:xthrow.obj
 0001:000015c0       ??_Gbad_function_call@std@@UAEPAXI@Z 040025c0 f i libcpmt:xthrow.obj
 0001:000015c0       ??_Ebad_function_call@std@@UAEPAXI@Z 040025c0 f i libcpmt:xthrow.obj
 0001:000015df       ??_Ginvalid_argument@std@@UAEPAXI@Z 040025df f i libcpmt:xthrow.obj
 0001:000015df       ??_Einvalid_argument@std@@UAEPAXI@Z 040025df f i libcpmt:xthrow.obj
 0001:000015fe       ??_Glength_error@std@@UAEPAXI@Z 040025fe f i libcpmt:xthrow.obj
 0001:000015fe       ??_Elength_error@std@@UAEPAXI@Z 040025fe f i libcpmt:xthrow.obj
 0001:0000161d       ??_Elogic_error@std@@UAEPAXI@Z 0400261d f i libcpmt:xthrow.obj
 0001:0000161d       ??_Glogic_error@std@@UAEPAXI@Z 0400261d f i libcpmt:xthrow.obj
 0001:0000163c       ??_Eout_of_range@std@@UAEPAXI@Z 0400263c f i libcpmt:xthrow.obj
 0001:0000163c       ??_Gout_of_range@std@@UAEPAXI@Z 0400263c f i libcpmt:xthrow.obj
 0001:0000165b       ??_Goverflow_error@std@@UAEPAXI@Z 0400265b f i libcpmt:xthrow.obj
 0001:0000165b       ??_Eoverflow_error@std@@UAEPAXI@Z 0400265b f i libcpmt:xthrow.obj
 0001:0000167a       ??_Gregex_error@std@@UAEPAXI@Z 0400267a f i libcpmt:xthrow.obj
 0001:0000167a       ??_Eregex_error@std@@UAEPAXI@Z 0400267a f i libcpmt:xthrow.obj
 0001:00001699       ??_Gruntime_error@std@@UAEPAXI@Z 04002699 f i libcpmt:xthrow.obj
 0001:00001699       ??_Eruntime_error@std@@UAEPAXI@Z 04002699 f i libcpmt:xthrow.obj
 0001:000016b8       ?_Stringify@regex_error@std@@CAPBDW4error_type@regex_constants@2@@Z 040026b8 f i libcpmt:xthrow.obj
 0001:00001778       ?_Xbad_alloc@std@@YAXXZ    04002778 f   libcpmt:xthrow.obj
 0001:000017a9       ?_Xbad_function_call@std@@YAXXZ 040027a9 f   libcpmt:xthrow.obj
 0001:000017cd       ?_Xinvalid_argument@std@@YAXPBD@Z 040027cd f   libcpmt:xthrow.obj
 0001:000017fb       ?_Xlength_error@std@@YAXPBD@Z 040027fb f   libcpmt:xthrow.obj
 0001:00001829       ?_Xout_of_range@std@@YAXPBD@Z 04002829 f   libcpmt:xthrow.obj
 0001:00001857       ?_Xoverflow_error@std@@YAXPBD@Z 04002857 f   libcpmt:xthrow.obj
 0001:00001885       ?_Xregex_error@std@@YAXW4error_type@regex_constants@1@@Z 04002885 f   libcpmt:xthrow.obj
 0001:000018a5       ?_Xruntime_error@std@@YAXPBD@Z 040028a5 f   libcpmt:xthrow.obj
 0001:000018d3       ?what@bad_function_call@std@@UBEPBDXZ 040028d3 f i libcpmt:xthrow.obj
 0001:000018d9       ?_Syserror_map@std@@YAPBDH@Z 040028d9 f   libcpmt:syserror.obj
 0001:00001903       ?_Winerror_map@std@@YAPBDH@Z 04002903 f   libcpmt:syserror.obj
 0001:0000192e       _WriteChatf                0400292e f   MQ2Main:MQ2Main.dll
 0001:00001934       _WriteChatColor            04002934 f   MQ2Main:MQ2Main.dll
 0001:0000193a       _AddCommand                0400293a f   MQ2Main:MQ2Main.dll
 0001:00001940       _RemoveCommand             04002940 f   MQ2Main:MQ2Main.dll
 0001:00001946       _DebugSpewAlways           04002946 f   MQ2Main:MQ2Main.dll
 0001:0000194c       _GetArg                    0400294c f   MQ2Main:MQ2Main.dll
 0001:00001952       _HideDoCommand             04002952 f   MQ2Main:MQ2Main.dll
 0001:00001958       __get_purecall_handler     04002958 f   LIBCMT:purevirt.obj
 0001:00001965       __purecall                 04002965 f   LIBCMT:purevirt.obj
 0001:00001987       __set_purecall_handler     04002987 f   LIBCMT:purevirt.obj
 0001:000019ac       ??2@YAPAXI@Z               040029ac f   LIBCMT:new.obj
 0001:000019fd       ??3@YAXPAX@Z               040029fd f   LIBCMT:delete.obj
 0001:00001a02       ___onexitinit              04002a02 f   LIBCMT:onexit.obj
 0001:00001a31       __onexit                   04002a31 f   LIBCMT:onexit.obj
 0001:00001b2d       _atexit                    04002b2d f   LIBCMT:onexit.obj
 0001:00001b50       _memmove                   04002b50 f   LIBCMT:memmove.obj
 0001:000021a0       _strstr                    040031a0 f   LIBCMT:strstr.obj
 0001:00002403       __scprintf                 04003403 f   LIBCMT:sprintf.obj
 0001:00002416       __scprintf_l               04003416 f   LIBCMT:sprintf.obj
 0001:0000242d       __scprintf_p               0400342d f   LIBCMT:sprintf.obj
 0001:00002440       __scprintf_p_l             04003440 f   LIBCMT:sprintf.obj
 0001:00002457       __snprintf_s               04003457 f   LIBCMT:sprintf.obj
 0001:00002476       __snprintf_s_l             04003476 f   LIBCMT:sprintf.obj
 0001:00002496       __sprintf_l                04003496 f   LIBCMT:sprintf.obj
 0001:000024b0       __sprintf_p                040034b0 f   LIBCMT:sprintf.obj
 0001:000024cc       __sprintf_p_l              040034cc f   LIBCMT:sprintf.obj
 0001:000024e9       __sprintf_s_l              040034e9 f   LIBCMT:sprintf.obj
 0001:00002506       _sprintf                   04003506 f   LIBCMT:sprintf.obj
 0001:0000258a       _sprintf_s                 0400358a f   LIBCMT:sprintf.obj
 0001:000025a6       __cabs                     040035a6 f   LIBCMT:hypot.obj
 0001:000025c5       __hypot                    040035c5 f   LIBCMT:hypot.obj
 0001:00002830       __CxxThrowException@8      04003830 f   LIBCMT:throw.obj
 0001:00002963       ?_CallCatchBlock2@@YAPAXPAUEHRegistrationNode@@PBU_s_FuncInfo@@PAXHK@Z 04003963 f   LIBCMT:_trnsctrl_.obj
 0001:000029c3       ?_CallMemberFunction0@@YGXPAX0@Z 040039c3 f   LIBCMT:_trnsctrl_.obj
 0001:000029ca       ?_CallMemberFunction1@@YGXPAX00@Z 040039ca f   LIBCMT:_trnsctrl_.obj
 0001:000029d1       ?_CallMemberFunction2@@YGXPAX00H@Z 040039d1 f   LIBCMT:_trnsctrl_.obj
 0001:000029d8       ?_CallSETranslator@@YAHPAUEHExceptionRecord@@PAUEHRegistrationNode@@PAX2PBU_s_FuncInfo@@H1@Z 040039d8 f   LIBCMT:_trnsctrl_.obj
 0001:00002aaf       ?_GetRangeOfTrysToCheck@@YAPBU_s_TryBlockMapEntry@@PBU_s_FuncInfo@@HHPAI1@Z 04003aaf f   LIBCMT:_trnsctrl_.obj
 0001:00002b2d       ?_JumpToContinuation@@YGXPAXPAUEHRegistrationNode@@@Z 04003b2d f   LIBCMT:_trnsctrl_.obj
 0001:00002b5f       ?_UnwindNestedFrames@@YGXPAUEHRegistrationNode@@PAUEHExceptionRecord@@@Z 04003b5f f   LIBCMT:_trnsctrl_.obj
 0001:00002bb4       __CreateFrameInfo          04003bb4 f   LIBCMT:_trnsctrl_.obj
 0001:00002bde       __FindAndUnlinkFrame       04003bde f   LIBCMT:_trnsctrl_.obj
 0001:00002c2e       __IsExceptionObjectToBeDestroyed 04003c2e f   LIBCMT:_trnsctrl_.obj
 0001:00002c57       ___CxxFrameHandler         04003c57 f   LIBCMT:_trnsctrl_.obj
 0001:00002c8d       ___CxxFrameHandler2        04003c8d f   LIBCMT:_trnsctrl_.obj
 0001:00002cc3       ___CxxFrameHandler3        04003cc3 f   LIBCMT:_trnsctrl_.obj
 0001:00002cf9       ___CxxLongjmpUnwind@4      04003cf9 f   LIBCMT:_trnsctrl_.obj
 0001:00002d20       __alloca_probe             04003d20 f   LIBCMT:chkstk.obj
 0001:00002d20       __chkstk                   04003d20 f   LIBCMT:chkstk.obj
 0001:00002d50       _memcpy                    04003d50 f   LIBCMT:memcpy.obj
 0001:00003394       ??0type_info@@AAE@ABV0@@Z  04004394 f   LIBCMT:typinfo.obj
 0001:0000339f       ??1type_info@@UAE@XZ       0400439f f   LIBCMT:typinfo.obj
 0001:000033ad       ??4type_info@@AAEAAV0@ABV0@@Z 040043ad f   LIBCMT:typinfo.obj
 0001:000033b2       ??8type_info@@QBE_NABV0@@Z 040043b2 f   LIBCMT:typinfo.obj
 0001:000033d0       ??9type_info@@QBE_NABV0@@Z 040043d0 f   LIBCMT:typinfo.obj
 0001:000033ef       ??_Gtype_info@@UAEPAXI@Z   040043ef f i LIBCMT:typinfo.obj
 0001:000033ef       ??_Etype_info@@UAEPAXI@Z   040043ef f i LIBCMT:typinfo.obj
 0001:0000340e       ?_name_internal_method@type_info@@QBEPBDPAU__type_info_node@@@Z 0400440e f   LIBCMT:typinfo.obj
 0001:00003420       ?_type_info_dtor_internal_method@type_info@@QAEXXZ 04004420 f   LIBCMT:typinfo.obj
 0001:00003428       ?before@type_info@@QBE_NABV1@@Z 04004428 f   LIBCMT:typinfo.obj
 0001:00003448       ?name@type_info@@QBEPBDPAU__type_info_node@@@Z 04004448 f   LIBCMT:typinfo.obj
 0001:0000345a       ?raw_name@type_info@@QBEPBDXZ 0400445a f   LIBCMT:typinfo.obj
 0001:0000345e       __fpmath                   0400445e f   LIBCMT:fpinit.obj
 0001:00003475       ___setfflag                04004475 f   LIBCMT:fpinit.obj
 0001:00003488       __cfltcvt_init             04004488 f   LIBCMT:fpinit.obj
 0001:000034e8       __CRT_INIT@12              040044e8 f   LIBCMT:dllcrt0.obj
 0001:0000365a       __DllMainCRTStartup@12     0400465a f   LIBCMT:dllcrt0.obj
 0001:0000378b       ___DllXcptFilter           0400478b f   LIBCMT:dllcrt0.obj
 0001:000037b0       _strlen                    040047b0 f   LIBCMT:strlen.obj
 0001:0000383b       ??0__non_rtti_object@std@@QAE@ABV01@@Z 0400483b f   LIBCMT:stdexcpt.obj
 0001:00003856       ??0__non_rtti_object@std@@QAE@PBD@Z 04004856 f   LIBCMT:stdexcpt.obj
 0001:00003871       ??0bad_cast@std@@QAE@ABV01@@Z 04004871 f   LIBCMT:stdexcpt.obj
 0001:0000388c       ??0bad_cast@std@@QAE@PBD@Z 0400488c f   LIBCMT:stdexcpt.obj
 0001:000038a8       ??0bad_typeid@std@@QAE@ABV01@@Z 040048a8 f   LIBCMT:stdexcpt.obj
 0001:000038c3       ??0bad_typeid@std@@QAE@PBD@Z 040048c3 f   LIBCMT:stdexcpt.obj
 0001:000038df       ??0exception@std@@QAE@ABQBD@Z 040048df f   LIBCMT:stdexcpt.obj
 0001:00003904       ??0exception@std@@QAE@ABQBDH@Z 04004904 f   LIBCMT:stdexcpt.obj
 0001:0000391f       ??0exception@std@@QAE@ABV01@@Z 0400491f f   LIBCMT:stdexcpt.obj
 0001:00003942       ??0exception@std@@QAE@XZ   04004942 f   LIBCMT:stdexcpt.obj
 0001:00003953       ??1__non_rtti_object@std@@UAE@XZ 04004953 f   LIBCMT:stdexcpt.obj
 0001:0000395e       ??1bad_cast@std@@UAE@XZ    0400495e f   LIBCMT:stdexcpt.obj
 0001:00003969       ??1bad_typeid@std@@UAE@XZ  04004969 f   LIBCMT:stdexcpt.obj
 0001:00003974       ??1exception@std@@UAE@XZ   04004974 f   LIBCMT:stdexcpt.obj
 0001:0000397f       ??4exception@std@@QAEAAV01@ABV01@@Z 0400497f f   LIBCMT:stdexcpt.obj
 0001:000039b2       ??_G__non_rtti_object@std@@UAEPAXI@Z 040049b2 f i LIBCMT:stdexcpt.obj
 0001:000039b2       ??_E__non_rtti_object@std@@UAEPAXI@Z 040049b2 f i LIBCMT:stdexcpt.obj
 0001:000039d7       ??_Ebad_cast@std@@UAEPAXI@Z 040049d7 f i LIBCMT:stdexcpt.obj
 0001:000039d7       ??_Gbad_cast@std@@UAEPAXI@Z 040049d7 f i LIBCMT:stdexcpt.obj
 0001:000039fc       ??_Ebad_typeid@std@@UAEPAXI@Z 040049fc f i LIBCMT:stdexcpt.obj
 0001:000039fc       ??_Gbad_typeid@std@@UAEPAXI@Z 040049fc f i LIBCMT:stdexcpt.obj
 0001:00003a21       ??_Gexception@std@@UAEPAXI@Z 04004a21 f i LIBCMT:stdexcpt.obj
 0001:00003a21       ??_Eexception@std@@UAEPAXI@Z 04004a21 f i LIBCMT:stdexcpt.obj
 0001:00003a46       ?_Copy_str@exception@std@@AAEXPBD@Z 04004a46 f   LIBCMT:stdexcpt.obj
 0001:00003a84       ?_Tidy@exception@std@@AAEXXZ 04004a84 f   LIBCMT:stdexcpt.obj
 0001:00003aa0       ?what@exception@std@@UBEPBDXZ 04004aa0 f   LIBCMT:stdexcpt.obj
 0001:00003aad       @__security_check_cookie@4 04004aad f   LIBCMT:secchk.obj
 0001:00003abc       __EH_epilog3               04004abc f   LIBCMT:ehprolg3.obj
 0001:00003ad0       __EH_epilog3_GS            04004ad0 f   LIBCMT:ehprolg3.obj
 0001:00003adf       __EH_epilog3_catch_GS      04004adf f   LIBCMT:ehprolg3.obj
 0001:00003aee       __EH_prolog3               04004aee f   LIBCMT:ehprolg3.obj
 0001:00003b21       __EH_prolog3_GS            04004b21 f   LIBCMT:ehprolg3.obj
 0001:00003b57       __EH_prolog3_catch         04004b57 f   LIBCMT:ehprolg3.obj
 0001:00003b8d       __EH_prolog3_catch_GS      04004b8d f   LIBCMT:ehprolg3.obj
 0001:00003bc6       __set_abort_behavior       04004bc6 f   LIBCMT:abort.obj
 0001:00003be5       _abort                     04004be5 f   LIBCMT:abort.obj
 0001:00003c28       ___getlocaleinfo           04004c28 f   LIBCMT:inithelp.obj
 0001:00003e01       __initp_misc_purevirt      04004e01 f   LIBCMT:inithelp.obj
 0001:00003e0e       __invoke_watson_if_error   04004e0e f i LIBCMT:inithelp.obj
 0001:00003e2e       __heap_alloc               04004e2e f i LIBCMT:malloc.obj
 0001:00003e6b       _malloc                    04004e6b f   LIBCMT:malloc.obj
 0001:00003efd       ?_query_new_handler@@YAP6AHI@ZXZ 04004efd f   LIBCMT:handler.obj
 0001:00003f0a       ?_set_new_handler@@YAP6AHI@ZH@Z 04004f0a f   LIBCMT:handler.obj
 0001:00003f13       ?_set_new_handler@@YAP6AHI@ZP6AHI@Z@Z 04004f13 f   LIBCMT:handler.obj
 0001:00003f48       __callnewh                 04004f48 f   LIBCMT:handler.obj
 0001:00003f6e       __initp_heap_handler       04004f6e f   LIBCMT:handler.obj
 0001:00003f7b       _free                      04004f7b f   LIBCMT:free.obj
 0001:00003fb3       ___copy_path_to_wide_string 04004fb3 f   LIBCMT:crt0dat.obj
 0001:00004065       ___copy_to_char            04005065 f   LIBCMT:crt0dat.obj
 0001:0000411a       ___crtCorExitProcess       0400511a f   LIBCMT:crt0dat.obj
 0001:0000414e       ___crtExitProcess          0400514e f   LIBCMT:crt0dat.obj
 0001:00004164       ___freeCrtMemory           04005164 f   LIBCMT:crt0dat.obj
 0001:00004271       __amsg_exit                04005271 f   LIBCMT:crt0dat.obj
 0001:0000428d       __c_exit                   0400528d f   LIBCMT:crt0dat.obj
 0001:0000429c       __cexit                    0400529c f   LIBCMT:crt0dat.obj
 0001:000042ab       __cinit                    040052ab f   LIBCMT:crt0dat.obj
 0001:0000432f       __exit                     0400532f f   LIBCMT:crt0dat.obj
 0001:00004343       __exit_app                 04005343 f   LIBCMT:crt0dat.obj
 0001:00004351       __get_pgmptr               04005351 f   LIBCMT:crt0dat.obj
 0001:00004380       __get_wpgmptr              04005380 f   LIBCMT:crt0dat.obj
 0001:000043af       __init_pointers            040053af f   LIBCMT:crt0dat.obj
 0001:0000441d       __initterm_e               0400541d f   LIBCMT:crt0dat.obj
 0001:0000443f       __lockexit                 0400543f f   LIBCMT:crt0dat.obj
 0001:00004448       __unlockexit               04005448 f   LIBCMT:crt0dat.obj
 0001:00004580       _exit                      04005580 f   LIBCMT:crt0dat.obj
 0001:00004594       __msize                    04005594 f   LIBCMT:msize.obj
 0001:000045c5       __calloc_crt               040055c5 f   LIBCMT:crtheap.obj
 0001:0000460d       __malloc_crt               0400560d f   LIBCMT:crtheap.obj
 0001:00004654       __realloc_crt              04005654 f   LIBCMT:crtheap.obj
 0001:0000469e       __recalloc_crt             0400569e f   LIBCMT:crtheap.obj
 0001:000046ec       __set_malloc_crt_max_wait  040056ec f   LIBCMT:crtheap.obj
 0001:000046ff       _wait_a_bit                040056ff f i LIBCMT:crtheap.obj
 0001:00004730       __SEH_prolog4              04005730 f   LIBCMT:sehprolg4.obj
 0001:00004775       __SEH_epilog4              04005775 f   LIBCMT:sehprolg4.obj
 0001:000047d0       __except_handler4          040057d0 f   LIBCMT:chandler4.obj
 0001:00004964       ___isa_available_init      04005964 f   LIBCMT:cpu_disp.obj
 0001:00004ae0       _strchr                    04005ae0 f   LIBCMT:strchr.obj
 0001:00004b4e       ___from_strstr_to_strchr   04005b4e     LIBCMT:strchr.obj
 0001:00004c0b       ?_invalid_parameter@@YAXPBG00II@Z 04005c0b f   LIBCMT:invarg.obj
 0001:00004c10       ?_invoke_watson@@YAXPBG00II@Z 04005c10 f   LIBCMT:invarg.obj
 0001:00004c28       __call_reportfault         04005c28 f   LIBCMT:invarg.obj
 0001:00004d4d       __get_invalid_parameter_handler 04005d4d f   LIBCMT:invarg.obj
 0001:00004d5a       __initp_misc_invarg        04005d5a f   LIBCMT:invarg.obj
 0001:00004d67       __invalid_parameter        04005d67 f   LIBCMT:invarg.obj
 0001:00004d92       __invalid_parameter_noinfo 04005d92 f   LIBCMT:invarg.obj
 0001:00004da2       __invalid_parameter_noinfo_noreturn 04005da2 f   LIBCMT:invarg.obj
 0001:00004dbd       __invoke_watson            04005dbd f   LIBCMT:invarg.obj
 0001:00004de8       __set_invalid_parameter_handler 04005de8 f   LIBCMT:invarg.obj
 0001:00004e0d       __flsbuf                   04005e0d f   LIBCMT:_flsbuf.obj
 0001:00004f5c       __vscprintf                04005f5c f   LIBCMT:vsprintf.obj
 0001:00004f76       __vscprintf_helper         04005f76 f   LIBCMT:vsprintf.obj
 0001:00004fd2       __vscprintf_l              04005fd2 f   LIBCMT:vsprintf.obj
 0001:00004fed       __vscprintf_p              04005fed f   LIBCMT:vsprintf.obj
 0001:00005007       __vscprintf_p_l            04006007 f   LIBCMT:vsprintf.obj
 0001:00005022       __vsprintf_l               04006022 f   LIBCMT:vsprintf.obj
 0001:000050a6       _vsprintf                  040060a6 f   LIBCMT:vsprintf.obj
 0001:000050be       __vsnprintf_c              040060be f   LIBCMT:vsnprnc.obj
 0001:000050e5       __vsnprintf_c_l            040060e5 f   LIBCMT:vsnprnc.obj
 0001:0000510d       __vsnprintf_helper         0400610d f   LIBCMT:vsnprnc.obj
 0001:000051d7       __vsnprintf_s              040061d7 f   LIBCMT:vsnprnc.obj
 0001:000051f5       __vsnprintf_s_l            040061f5 f   LIBCMT:vsnprnc.obj
 0001:000052f5       __vsprintf_p               040062f5 f   LIBCMT:vsnprnc.obj
 0001:0000531c       __vsprintf_p_l             0400631c f   LIBCMT:vsnprnc.obj
 0001:00005344       __vsprintf_s_l             04006344 f   LIBCMT:vsnprnc.obj
 0001:000053b9       _vsprintf_s                040063b9 f   LIBCMT:vsnprnc.obj
 0001:000053d4       ??0_LocaleUpdate@@QAE@PAUlocaleinfo_struct@@@Z 040063d4 f i LIBCMT:output.obj
 0001:0000545c       ??1_LocaleUpdate@@QAE@XZ   0400645c f i LIBCMT:output.obj
 0001:0000546a       ?GetLocaleT@_LocaleUpdate@@QAEPAUlocaleinfo_struct@@XZ 0400646a f i LIBCMT:output.obj
 0001:0000546d       __output_l                 0400646d f   LIBCMT:output.obj
 0001:00005fed       _get_int64_arg             04006fed f i LIBCMT:output.obj
 0001:00006000       _get_int_arg               04007000 f i LIBCMT:output.obj
 0001:00006010       _get_short_arg             04007010 f i LIBCMT:output.obj
 0001:0000610d       ___doserrno                0400710d f   LIBCMT:dosmap.obj
 0001:00006120       __dosmaperr                04007120 f   LIBCMT:dosmap.obj
 0001:00006141       __errno                    04007141 f   LIBCMT:dosmap.obj
 0001:00006154       __get_doserrno             04007154 f   LIBCMT:dosmap.obj
 0001:00006177       __get_errno                04007177 f   LIBCMT:dosmap.obj
 0001:0000619a       __get_errno_from_oserr     0400719a f   LIBCMT:dosmap.obj
 0001:000061db       __set_doserrno             040071db f   LIBCMT:dosmap.obj
 0001:000061fa       __set_errno                040071fa f   LIBCMT:dosmap.obj
 0001:00006220       __CIsqrt                   04007220 f   LIBCMT:sqrt.obj
 0001:00006234       _sqrt                      04007234     LIBCMT:sqrt.obj
 0001:000062da       __add_exp                  040072da f   LIBCMT:util.obj
 0001:00006309       __decomp                   04007309 f   LIBCMT:util.obj
 0001:000063db       __get_exp                  040073db f   LIBCMT:util.obj
 0001:000063f4       __set_bexp                 040073f4 f   LIBCMT:util.obj
 0001:0000641d       __set_exp                  0400741d f   LIBCMT:util.obj
 0001:0000644c       __sptype                   0400744c f   LIBCMT:util.obj
 0001:000064a7       __errcode                  040074a7 f   LIBCMT:fpexcept.obj
 0001:000064d9       __except1                  040074d9 f   LIBCMT:fpexcept.obj
 0001:000065a1       __except2                  040075a1 f   LIBCMT:fpexcept.obj
 0001:000066a1       __handle_exc               040076a1 f   LIBCMT:fpexcept.obj
 0001:0000687f       __handle_qnan1             0400787f f   LIBCMT:fpexcept.obj
 0001:000068cf       __handle_qnan2             040078cf f   LIBCMT:fpexcept.obj
 0001:0000692f       __raise_exc                0400792f f   LIBCMT:fpexcept.obj
 0001:00006950       __raise_exc_ex             04007950 f   LIBCMT:fpexcept.obj
 0001:00006c35       __raise_excf               04007c35 f   LIBCMT:fpexcept.obj
 0001:00006c56       __set_errno_from_matherr   04007c56 f   LIBCMT:fpexcept.obj
 0001:00006c83       __umatherr                 04007c83 f   LIBCMT:fpexcept.obj
 0001:00006d23       ___clrfp_sse2              04007d23 f   LIBCMT:fpctrl.obj
 0001:00006d44       ___ctrlfp_sse2             04007d44 f   LIBCMT:fpctrl.obj
 0001:00006d7d       ___fclrf_sse2              04007d7d f   LIBCMT:fpctrl.obj
 0001:00006d9a       ___get_fpsr_sse2           04007d9a f   LIBCMT:fpctrl.obj
 0001:00006db6       ___set_fpsr_sse2           04007db6 f   LIBCMT:fpctrl.obj
 0001:00006e2c       ___set_statfp_sse2         04007e2c f   LIBCMT:fpctrl.obj
 0001:00006e45       ___statfp_sse2             04007e45 f   LIBCMT:fpctrl.obj
 0001:00006e5a       __clrfp                    04007e5a f   LIBCMT:fpctrl.obj
 0001:00006e6b       __ctrlfp                   04007e6b f   LIBCMT:fpctrl.obj
 0001:00006e96       __set_statfp               04007e96 f   LIBCMT:fpctrl.obj
 0001:00006eee       __statfp                   04007eee f   LIBCMT:fpctrl.obj
 0001:00006efe       ___get_flsindex            04007efe f   LIBCMT:tidtable.obj
 0001:00006f04       ___threadhandle            04007f04 f   LIBCMT:tidtable.obj
 0001:00006f0a       ___threadid                04007f0a f   LIBCMT:tidtable.obj
 0001:00006f10       __freefls@4                04007f10 f   LIBCMT:tidtable.obj
 0001:00007045       __freeptd                  04008045 f   LIBCMT:tidtable.obj
 0001:0000707b       __getptd                   0400807b f   LIBCMT:tidtable.obj
 0001:00007093       __getptd_noexit            04008093 f   LIBCMT:tidtable.obj
 0001:00007102       __initptd                  04008102 f   LIBCMT:tidtable.obj
 0001:000071b5       __mtinit                   040081b5 f   LIBCMT:tidtable.obj
 0001:0000722b       __mtterm                   0400822b f   LIBCMT:tidtable.obj
 0001:00007250       __CallSettingFrame@12      04008250 f   LIBCMT:lowhelpr.obj
 0001:00007277       __NLG_Return               04008277     LIBCMT:lowhelpr.obj
 0001:0000729c       ?_inconsistency@@YAXXZ     0400829c f   LIBCMT:hooks.obj
 0001:000072d4       ?terminate@@YAXXZ          040082d4 f   LIBCMT:hooks.obj
 0001:00007308       ?unexpected@@YAXXZ         04008308 f   LIBCMT:hooks.obj
 0001:0000731b       __initp_eh_hooks           0400831b f   LIBCMT:hooks.obj
 0001:0000732c       ___DestructExceptionObject 0400832c f   LIBCMT:frame.obj
 0001:000073b7       ??0bad_exception@std@@QAE@ABV01@@Z 040083b7 f i LIBCMT:frame.obj
 0001:000073d2       ??0bad_exception@std@@QAE@PBD@Z 040083d2 f i LIBCMT:frame.obj
 0001:000073ee       ??1bad_exception@std@@UAE@XZ 040083ee f i LIBCMT:frame.obj
 0001:000073f9       ??_Gbad_exception@std@@UAEPAXI@Z 040083f9 f i LIBCMT:frame.obj
 0001:000073f9       ??_Ebad_exception@std@@UAEPAXI@Z 040083f9 f i LIBCMT:frame.obj
 0001:00007c66       ?__uncaught_exception@@YA_NXZ 04008c66 f   LIBCMT:frame.obj
 0001:00007c77       ?_is_exception_typeof@@YAHABVtype_info@@PAU_EXCEPTION_POINTERS@@@Z 04008c77 f   LIBCMT:frame.obj
 0001:00007cfe       __SetWinRTOutOfMemoryExceptionCallback 04008cfe f   LIBCMT:frame.obj
 0001:00007d0b       ___AdjustPointer           04008d0b f   LIBCMT:frame.obj
 0001:00007d30       ___BuildCatchObject        04008d30 f   LIBCMT:frame.obj
 0001:00007dbe       ___BuildCatchObjectHelper  04008dbe f   LIBCMT:frame.obj
 0001:00007f80       ___CxxDetectRethrow        04008f80 f   LIBCMT:frame.obj
 0001:00007fcf       ___CxxExceptionFilter      04008fcf f   LIBCMT:frame.obj
 0001:00008129       ___CxxQueryExceptionSize   04009129 f   LIBCMT:frame.obj
 0001:0000812d       ___CxxRegisterExceptionObject 0400912d f   LIBCMT:frame.obj
 0001:000081e4       ___CxxUnregisterExceptionObject 040091e4 f   LIBCMT:frame.obj
 0001:00008321       ___FrameUnwindFilter       04009321 f   LIBCMT:frame.obj
 0001:0000836f       ___FrameUnwindToState      0400936f f   LIBCMT:frame.obj
 0001:00008448       ___GetPlatformExceptionInfo 04009448 f   LIBCMT:frame.obj
 0001:0000849d       ___InternalCxxFrameHandler 0400949d f   LIBCMT:frame.obj
 0001:0000857e       ___TypeMatch               0400957e f   LIBCMT:frame.obj
 0001:000085f0       _strcmp                    040095f0 f   LIBCMT:strcmp.obj
 0001:0000867c       ?_Name_base@type_info@@CAPBDPBV1@PAU__type_info_node@@@Z 0400967c f   LIBCMT:typname.obj
 0001:0000876d       ?_Name_base_internal@type_info@@CAPBDPBV1@PAU__type_info_node@@@Z 0400976d f   LIBCMT:typname.obj
 0001:00008877       ?_Type_info_dtor@type_info@@CAXPAV1@@Z 04009877 f   LIBCMT:typname.obj
 0001:000088e8       ?_Type_info_dtor_internal@type_info@@CAXPAV1@@Z 040098e8 f   LIBCMT:typname.obj
 0001:00008959       ___clean_type_info_names_internal 04009959 f   LIBCMT:typname.obj
 0001:000089ac       ___unDNameHelper           040099ac f   LIBCMT:typname.obj
 0001:000089da       ?strrchr@@YAPADPADH@Z      040099da f i LIBCMT:cvt.obj
 0001:000089e3       __cfltcvt                  040099e3 f   LIBCMT:cvt.obj
 0001:00008a04       __cfltcvt_l                04009a04 f   LIBCMT:cvt.obj
 0001:00008a8a       __cftoa                    04009a8a f   LIBCMT:cvt.obj
 0001:00008aa8       __cftoa_l                  04009aa8 f   LIBCMT:cvt.obj
 0001:00008e04       __cftoe                    04009e04 f   LIBCMT:cvt.obj
 0001:00008f73       __cftoe_l                  04009f73 f   LIBCMT:cvt.obj
 0001:00009041       __cftof                    0400a041 f   LIBCMT:cvt.obj
 0001:00009148       __cftof_l                  0400a148 f   LIBCMT:cvt.obj
 0001:00009209       __cftog                    0400a209 f   LIBCMT:cvt.obj
 0001:00009227       __cftog_l                  0400a227 f   LIBCMT:cvt.obj
 0001:00009326       __cropzeros                0400a326 f   LIBCMT:cvt.obj
 0001:00009337       __cropzeros_l              0400a337 f   LIBCMT:cvt.obj
 0001:000093b7       __fassign                  0400a3b7 f   LIBCMT:cvt.obj
 0001:000093cf       __fassign_l                0400a3cf f   LIBCMT:cvt.obj
 0001:00009411       __forcdecpt                0400a411 f   LIBCMT:cvt.obj
 0001:00009422       __forcdecpt_l              0400a422 f   LIBCMT:cvt.obj
 0001:00009496       __positive                 0400a496 f   LIBCMT:cvt.obj
 0001:000094d8       __setdefaultprecision      0400a4d8 f   LIBCMT:fp8.obj
 0001:000094ff       __initp_misc_cfltcvt_tab   0400a4ff f   LIBCMT:cmiscdat.obj
 0001:0000951e       __XcptFilter               0400a51e f   LIBCMT:winxfltr.obj
 0001:00009679       ___CppXcptFilter           0400a679 f   LIBCMT:winxfltr.obj
 0001:000096cb       __get_heap_handle          0400a6cb f   LIBCMT:heapinit.obj
 0001:000096d1       __heap_init                0400a6d1 f   LIBCMT:heapinit.obj
 0001:000096e6       __heap_term                0400a6e6 f   LIBCMT:heapinit.obj
 0001:000096ee       __ioinit                   0400a6ee f   LIBCMT:ioinit.obj
 0001:000099a2       __ioterm                   0400a9a2 f   LIBCMT:ioinit.obj
 0001:000099f4       __set_pgmptr               0400a9f4 f i LIBCMT:stdargv.obj
 0001:00009a01       __setargv                  0400aa01 f   LIBCMT:stdargv.obj
 0001:00009c30       __setenvp                  0400ac30 f   LIBCMT:stdenvp.obj
 0001:00009d11       ___security_init_cookie    0400ad11 f   LIBCMT:gs_support.obj
 0001:00009dad       ___crtGetEnvironmentStringsA 0400adad f   LIBCMT:a_env.obj
 0001:00009e67       ___crtCloseThreadpoolTimer 0400ae67 f   LIBCMT:winapisupp.obj
 0001:00009e7e       ___crtCloseThreadpoolWait  0400ae7e f   LIBCMT:winapisupp.obj
 0001:00009e95       ___crtCreateEventExW       0400ae95 f   LIBCMT:winapisupp.obj
 0001:00009ed0       ___crtCreateSemaphoreExW   0400aed0 f   LIBCMT:winapisupp.obj
 0001:00009f0a       ___crtCreateSymbolicLinkW  0400af0a f   LIBCMT:winapisupp.obj
 0001:00009f33       ___crtCreateThreadpoolTimer 0400af33 f   LIBCMT:winapisupp.obj
 0001:00009f54       ___crtCreateThreadpoolWait 0400af54 f   LIBCMT:winapisupp.obj
 0001:00009f75       ___crtFlsAlloc             0400af75 f   LIBCMT:winapisupp.obj
 0001:00009f93       ___crtFlsFree              0400af93 f   LIBCMT:winapisupp.obj
 0001:00009fb2       ___crtFlsGetValue          0400afb2 f   LIBCMT:winapisupp.obj
 0001:00009fd1       ___crtFlsSetValue          0400afd1 f   LIBCMT:winapisupp.obj
 0001:00009ff3       ___crtFlushProcessWriteBuffers 0400aff3 f   LIBCMT:winapisupp.obj
 0001:0000a003       ___crtFreeLibraryWhenCallbackReturns 0400b003 f   LIBCMT:winapisupp.obj
 0001:0000a01d       ___crtGetCurrentProcessorNumber 0400b01d f   LIBCMT:winapisupp.obj
 0001:0000a02f       ___crtGetFileInformationByHandleEx 0400b02f f   LIBCMT:winapisupp.obj
 0001:0000a05b       ___crtGetLogicalProcessorInformation 0400b05b f   LIBCMT:winapisupp.obj
 0001:0000a081       ___crtGetShowWindowMode    0400b081 f   LIBCMT:winapisupp.obj
 0001:0000a0a4       ___crtGetTickCount64       0400b0a4 f   LIBCMT:winapisupp.obj
 0001:0000a0bc       ___crtInitializeCriticalSectionEx 0400b0bc f   LIBCMT:winapisupp.obj
 0001:0000a0ea       ___crtIsPackagedApp        0400b0ea f   LIBCMT:winapisupp.obj
 0001:0000a12a       ___crtLoadWinApiPointers   0400b12a f   LIBCMT:winapisupp.obj
 0001:0000a3b5       ___crtSetFileInformationByHandle 0400b3b5 f   LIBCMT:winapisupp.obj
 0001:0000a3e1       ___crtSetThreadStackGuarantee 0400b3e1 f   LIBCMT:winapisupp.obj
 0001:0000a3fc       ___crtSetThreadpoolTimer   0400b3fc f   LIBCMT:winapisupp.obj
 0001:0000a41c       ___crtSetThreadpoolWait    0400b41c f   LIBCMT:winapisupp.obj
 0001:0000a439       ___crtSetUnhandledExceptionFilter 0400b439 f   LIBCMT:winapisupp.obj
 0001:0000a447       ___crtSleep                0400b447 f   LIBCMT:winapisupp.obj
 0001:0000a455       ___crtTerminateProcess     0400b455 f   LIBCMT:winapisupp.obj
 0001:0000a46a       ___crtUnhandledException   0400b46a f   LIBCMT:winapisupp.obj
 0001:0000a480       ___crtWaitForThreadpoolTimerCallbacks 0400b480 f   LIBCMT:winapisupp.obj
 0001:0000a49a       __RTC_Initialize           0400b49a f   LIBCMT:initsect.obj
 0001:0000a4ba       __RTC_Terminate            0400b4ba f   LIBCMT:initsect.obj
 0001:0000a4da       _strcpy_s                  0400b4da f   LIBCMT:strcpy_s.obj
 0001:0000a52f       ___raise_securityfailure   0400b52f f   LIBCMT:gs_report.obj
 0001:0000a56c       ___report_gsfailure        0400b56c f   LIBCMT:gs_report.obj
 0001:0000a667       ___report_rangecheckfailure 0400b667 f   LIBCMT:gs_report.obj
 0001:0000a673       ___report_securityfailure  0400b673 f   LIBCMT:gs_report.obj
 0001:0000a743       ___report_securityfailureEx 0400b743 f   LIBCMT:gs_report.obj
 0001:0000a859       ___fpecode                 0400b859 f   LIBCMT:winsig.obj
 0001:0000a862       ___get_sigabrt             0400b862 f   LIBCMT:winsig.obj
 0001:0000a86f       ___pxcptinfoptrs           0400b86f f   LIBCMT:winsig.obj
 0001:0000a878       __initp_misc_winsig        0400b878 f   LIBCMT:winsig.obj
 0001:0000a939       _raise                     0400b939 f   LIBCMT:winsig.obj
 0001:0000ab2e       _signal                    0400bb2e f   LIBCMT:winsig.obj
 0001:0000ad85       _strncpy_s                 0400bd85 f   LIBCMT:strncpy_s.obj
 0001:0000af0d       __MallocaIsSizeInRange     0400bf0d f i LIBCMT:a_loc.obj
 0001:0000af1e       __MarkAllocaS              0400bf1e f i LIBCMT:a_loc.obj
 0001:0000af32       ___crtGetLocaleInfoA       0400bf32 f   LIBCMT:a_loc.obj
 0001:0000af6c       __freea                    0400bf6c f i LIBCMT:a_loc.obj
 0001:0000af8a       _GetTableIndexFromLcid     0400bf8a f   LIBCMT:winapinls.obj
 0001:0000afbf       _GetTableIndexFromLocaleName 0400bfbf f   LIBCMT:winapinls.obj
 0001:0000b00d       ___crtCompareStringEx      0400c00d f   LIBCMT:winapinls.obj
 0001:0000b059       ___crtDownlevelLCIDToLocaleName 0400c059 f   LIBCMT:winapinls.obj
 0001:0000b0d5       ___crtDownlevelLocaleNameToLCID 0400c0d5 f   LIBCMT:winapinls.obj
 0001:0000b113       ___crtEnumSystemLocalesEx  0400c113 f   LIBCMT:winapinls.obj
 0001:0000b150       ___crtGetDateFormatEx      0400c150 f   LIBCMT:winapinls.obj
 0001:0000b199       ___crtGetLocaleInfoEx      0400c199 f   LIBCMT:winapinls.obj
 0001:0000b1c8       ___crtGetTimeFormatEx      0400c1c8 f   LIBCMT:winapinls.obj
 0001:0000b1fd       ___crtGetUserDefaultLocaleName 0400c1fd f   LIBCMT:winapinls.obj
 0001:0000b228       ___crtIsValidLocaleName    0400c228 f   LIBCMT:winapinls.obj
 0001:0000b253       ___crtLCMapStringEx        0400c253 f   LIBCMT:winapinls.obj
 0001:0000b29f       ___wcsnicmp_ascii          0400c29f f   LIBCMT:winapinls.obj
 0001:0000b30d       __FF_MSGBANNER             0400c30d f   LIBCMT:crt0msg.obj
 0001:0000b346       __GET_RTERRMSG             0400c346 f   LIBCMT:crt0msg.obj
 0001:0000b36a       __NMSG_WRITE               0400c36a f   LIBCMT:crt0msg.obj
 0001:0000b527       __lock                     0400c527 f   LIBCMT:mlock.obj
 0001:0000b55b       __lockerr_exit             0400c55b f   LIBCMT:mlock.obj
 0001:0000b57b       __mtdeletelocks            0400c57b f   LIBCMT:mlock.obj
 0001:0000b5cf       __mtinitlocknum            0400c5cf f   LIBCMT:mlock.obj
 0001:0000b678       __mtinitlocks              0400c678 f   LIBCMT:mlock.obj
 0001:0000b6b1       __unlock                   0400c6b1 f   LIBCMT:mlock.obj
 0001:0000b6d0       __FindPESection            0400c6d0 f   LIBCMT:pesect.obj
 0001:0000b720       __IsNonwritableInCurrentImage 0400c720 f   LIBCMT:pesect.obj
 0001:0000b7e0       __ValidateImageBase        0400c7e0 f   LIBCMT:pesect.obj
 0001:0000b811       __initp_misc_rand_s        0400c811 f   LIBCMT:rand_s.obj
 0001:0000b81e       _rand_s                    0400c81e f   LIBCMT:rand_s.obj
 0001:0000b924       ___initmbctable            0400c924 f   LIBCMT:mbctype.obj
 0001:0000bbdb       ___updatetmbcinfo          0400cbdb f   LIBCMT:mbctype.obj
 0001:0000bc81       __getmbcp                  0400cc81 f   LIBCMT:mbctype.obj
 0001:0000bcb2       __setmbcp                  0400ccb2 f   LIBCMT:mbctype.obj
 0001:0000be5a       __setmbcp_nolock           0400ce5a f   LIBCMT:mbctype.obj
 0001:0000c045       __ftbuf                    0400d045 f   LIBCMT:_sftbuf.obj
 0001:0000c076       __stbuf                    0400d076 f   LIBCMT:_sftbuf.obj
 0001:0000c11c       _realloc                   0400d11c f   LIBCMT:realloc.obj
 0001:0000c1c7       __recalloc                 0400d1c7 f   LIBCMT:recalloc.obj
 0001:0000c230       __calloc_impl              0400d230 f   LIBCMT:calloc_impl.obj
 0001:0000c2b0       __local_unwind4            0400d2b0 f   LIBCMT:exsup4.obj
 0001:0000c386       __seh_longjmp_unwind4@4    0400d386 f   LIBCMT:exsup4.obj
 0001:0000c3a2       @_EH4_CallFilterFunc@8     0400d3a2 f   LIBCMT:exsup4.obj
 0001:0000c3b9       @_EH4_TransferToHandler@8  0400d3b9 f   LIBCMT:exsup4.obj
 0001:0000c3d2       @_EH4_GlobalUnwind2@8      0400d3d2 f   LIBCMT:exsup4.obj
 0001:0000c3eb       @_EH4_LocalUnwind@16       0400d3eb f   LIBCMT:exsup4.obj
 0001:0000c402       __crt_debugger_hook        0400d402 f   LIBCMT:dbghook.obj
 0001:0000c410       _memset                    0400d410 f   LIBCMT:memset.obj
 0001:0000c4a0       ___initstdio               0400d4a0 f   LIBCMT:_file.obj
 0001:0000c513       ___endstdio                0400d513 f   LIBCMT:_file.obj
 0001:0000c53a       ___iob_func                0400d53a f   LIBCMT:_file.obj
 0001:0000c540       __lock_file                0400d540 f   LIBCMT:_file.obj
 0001:0000c57f       __lock_file2               0400d57f f   LIBCMT:_file.obj
 0001:0000c5af       __unlock_file              0400d5af f   LIBCMT:_file.obj
 0001:0000c5e9       __unlock_file2             0400d5e9 f   LIBCMT:_file.obj
 0001:0000c616       __fileno                   0400d616 f   LIBCMT:fileno.obj
 0001:0000c63a       __isatty                   0400d63a f   LIBCMT:isatty.obj
 0001:0000c68e       __write                    0400d68e f   LIBCMT:write.obj
 0001:0000c77d       __write_nolock             0400d77d f   LIBCMT:write.obj
 0001:0000cfe2       __lseeki64                 0400dfe2 f   LIBCMT:lseeki64.obj
 0001:0000d0de       __lseeki64_nolock          0400e0de f   LIBCMT:lseeki64.obj
 0001:0000d151       __getbuf                   0400e151 f   LIBCMT:_getbuf.obj
 0001:0000d197       __output_p_l               0400e197 f   LIBCMT:outputp.obj
 0001:0000e4cf       __validate_param_reuseA    0400f4cf f   LIBCMT:outputp.obj
 0001:0000e605       _get_crtdouble_arg         0400f605 f i LIBCMT:outputp.obj
 0001:0000e704       __output_s_l               0400f704 f   LIBCMT:outputs.obj
 0001:0000f38c       ___addlocaleref            0401038c f   LIBCMT:localref.obj
 0001:0000f421       ___freetlocinfo            04010421 f   LIBCMT:localref.obj
 0001:0000f57b       ___removelocaleref         0401057b f   LIBCMT:localref.obj
 0001:0000f61b       ___updatetlocinfo          0401061b f   LIBCMT:localref.obj
 0001:0000f69b       __updatetlocinfoEx_nolock  0401069b f   LIBCMT:localref.obj
 0001:0000f6e6       ___iswcsym                 040106e6 f i LIBCMT:_wctype.obj
 0001:0000f70a       ___iswcsymf                0401070a f i LIBCMT:_wctype.obj
 0001:0000f72e       __isleadbyte_l             0401072e f i LIBCMT:_wctype.obj
 0001:0000f768       __iswalnum_l               04010768 f i LIBCMT:_wctype.obj
 0001:0000f77c       __iswalpha_l               0401077c f i LIBCMT:_wctype.obj
 0001:0000f790       __iswblank_l               04010790 f i LIBCMT:_wctype.obj
 0001:0000f7ab       __iswcntrl_l               040107ab f i LIBCMT:_wctype.obj
 0001:0000f7bc       __iswcsym_l                040107bc f i LIBCMT:_wctype.obj
 0001:0000f7e0       __iswcsymf_l               040107e0 f i LIBCMT:_wctype.obj
 0001:0000f804       __iswdigit_l               04010804 f i LIBCMT:_wctype.obj
 0001:0000f815       __iswgraph_l               04010815 f i LIBCMT:_wctype.obj
 0001:0000f829       __iswlower_l               04010829 f i LIBCMT:_wctype.obj
 0001:0000f83a       __iswprint_l               0401083a f i LIBCMT:_wctype.obj
 0001:0000f84e       __iswpunct_l               0401084e f i LIBCMT:_wctype.obj
 0001:0000f85f       __iswspace_l               0401085f f i LIBCMT:_wctype.obj
 0001:0000f870       __iswupper_l               04010870 f i LIBCMT:_wctype.obj
 0001:0000f881       __iswxdigit_l              04010881 f i LIBCMT:_wctype.obj
 0001:0000f895       _isleadbyte                04010895 f i LIBCMT:_wctype.obj
 0001:0000f8a6       _iswalnum                  040108a6 f i LIBCMT:_wctype.obj
 0001:0000f8ba       _iswalpha                  040108ba f i LIBCMT:_wctype.obj
 0001:0000f8ce       _iswascii                  040108ce f i LIBCMT:_wctype.obj
 0001:0000f8e0       _iswblank                  040108e0 f i LIBCMT:_wctype.obj
 0001:0000f8fb       _iswcntrl                  040108fb f i LIBCMT:_wctype.obj
 0001:0000f90c       _iswdigit                  0401090c f i LIBCMT:_wctype.obj
 0001:0000f91d       _iswgraph                  0401091d f i LIBCMT:_wctype.obj
 0001:0000f931       _iswlower                  04010931 f i LIBCMT:_wctype.obj
 0001:0000f942       _iswprint                  04010942 f i LIBCMT:_wctype.obj
 0001:0000f956       _iswpunct                  04010956 f i LIBCMT:_wctype.obj
 0001:0000f967       _iswspace                  04010967 f i LIBCMT:_wctype.obj
 0001:0000f978       _iswupper                  04010978 f i LIBCMT:_wctype.obj
 0001:0000f989       _iswxdigit                 04010989 f i LIBCMT:_wctype.obj
 0001:0000f99d       __get_printf_count_output  0401099d f   LIBCMT:printf.obj
 0001:0000f9b2       __printf_l                 040109b2 f   LIBCMT:printf.obj
 0001:0000f9c9       __printf_p                 040109c9 f   LIBCMT:printf.obj
 0001:0000f9df       __printf_p_l               040109df f   LIBCMT:printf.obj
 0001:0000f9f6       __printf_s_l               040109f6 f   LIBCMT:printf.obj
 0001:0000fa0d       __set_printf_count_output  04010a0d f   LIBCMT:printf.obj
 0001:0000fa35       _printf                    04010a35 f   LIBCMT:printf.obj
 0001:0000fae4       _printf_s                  04010ae4 f   LIBCMT:printf.obj
 0001:0000fafa       __wctomb_l                 04010afa f   LIBCMT:wctomb.obj
 0001:0000fb49       __wctomb_s_l               04010b49 f   LIBCMT:wctomb.obj
 0001:0000fc6d       _wctomb                    04010c6d f   LIBCMT:wctomb.obj
 0001:0000fca0       _wctomb_s                  04010ca0 f   LIBCMT:wctomb.obj
 0001:0000fcc0       __aulldvrm                 04010cc0 f   LIBCMT:ulldvrm.obj
 0001:0000fd60       __trandisp1                04010d60 f   LIBCMT:87disp.obj
 0001:0000fdc7       __trandisp2                04010dc7 f   LIBCMT:87disp.obj
 0001:0000fe53       __rttospopde               04010e53     LIBCMT:87disp.obj
 0001:0000fe58       __rttospop                 04010e58     LIBCMT:87disp.obj
 0001:0000fe5a       __rtnospop                 04010e5a     LIBCMT:87disp.obj
 0001:0000fe5c       __rttosnpop                04010e5c     LIBCMT:87disp.obj
 0001:0000fe5d       __rtnospopde               04010e5d     LIBCMT:87disp.obj
 0001:0000fe64       __rtzeropop                04010e64     LIBCMT:87disp.obj
 0001:0000fe66       __rtzeronpop               04010e66     LIBCMT:87disp.obj
 0001:0000fe6b       __rtonepop                 04010e6b     LIBCMT:87disp.obj
 0001:0000fe6d       __rtonenpop                04010e6d     LIBCMT:87disp.obj
 0001:0000fe72       __tosnan1                  04010e72     LIBCMT:87disp.obj
 0001:0000fe9d       __nosnan2                  04010e9d     LIBCMT:87disp.obj
 0001:0000fe9f       __tosnan2                  04010e9f     LIBCMT:87disp.obj
 0001:0000fec7       __nan2                     04010ec7     LIBCMT:87disp.obj
 0001:0000ff06       __rtindfpop                04010f06     LIBCMT:87disp.obj
 0001:0000ff08       __rtindfnpop               04010f08     LIBCMT:87disp.obj
 0001:0000ff19       __rttosnpopde              04010f19     LIBCMT:87disp.obj
 0001:0000ff23       __rtchsifneg               04010f23     LIBCMT:87disp.obj
 0001:0000ff30       __startTwoArgErrorHandling 04010f30 f   LIBCMT:genexcep.obj
 0001:0000ff47       __startOneArgErrorHandling 04010f47 f   LIBCMT:genexcep.obj
 0001:0000ff90       __twoToTOS                 04010f90 f   LIBCMT:common.obj
 0001:0000ffa5       __load_CW                  04010fa5 f   LIBCMT:common.obj
 0001:0000ffbc       __convertTOStoQNaN         04010fbc f   LIBCMT:common.obj
 0001:0000ffd5       __fload_withFB             04010fd5 f   LIBCMT:common.obj
 0001:00010018       __checkTOS_withFB          04011018 f   LIBCMT:common.obj
 0001:0001002e       __fast_exit                0401102e f   LIBCMT:common.obj
 0001:0001003b       __math_exit                0401103b f   LIBCMT:common.obj
 0001:00010065       __check_overflow_exit      04011065 f   LIBCMT:common.obj
 0001:00010079       __check_range_exit         04011079 f   LIBCMT:common.obj
 0001:0001011c       __matherr                  0401111c f   LIBCMT:matherr.obj
 0001:00010120       __global_unwind2           04011120 f   LIBCMT:exsup.obj
 0001:00010185       __local_unwind2            04011185 f   LIBCMT:exsup.obj
 0001:00010209       __abnormal_termination     04011209 f   LIBCMT:exsup.obj
 0001:0001022c       __NLG_Notify1              0401122c f   LIBCMT:exsup.obj
 0001:00010235       __NLG_Notify               04011235 f   LIBCMT:exsup.obj
 0001:0001024c       __NLG_Dispatch2            0401124c     LIBCMT:exsup.obj
 0001:0001024c       __NLG_Dispatch             0401124c     LIBCMT:exsup.obj
 0001:00010254       __NLG_Call                 04011254 f   LIBCMT:exsup.obj
 0001:00010256       __NLG_Return2              04011256     LIBCMT:exsup.obj
 0001:00010257       ?_ValidateExecute@@YAHP6GHXZ@Z 04011257 f   LIBCMT:validate.obj
 0001:00010266       ?_ValidateRead@@YAHPBXI@Z  04011266 f   LIBCMT:validate.obj
 0001:00010275       ?_ValidateWrite@@YAHPAXI@Z 04011275 f   LIBCMT:validate.obj
 0001:00010284       ??0Block@_HeapManager@@QAE@XZ 04011284 f i LIBCMT:undname.obj
 0001:0001028a       ??0DName@@QAE@AAPBDD@Z     0401128a f   LIBCMT:undname.obj
 0001:00010343       ??0DName@@QAE@ABV0@@Z      04011343 f i LIBCMT:undname.obj
 0001:00010359       ??0DName@@QAE@D@Z          04011359 f   LIBCMT:undname.obj
 0001:00010385       ??0DName@@QAE@PAV0@@Z      04011385 f   LIBCMT:undname.obj
 0001:000103d2       ??0DName@@QAE@PBD@Z        040113d2 f   LIBCMT:undname.obj
 0001:0001040c       ??0DName@@QAE@W4DNameStatus@@@Z 0401140c f   LIBCMT:undname.obj
 0001:0001044f       ??0DName@@QAE@XZ           0401144f f i LIBCMT:undname.obj
 0001:00010460       ??0DName@@QAE@_J@Z         04011460 f   LIBCMT:undname.obj
 0001:000104f3       ??0DName@@QAE@_K@Z         040114f3 f   LIBCMT:undname.obj
 0001:00010560       ??0DNameNode@@IAE@XZ       04011560 f   LIBCMT:undname.obj
 0001:00010569       ??0DNameStatusNode@@AAE@W4DNameStatus@@@Z 04011569 f   LIBCMT:undname.obj
 0001:0001058c       ??0Replicator@@QAE@XZ      0401158c f i LIBCMT:undname.obj
 0001:00010592       ??0UnDecorator@@QAE@PADPBDHP6APADJ@ZK@Z 04011592 f i LIBCMT:undname.obj
 0001:000105fb       ??0charNode@@QAE@D@Z       040115fb f   LIBCMT:undname.obj
 0001:00010610       ??0pDNameNode@@QAE@PAVDName@@@Z 04011610 f   LIBCMT:undname.obj
 0001:00010638       ??0pairNode@@QAE@PAVDNameNode@@0@Z 04011638 f   LIBCMT:undname.obj
 0001:00010657       ??0pcharNode@@QAE@PBDH@Z   04011657 f   LIBCMT:undname.obj
 0001:000106ae       ??2@YAPAXIAAV_HeapManager@@H@Z 040116ae f i LIBCMT:undname.obj
 0001:000106c3       ??4DName@@QAEAAV0@ABV0@@Z  040116c3 f   LIBCMT:undname.obj
 0001:000106d9       ??4DName@@QAEAAV0@D@Z      040116d9 f i LIBCMT:undname.obj
 0001:00010705       ??4DName@@QAEAAV0@PAV0@@Z  04011705 f   LIBCMT:undname.obj
 0001:0001074e       ??4DName@@QAEAAV0@PBD@Z    0401174e f   LIBCMT:undname.obj
 0001:00010780       ??4DName@@QAEAAV0@W4DNameStatus@@@Z 04011780 f   LIBCMT:undname.obj
 0001:000107b5       ??AReplicator@@QBE?AVDName@@H@Z 040117b5 f   LIBCMT:undname.obj
 0001:000107f1       ??BUnDecorator@@QAEPADXZ   040117f1 f i LIBCMT:undname.obj
 0001:00010970       ??H@YA?AVDName@@DABV0@@Z   04011970 f i LIBCMT:undname.obj
 0001:00010994       ??H@YA?AVDName@@PBDABV0@@Z 04011994 f i LIBCMT:undname.obj
 0001:000109b8       ??H@YA?AVDName@@W4DNameStatus@@ABV0@@Z 040119b8 f i LIBCMT:undname.obj
 0001:000109dc       ??HDName@@QBE?AV0@ABV0@@Z  040119dc f   LIBCMT:undname.obj
 0001:000109fe       ??HDName@@QBE?AV0@D@Z      040119fe f   LIBCMT:undname.obj
 0001:00010a20       ??HDName@@QBE?AV0@PAV0@@Z  04011a20 f   LIBCMT:undname.obj
 0001:00010a42       ??HDName@@QBE?AV0@PBD@Z    04011a42 f   LIBCMT:undname.obj
 0001:00010a64       ??HDName@@QBE?AV0@W4DNameStatus@@@Z 04011a64 f   LIBCMT:undname.obj
 0001:00010a86       ??YDName@@QAEAAV0@ABV0@@Z  04011a86 f   LIBCMT:undname.obj
 0001:00010ac9       ??YDName@@QAEAAV0@D@Z      04011ac9 f   LIBCMT:undname.obj
 0001:00010b19       ??YDName@@QAEAAV0@PAV0@@Z  04011b19 f   LIBCMT:undname.obj
 0001:00010b7e       ??YDName@@QAEAAV0@PBD@Z    04011b7e f   LIBCMT:undname.obj
 0001:00010bdf       ??YDName@@QAEAAV0@W4DNameStatus@@@Z 04011bdf f   LIBCMT:undname.obj
 0001:00010c1f       ??YReplicator@@QAEAAV0@ABVDName@@@Z 04011c1f f   LIBCMT:undname.obj
 0001:00010c69       ??_5DName@@QAEAAV0@ABV0@@Z 04011c69 f   LIBCMT:undname.obj
 0001:00010c85       ?Constructor@_HeapManager@@QAEXP6APAXI@ZP6AXPAX@Z@Z 04011c85 f i LIBCMT:undname.obj
 0001:00010ca2       ?Destructor@_HeapManager@@QAEXXZ 04011ca2 f i LIBCMT:undname.obj
 0001:00010cc8       ?UScore@UnDecorator@@SAPBDW4Tokens@@@Z 04011cc8 f   LIBCMT:undname.obj
 0001:00010ce5       ?append@DName@@AAEXPAVDNameNode@@@Z 04011ce5 f   LIBCMT:undname.obj
 0001:00010d2b       ?composeDeclaration@UnDecorator@@CA?AVDName@@ABV2@@Z 04011d2b f i LIBCMT:undname.obj
 0001:00011a61       ?doAccessSpecifiers@UnDecorator@@SAHXZ 04012a61 f i LIBCMT:undname.obj
 0001:00011a6f       ?doAllocationLanguage@UnDecorator@@SAHXZ 04012a6f f i LIBCMT:undname.obj
 0001:00011a7d       ?doAllocationModel@UnDecorator@@SAHXZ 04012a7d f i LIBCMT:undname.obj
 0001:00011a8b       ?doEcsu@UnDecorator@@SAHXZ 04012a8b f i LIBCMT:undname.obj
 0001:00011a99       ?doEllipsis@UnDecorator@@SAHXZ 04012a99 f i LIBCMT:undname.obj
 0001:00011aa7       ?doFunctionReturns@UnDecorator@@SAHXZ 04012aa7 f i LIBCMT:undname.obj
 0001:00011ab5       ?doMSKeywords@UnDecorator@@SAHXZ 04012ab5 f i LIBCMT:undname.obj
 0001:00011ac2       ?doMemberTypes@UnDecorator@@SAHXZ 04012ac2 f i LIBCMT:undname.obj
 0001:00011ad0       ?doNameOnly@UnDecorator@@SAHXZ 04012ad0 f i LIBCMT:undname.obj
 0001:00011adb       ?doNoIdentCharCheck@UnDecorator@@SAHXZ 04012adb f i LIBCMT:undname.obj
 0001:00011ae6       ?doPchar@DName@@AAEXPBDH@Z 04012ae6 f   LIBCMT:undname.obj
 0001:00011b6e       ?doPtr64@UnDecorator@@SAHXZ 04012b6e f i LIBCMT:undname.obj
 0001:00011b7c       ?doRestrictionSpec@UnDecorator@@SAHXZ 04012b7c f i LIBCMT:undname.obj
 0001:00011b8a       ?doThisTypes@UnDecorator@@SAHXZ 04012b8a f i LIBCMT:undname.obj
 0001:00011b9c       ?doThrowTypes@UnDecorator@@SAHXZ 04012b9c f i LIBCMT:undname.obj
 0001:00011baa       ?doTypeOnly@UnDecorator@@SAHXZ 04012baa f i LIBCMT:undname.obj
 0001:00011bb5       ?doUnderScore@UnDecorator@@SAHXZ 04012bb5 f i LIBCMT:undname.obj
 0001:00011bc0       ?getArgumentList@UnDecorator@@CA?AVDName@@XZ 04012bc0 f   LIBCMT:undname.obj
 0001:00011ccc       ?getArgumentTypes@UnDecorator@@CA?AVDName@@XZ 04012ccc f   LIBCMT:undname.obj
 0001:00011daa       ?getArrayType@UnDecorator@@CA?AVDName@@ABV2@@Z 04012daa f i LIBCMT:undname.obj
 0001:00011fac       ?getBasedType@UnDecorator@@CA?AVDName@@XZ 04012fac f   LIBCMT:undname.obj
 0001:00012043       ?getBasicDataType@UnDecorator@@CA?AVDName@@ABV2@@Z 04013043 f   LIBCMT:undname.obj
 0001:0001241a       ?getCallIndex@UnDecorator@@CA?AVDName@@XZ 0401341a f i LIBCMT:undname.obj
 0001:0001242e       ?getCallingConvention@UnDecorator@@CA?AVDName@@XZ 0401342e f   LIBCMT:undname.obj
 0001:000124ed       ?getDataIndirectType@UnDecorator@@CA?AVDName@@ABV2@PBD0H@Z 040134ed f   LIBCMT:undname.obj
 0001:00012a8a       ?getDataIndirectType@UnDecorator@@CA?AVDName@@XZ 04013a8a f i LIBCMT:undname.obj
 0001:00012ac3       ?getDataType@UnDecorator@@CA?AVDName@@PAV2@@Z 04013ac3 f   LIBCMT:undname.obj
 0001:00012b95       ?getDecoratedName@UnDecorator@@CA?AVDName@@XZ 04013b95 f   LIBCMT:undname.obj
 0001:00012de1       ?getDimension@UnDecorator@@CA?AVDName@@_N@Z 04013de1 f   LIBCMT:undname.obj
 0001:00012f18       ?getDispatchTarget@UnDecorator@@CA?AVDName@@XZ 04013f18 f   LIBCMT:undname.obj
 0001:00012f73       ?getDisplacement@UnDecorator@@CA?AVDName@@XZ 04013f73 f i LIBCMT:undname.obj
 0001:00012f87       ?getECSUDataType@UnDecorator@@CA?AVDName@@XZ 04013f87 f   LIBCMT:undname.obj
 0001:0001309a       ?getECSUName@UnDecorator@@CA?AVDName@@XZ 0401409a f i LIBCMT:undname.obj
 0001:000130ab       ?getEnumType@UnDecorator@@CA?AVDName@@XZ 040140ab f i LIBCMT:undname.obj
 0001:0001318f       ?getExtendedDataIndirectType@UnDecorator@@CA?AVDName@@AAPBDAA_NH@Z 0401418f f   LIBCMT:undname.obj
 0001:00013334       ?getExternalDataType@UnDecorator@@CA?AVDName@@ABV2@@Z 04014334 f i LIBCMT:undname.obj
 0001:000133ad       ?getFunctionIndirectType@UnDecorator@@CA?AVDName@@ABV2@@Z 040143ad f   LIBCMT:undname.obj
 0001:000137a3       ?getGuardNumber@UnDecorator@@CA?AVDName@@XZ 040147a3 f i LIBCMT:undname.obj
 0001:000137b7       ?getLastChar@DName@@QBEDXZ 040147b7 f i LIBCMT:undname.obj
 0001:000137c5       ?getLastChar@DNameStatusNode@@UBEDXZ 040147c5 f i LIBCMT:undname.obj
 0001:000137d1       ?getLastChar@charNode@@UBEDXZ 040147d1 f i LIBCMT:undname.obj
 0001:000137d5       ?getLastChar@pDNameNode@@UBEDXZ 040147d5 f i LIBCMT:undname.obj
 0001:000137ea       ?getLastChar@pairNode@@UBEDXZ 040147ea f i LIBCMT:undname.obj
 0001:00013804       ?getLastChar@pcharNode@@UBEDXZ 04014804 f i LIBCMT:undname.obj
 0001:00013816       ?getLexicalFrame@UnDecorator@@CA?AVDName@@XZ 04014816 f i LIBCMT:undname.obj
 0001:00013853       ?getMemory@_HeapManager@@QAEPAXIH@Z 04014853 f   LIBCMT:undname.obj
 0001:000138d8       ?getNumberOfDimensions@UnDecorator@@CAHXZ 040148d8 f   LIBCMT:undname.obj
 0001:00013939       ?getOperatorName@UnDecorator@@CA?AVDName@@_NPA_N@Z 04014939 f i LIBCMT:undname.obj
 0001:00013f13       ?getPointerType@UnDecorator@@CA?AVDName@@ABV2@0@Z 04014f13 f i LIBCMT:undname.obj
 0001:00013f31       ?getPointerTypeArray@UnDecorator@@CA?AVDName@@ABV2@0@Z 04014f31 f i LIBCMT:undname.obj
 0001:00013f4f       ?getPrimaryDataType@UnDecorator@@CA?AVDName@@ABV2@@Z 04014f4f f   LIBCMT:undname.obj
 0001:00014107       ?getPtrRefDataType@UnDecorator@@CA?AVDName@@ABV2@H@Z 04015107 f i LIBCMT:undname.obj
 0001:000141f1       ?getPtrRefType@UnDecorator@@CA?AVDName@@ABV2@0PBD@Z 040151f1 f   LIBCMT:undname.obj
 0001:000142ed       ?getReferenceType@UnDecorator@@CA?AVDName@@ABV2@0PBD@Z 040152ed f i LIBCMT:undname.obj
 0001:00014309       ?getRestrictionSpec@UnDecorator@@CA?AVDName@@XZ 04015309 f   LIBCMT:undname.obj
 0001:000143f7       ?getReturnType@UnDecorator@@CA?AVDName@@PAV2@@Z 040153f7 f   LIBCMT:undname.obj
 0001:00014426       ?getScope@UnDecorator@@CA?AVDName@@XZ 04015426 f   LIBCMT:undname.obj
 0001:000147fd       ?getScopedName@UnDecorator@@CA?AVDName@@XZ 040157fd f   LIBCMT:undname.obj
 0001:000148f8       ?getSignedDimension@UnDecorator@@CA?AVDName@@XZ 040158f8 f   LIBCMT:undname.obj
 0001:0001494b       ?getStorageConvention@UnDecorator@@CA?AVDName@@XZ 0401594b f i LIBCMT:undname.obj
 0001:0001495c       ?getString@DName@@QBEPADPAD0@Z 0401595c f i LIBCMT:undname.obj
 0001:00014972       ?getString@DName@@QBEPADPADH@Z 04015972 f i LIBCMT:undname.obj
 0001:000149d0       ?getString@DNameStatusNode@@UBEPADPAD0@Z 040159d0 f i LIBCMT:undname.obj
 0001:000149f7       ?getString@charNode@@UBEPADPAD0@Z 040159f7 f i LIBCMT:undname.obj
 0001:00014a0c       ?getString@pDNameNode@@UBEPADPAD0@Z 04015a0c f i LIBCMT:undname.obj
 0001:00014a29       ?getString@pairNode@@UBEPADPAD0@Z 04015a29 f i LIBCMT:undname.obj
 0001:00014a53       ?getString@pcharNode@@UBEPADPAD0@Z 04015a53 f i LIBCMT:undname.obj
 0001:00014a6e       ?getStringEncoding@UnDecorator@@CA?AVDName@@PADH@Z 04015a6e f   LIBCMT:undname.obj
 0001:00014b11       ?getStringHelper@@YAPADPAD00H@Z 04015b11 f i LIBCMT:undname.obj
 0001:00014b46       ?getSymbolName@UnDecorator@@CA?AVDName@@XZ 04015b46 f i LIBCMT:undname.obj
 0001:00014b8e       ?getTemplateArgumentList@UnDecorator@@CA?AVDName@@XZ 04015b8e f   LIBCMT:undname.obj
 0001:00014e07       ?getTemplateConstant@UnDecorator@@CA?AVDName@@XZ 04015e07 f   LIBCMT:undname.obj
 0001:00015107       ?getTemplateName@UnDecorator@@CA?AVDName@@_N@Z 04016107 f   LIBCMT:undname.obj
 0001:00015261       ?getThisType@UnDecorator@@CA?AVDName@@XZ 04016261 f i LIBCMT:undname.obj
 0001:0001529b       ?getThrowTypes@UnDecorator@@CA?AVDName@@XZ 0401629b f   LIBCMT:undname.obj
 0001:00015325       ?getTypeEncoding@UnDecorator@@CAHXZ 04016325 f i LIBCMT:undname.obj
 0001:00015815       ?getVCallThunkType@UnDecorator@@CA?AVDName@@XZ 04016815 f i LIBCMT:undname.obj
 0001:00015850       ?getVbTableType@UnDecorator@@CA?AVDName@@ABV2@@Z 04016850 f i LIBCMT:undname.obj
 0001:00015865       ?getVdispMapType@UnDecorator@@CA?AVDName@@ABV2@@Z 04016865 f i LIBCMT:undname.obj
 0001:000158bb       ?getVfTableType@UnDecorator@@CA?AVDName@@ABV2@@Z 040168bb f i LIBCMT:undname.obj
 0001:00015a20       ?getZName@UnDecorator@@CA?AVDName@@_N0@Z 04016a20 f   LIBCMT:undname.obj
 0001:00015c4a       ?haveTemplateParameters@UnDecorator@@SAHXZ 04016c4a f i LIBCMT:undname.obj
 0001:00015c55       ?isArray@DName@@QBEHXZ     04016c55 f i LIBCMT:undname.obj
 0001:00015c5f       ?isComArray@DName@@QBEHXZ  04016c5f f i LIBCMT:undname.obj
 0001:00015c69       ?isEmpty@DName@@QBEHXZ     04016c69 f i LIBCMT:undname.obj
 0001:00015c71       ?isFull@Replicator@@QBEHXZ 04016c71 f i LIBCMT:undname.obj
 0001:00015c7a       ?isNoTE@DName@@QBEHXZ      04016c7a f i LIBCMT:undname.obj
 0001:00015c84       ?isPinPtr@DName@@QBEHXZ    04016c84 f i LIBCMT:undname.obj
 0001:00015c8e       ?isPtrRef@DName@@QBEHXZ    04016c8e f i LIBCMT:undname.obj
 0001:00015c98       ?isUDC@DName@@QBEHXZ       04016c98 f i LIBCMT:undname.obj
 0001:00015ca9       ?isUDTThunk@DName@@QBEHXZ  04016ca9 f i LIBCMT:undname.obj
 0001:00015cba       ?isVCallThunk@DName@@QBEHXZ 04016cba f i LIBCMT:undname.obj
 0001:00015cc4       ?isValid@DName@@QBEHXZ     04016cc4 f i LIBCMT:undname.obj
 0001:00015cce       ?length@DName@@QBEHXZ      04016cce f i LIBCMT:undname.obj
 0001:00015cdb       ?length@DNameStatusNode@@UBEHXZ 04016cdb f i LIBCMT:undname.obj
 0001:00015cdf       ?length@charNode@@UBEHXZ   04016cdf f i LIBCMT:undname.obj
 0001:00015ce3       ?length@pDNameNode@@UBEHXZ 04016ce3 f i LIBCMT:undname.obj
 0001:00015cf7       ?length@pairNode@@UBEHXZ   04016cf7 f i LIBCMT:undname.obj
 0001:00015d20       ?length@pcharNode@@UBEHXZ  04016d20 f i LIBCMT:undname.obj
 0001:00015d24       ?make@DNameStatusNode@@SAPAV1@W4DNameStatus@@@Z 04016d24 f i LIBCMT:undname.obj
 0001:00015daa       ?setIsArray@DName@@QAEXXZ  04016daa f i LIBCMT:undname.obj
 0001:00015db2       ?setIsComArray@DName@@QAEXXZ 04016db2 f i LIBCMT:undname.obj
 0001:00015dba       ?setIsNoTE@DName@@QAEXXZ   04016dba f i LIBCMT:undname.obj
 0001:00015dc2       ?setIsPinPtr@DName@@QAEXXZ 04016dc2 f i LIBCMT:undname.obj
 0001:00015dca       ?setIsUDC@DName@@QAEXXZ    04016dca f i LIBCMT:undname.obj
 0001:00015dd7       ?setIsVCallThunk@DName@@QAEXXZ 04016dd7 f i LIBCMT:undname.obj
 0001:00015ddf       ?setPtrRef@DName@@QAEAAV1@XZ 04016ddf f i LIBCMT:undname.obj
 0001:00015de9       ?status@DName@@QBE?AW4DNameStatus@@XZ 04016de9 f i LIBCMT:undname.obj
 0001:00015e51       ___unDName                 04016e51 f   LIBCMT:undname.obj
 0001:00015ef4       ___unDNameEx               04016ef4 f   LIBCMT:undname.obj
 0001:00015f95       ___isascii                 04016f95 f i LIBCMT:_ctype.obj
 0001:00015fa5       ___iscsym                  04016fa5 f i LIBCMT:_ctype.obj
 0001:00015fc5       ___iscsymf                 04016fc5 f i LIBCMT:_ctype.obj
 0001:00015fe2       ___toascii                 04016fe2 f i LIBCMT:_ctype.obj
 0001:00015fed       __isalnum_l                04016fed f i LIBCMT:_ctype.obj
 0001:00016045       __isalpha_l                04017045 f i LIBCMT:_ctype.obj
 0001:0001609d       __isblank_l                0401709d f i LIBCMT:_ctype.obj
 0001:000160f7       __iscntrl_l                040170f7 f i LIBCMT:_ctype.obj
 0001:00016149       __iscsym_l                 04017149 f i LIBCMT:_ctype.obj
 0001:0001616a       __iscsymf_l                0401716a f i LIBCMT:_ctype.obj
 0001:0001618b       __isdigit_l                0401718b f i LIBCMT:_ctype.obj
 0001:000161dd       __isgraph_l                040171dd f i LIBCMT:_ctype.obj
 0001:00016235       __islower_l                04017235 f i LIBCMT:_ctype.obj
 0001:00016287       __isprint_l                04017287 f i LIBCMT:_ctype.obj
 0001:000162df       __ispunct_l                040172df f i LIBCMT:_ctype.obj
 0001:00016331       __isspace_l                04017331 f i LIBCMT:_ctype.obj
 0001:00016383       __isupper_l                04017383 f i LIBCMT:_ctype.obj
 0001:000163d5       __isxdigit_l               040173d5 f i LIBCMT:_ctype.obj
 0001:0001642d       _isalnum                   0401742d f i LIBCMT:_ctype.obj
 0001:0001645a       _isalpha                   0401745a f i LIBCMT:_ctype.obj
 0001:00016487       _isblank                   04017487 f i LIBCMT:_ctype.obj
 0001:000164bc       _iscntrl                   040174bc f i LIBCMT:_ctype.obj
 0001:000164e7       _isdigit                   040174e7 f i LIBCMT:_ctype.obj
 0001:00016512       _isgraph                   04017512 f i LIBCMT:_ctype.obj
 0001:0001653f       _islower                   0401753f f i LIBCMT:_ctype.obj
 0001:0001656a       _isprint                   0401756a f i LIBCMT:_ctype.obj
 0001:00016597       _ispunct                   04017597 f i LIBCMT:_ctype.obj
 0001:000165c2       _isspace                   040175c2 f i LIBCMT:_ctype.obj
 0001:000165ed       _isupper                   040175ed f i LIBCMT:_ctype.obj
 0001:00016618       _isxdigit                  04017618 f i LIBCMT:_ctype.obj
 0001:00016645       __tolower                  04017645 f   LIBCMT:tolower.obj
 0001:00016650       __tolower_l                04017650 f   LIBCMT:tolower.obj
 0001:00016793       _tolower                   04017793 f   LIBCMT:tolower.obj
 0001:000167c0       _strrchr                   040177c0 f   LIBCMT:strrchr.obj
 0001:000168f7       __fptostr                  040178f7 f   LIBCMT:_fptostr.obj
 0001:000169a7       ___crt_atoflt_l            040179a7 f   LIBCMT:atodbl.obj
 0001:00016a4b       __atodbl                   04017a4b f   LIBCMT:atodbl.obj
 0001:00016a60       __atodbl_l                 04017a60 f   LIBCMT:atodbl.obj
 0001:00016aee       __atoflt                   04017aee f   LIBCMT:atodbl.obj
 0001:00016b03       __atoflt_l                 04017b03 f   LIBCMT:atodbl.obj
 0001:00016b1b       __atoldbl                  04017b1b f   LIBCMT:atodbl.obj
 0001:00016b30       __atoldbl_l                04017b30 f   LIBCMT:atodbl.obj
 0001:00016bbf       ___dtold                   04017bbf f   LIBCMT:cfout.obj
 0001:00016c87       __fltout2                  04017c87 f   LIBCMT:cfout.obj
 0001:00016d20       __alldvrm                  04017d20 f   LIBCMT:lldvrm.obj
 0001:00016e00       __aullshr                  04017e00 f   LIBCMT:ullshr.obj
 0001:00016e1f       __get_output_format        04017e1f f   LIBCMT:outputformat.obj
 0001:00016e25       __set_output_format        04017e25 f   LIBCMT:outputformat.obj
 0001:00016e57       __controlfp_s              04017e57 f   LIBCMT:contrlfp.obj
 0001:00016eb4       __fptrap                   04017eb4 f   LIBCMT:crt0fp.obj
 0001:00016f17       __ismbbalnum               04017f17 f   LIBCMT:ismbbyte.obj
 0001:00016f30       __ismbbalnum_l             04017f30 f   LIBCMT:ismbbyte.obj
 0001:00016f4a       __ismbbalpha               04017f4a f   LIBCMT:ismbbyte.obj
 0001:00016f63       __ismbbalpha_l             04017f63 f   LIBCMT:ismbbyte.obj
 0001:00016f7d       __ismbbblank               04017f7d f   LIBCMT:ismbbyte.obj
 0001:00016f9e       __ismbbblank_l             04017f9e f   LIBCMT:ismbbyte.obj
 0001:00016fc0       __ismbbgraph               04017fc0 f   LIBCMT:ismbbyte.obj
 0001:00016fd9       __ismbbgraph_l             04017fd9 f   LIBCMT:ismbbyte.obj
 0001:00016ff3       __ismbbkalnum              04017ff3 f   LIBCMT:ismbbyte.obj
 0001:00017009       __ismbbkalnum_l            04018009 f   LIBCMT:ismbbyte.obj
 0001:00017020       __ismbbkana                04018020 f   LIBCMT:ismbbyte.obj
 0001:00017031       __ismbbkana_l              04018031 f   LIBCMT:ismbbyte.obj
 0001:0001707d       __ismbbkprint              0401807d f   LIBCMT:ismbbyte.obj
 0001:00017093       __ismbbkprint_l            04018093 f   LIBCMT:ismbbyte.obj
 0001:000170aa       __ismbbkpunct              040180aa f   LIBCMT:ismbbyte.obj
 0001:000170c0       __ismbbkpunct_l            040180c0 f   LIBCMT:ismbbyte.obj
 0001:000170d7       __ismbblead                040180d7 f   LIBCMT:ismbbyte.obj
 0001:000170ed       __ismbblead_l              040180ed f   LIBCMT:ismbbyte.obj
 0001:00017104       __ismbbprint               04018104 f   LIBCMT:ismbbyte.obj
 0001:0001711d       __ismbbprint_l             0401811d f   LIBCMT:ismbbyte.obj
 0001:00017137       __ismbbpunct               04018137 f   LIBCMT:ismbbyte.obj
 0001:0001714d       __ismbbpunct_l             0401814d f   LIBCMT:ismbbyte.obj
 0001:00017164       __ismbbtrail               04018164 f   LIBCMT:ismbbyte.obj
 0001:0001717a       __ismbbtrail_l             0401817a f   LIBCMT:ismbbyte.obj
 0001:000171a0       __alloca_probe_16          040181a0 f   LIBCMT:alloca16.obj
 0001:000171b6       __alloca_probe_8           040181b6     LIBCMT:alloca16.obj
 0001:000171cc       _wcscpy_s                  040181cc f   LIBCMT:wcscpy_s.obj
 0001:00017228       _wcsnlen                   04018228 f   LIBCMT:wcslen_s.obj
 0001:00017247       _wcscat_s                  04018247 f   LIBCMT:wcscat_s.obj
 0001:000172b3       _wcslen                    040182b3 f   LIBCMT:wcslen.obj
 0001:000172cc       _wcsncpy_s                 040182cc f   LIBCMT:wcsncpy_s.obj
 0001:0001738a       ___set_app_type            0401838a f   LIBCMT:errmode.obj
 0001:00017397       __set_error_mode           04018397 f   LIBCMT:errmode.obj
 0001:000173d7       ___crtMessageBoxW          040183d7 f   LIBCMT:crtmboxw.obj
 0001:000175bd       ___crtMessageBoxWaitThreadW@4 040185bd f   LIBCMT:crtmboxw.obj
 0001:000177ff       ___crtLCMapStringA         040187ff f   LIBCMT:a_map.obj
 0001:0001793d       ___crtGetStringTypeA       0401893d f   LIBCMT:a_str.obj
 0001:0001797d       __fflush_nolock            0401897d f   LIBCMT:fflush.obj
 0001:000179c3       __flush                    040189c3 f   LIBCMT:fflush.obj
 0001:00017a27       __flushall                 04018a27 f   LIBCMT:fflush.obj
 0001:00017a30       _fflush                    04018a30 f   LIBCMT:fflush.obj
 0001:00017b6d       __VEC_memset               04018b6d f   LIBCMT:p4_memset.obj
 0001:00017c35       __fcloseall                04018c35 f   LIBCMT:closeall.obj
 0001:00017cd2       ___lock_fhandle            04018cd2 f   LIBCMT:osfinfo.obj
 0001:00017d60       __alloc_osfhnd             04018d60 f   LIBCMT:osfinfo.obj
 0001:00017f09       __free_osfhnd              04018f09 f   LIBCMT:osfinfo.obj
 0001:00017f8f       __get_osfhandle            04018f8f f   LIBCMT:osfinfo.obj
[...]
 0001:000167c0       $$000000                   040177c0     LIBCMT:strrchr.obj
 0001:00016d20       $$000000                   04017d20     LIBCMT:lldvrm.obj
 0001:00016e00       $$000000                   04017e00     LIBCMT:ullshr.obj
 0001:00016ebd       ?x_ismbbtype_l@@YAHPAUlocaleinfo_struct@@IHH@Z 04017ebd f   LIBCMT:ismbbyte.obj
 0001:000171a0       $$000000                   040181a0     LIBCMT:alloca16.obj
 0001:000175db       ?__crtLCMapStringA_stat@@YAHPAUlocaleinfo_struct@@PB_WKPBDHPADHHH@Z 040185db f   LIBCMT:a_map.obj
 0001:000177df       ?strncnt@@YAHPBDH@Z        040187df f   LIBCMT:a_map.obj
 0001:00017845       ?__crtGetStringTypeA_stat@@YAHPAUlocaleinfo_struct@@KPBDHPAGHH@Z 04018845 f   LIBCMT:a_str.obj
 0001:00017a89       _flsall                    04018a89 f   LIBCMT:fflush.obj
 0001:00018350       ?strtoxl@@YAKPAUlocaleinfo_struct@@PBDPAPBDHH@Z 04019350 f   LIBCMT:strtol.obj
 0001:00018a9d       _fix_grouping              04019a9d f   LIBCMT:initmon.obj
 0001:00018d42       _fix_grouping              04019d42 f   LIBCMT:initnum.obj
 0001:00019176       __get_lc_time              0401a176 f   LIBCMT:inittime.obj
 0001:0001a4ec       __copytlocinfo_nolock      0401b4ec f   LIBCMT:wsetloca.obj
 0001:0001ac6a       __wsetlocale_get_all       0401bc6a f   LIBCMT:wsetloca.obj
 0001:0001add7       __wsetlocale_nolock        0401bdd7 f   LIBCMT:wsetloca.obj
 0001:0001b060       __wsetlocale_set_cat       0401c060 f   LIBCMT:wsetloca.obj
 0001:0001b40a       _sync_legacy_variables_lk  0401c40a f   LIBCMT:wsetloca.obj
 0001:0001d646       $LN333                     0401e646     LIBCMT:strgtold.obj
 0001:0001e0bc       ___abstract_cw_sse2        0401f0bc f   LIBCMT:ieee87.obj
 0001:0001e165       ___abstract_sw_sse2        0401f165 f   LIBCMT:ieee87.obj
 0001:0001e1a6       ___clearfp_sse2            0401f1a6 f   LIBCMT:ieee87.obj
 0001:0001e510       ___control87_sse2          0401f510 f   LIBCMT:ieee87.obj
 0001:0001e693       ___fpreset_sse2            0401f693 f   LIBCMT:ieee87.obj
 0001:0001e69f       ___hw_cw_sse2              0401f69f f   LIBCMT:ieee87.obj
 0001:0001e748       ___statusfp_sse2           0401f748 f   LIBCMT:ieee87.obj
 0001:0001e789       __abstract_cw              0401f789 f   LIBCMT:ieee87.obj
 0001:0001e828       __abstract_sw              0401f828 f   LIBCMT:ieee87.obj
 0001:0001ef8d       __hw_cw                    0401ff8d f   LIBCMT:ieee87.obj
 0001:0001f392       ?strtoxq@@YA_KPAUlocaleinfo_struct@@PBDPAPBDHH@Z 04020392 f   LIBCMT:strtoq.obj
 0001:0001f728       _cmpBYTE                   04020728 f   LIBCMT:memcmp.obj
 0001:0001f74d       _cmpDWORD                  0402074d f   LIBCMT:memcmp.obj
 0001:0001f7d8       _cmpResult                 040207d8 f   LIBCMT:memcmp.obj
 0001:0001f7f4       _cmpWORD                   040207f4 f   LIBCMT:memcmp.obj
 0001:00020f3d       $LN1281                    04021f3d     LIBCMT:memcmp.obj
 0001:00020fbd       _unaligned_memcmp          04021fbd f   LIBCMT:memcmp.obj
 0001:000226d9       $LN1269                    040236d9     LIBCMT:memcmp.obj
 0001:0002285a       _GetLocaleNameFromDefault  0402385a f   LIBCMT:getqloc.obj
 0001:000228d3       _GetLocaleNameFromLangCountry 040238d3 f   LIBCMT:getqloc.obj
 0001:00022947       _GetLocaleNameFromLanguage 04023947 f   LIBCMT:getqloc.obj
 0001:00022991       _GetPrimaryLen             04023991 f   LIBCMT:getqloc.obj
 0001:000229c3       _LangCountryEnumProcEx@12  040239c3 f   LIBCMT:getqloc.obj
 0001:00022be3       _LanguageEnumProcEx@12     04023be3 f   LIBCMT:getqloc.obj
 0001:00022c96       _ProcessCodePage           04023c96 f   LIBCMT:getqloc.obj
 0001:00022d2b       _TestDefaultCountry        04023d2b f   LIBCMT:getqloc.obj
 0001:00022d77       _TestDefaultLanguage       04023d77 f   LIBCMT:getqloc.obj
 0001:00022db2       _TranslateName             04023db2 f   LIBCMT:getqloc.obj
 0001:00022fe0       _CountryEnumProc@4         04023fe0 f   LIBCMT:getqloc_downlevel.obj
 0001:00023090       _GetLcidFromCountry        04024090 f   LIBCMT:getqloc_downlevel.obj
 0001:000230d0       _GetLcidFromDefault        040240d0 f   LIBCMT:getqloc_downlevel.obj
 0001:000230ec       _GetLcidFromLangCountry    040240ec f   LIBCMT:getqloc_downlevel.obj
 0001:00023169       _GetLcidFromLanguage       04024169 f   LIBCMT:getqloc_downlevel.obj
 0001:000231c2       _GetPrimaryLen             040241c2 f   LIBCMT:getqloc_downlevel.obj
 0001:000231ec       _LangCountryEnumProc@4     040241ec f   LIBCMT:getqloc_downlevel.obj
 0001:000233e1       _LanguageEnumProc@4        040243e1 f   LIBCMT:getqloc_downlevel.obj
 0001:000234bc       _LcidFromHexString         040244bc f   LIBCMT:getqloc_downlevel.obj
 0001:0002350b       _ProcessCodePage           0402450b f   LIBCMT:getqloc_downlevel.obj
 0001:00023596       _TestDefaultCountry        04024596 f   LIBCMT:getqloc_downlevel.obj
 0001:000235b8       _TestDefaultLanguage       040245b8 f   LIBCMT:getqloc_downlevel.obj
 0001:00023622       _TranslateName             04024622 f   LIBCMT:getqloc_downlevel.obj
 0001:00023d60       $$000000                   04024d60     LIBCMT:llmul.obj
 0001:00023d94       @x64tow_s@24               04024d94 f   LIBCMT:xtows.obj
 0001:00023f67       _xtow_s@20                 04024f67 f   LIBCMT:xtows.obj
 0001:00024560       ?wcstoxl@@YAKPB_WPAPB_WHH@Z 04025560 f   LIBCMT:wcstol.obj
 0001:000247a1       ?wcstoxq@@YA_KPAUlocaleinfo_struct@@PB_WPAPB_WHH@Z 040257a1 f   LIBCMT:wcstoq.obj
 0001:000258e1       $LN323                     040268e1     LIBCMT:wstrgtold.obj
 0001:00025bf0       __ehhandler$?_Copy@?$basic_string@DU?$char_traits@D@std@@V?$allocator@D@2@@std@@QAEXII@Z 04026bf0 f   MQ2AutoGroup.obj
 0001:00025bfa       __ehhandler$?CallUnexpected@@YAXPBU_s_ESTypeList@@@Z 04026bfa f   LIBCMT:frame.obj
 0001:00025c20       ??__F?_Generic_object@?$_Error_objects@H@std@@2V_Generic_error_category@2@A@@YAXXZ 04026c20 f   MQ2AutoGroup.obj
 0001:00025c30       ??__F?_Iostream_object@?$_Error_objects@H@std@@2V_Iostream_error_category@2@A@@YAXXZ 04026c30 f   MQ2AutoGroup.obj
 0001:00025c40       ??__F?_System_object@?$_Error_objects@H@std@@2V_System_error_category@2@A@@YAXXZ 04026c40 f   MQ2AutoGroup.obj
 0001:00025c4b       ??__F?_Generic_object@?$_Error_objects@H@std@@2V_Generic_error_category@2@A@@YAXXZ 04026c4b f   libcpmt:xthrow.obj
 0001:00025c56       ??__F?_Iostream_object@?$_Error_objects@H@std@@2V_Iostream_error_category@2@A@@YAXXZ 04026c56 f   libcpmt:xthrow.obj
 0001:00025c61       ??__F?_System_object@?$_Error_objects@H@std@@2V_System_error_category@2@A@@YAXXZ 04026c61 f   libcpmt:xthrow.obj
 0001:00025c6c       ??__F?_Generic_object@?$_Error_objects@H@std@@2V_Generic_error_category@2@A@@YAXXZ 04026c6c f   libcpmt:syserror.obj
 0001:00025c77       ??__F?_Iostream_object@?$_Error_objects@H@std@@2V_Iostream_error_category@2@A@@YAXXZ 04026c77 f   libcpmt:syserror.obj
 0001:00025c82       ??__F?_System_object@?$_Error_objects@H@std@@2V_System_error_category@2@A@@YAXXZ 04026c82 f   libcpmt:syserror.obj
 0002:0000016c       ?_Generic_object$initializer$@?$_Error_objects@H@std@@2P6AXXZA 0402716c     MQ2AutoGroup.obj
 0002:00000170       ?_Iostream_object$initializer$@?$_Error_objects@H@std@@2P6AXXZA 04027170     MQ2AutoGroup.obj
 0002:00000174       ?_System_object$initializer$@?$_Error_objects@H@std@@2P6AXXZA 04027174     MQ2AutoGroup.obj
 0002:00000180       _pinit                     04027180     LIBCMT:onexit.obj
 0002:00000184       _pinit                     04027184     LIBCMT:cpu_disp.obj
 0002:00000188       _pinit                     04027188     LIBCMT:mbctype.obj
 0002:0000018c       _pinit                     0402718c     LIBCMT:_file.obj
 0002:00000198       _pterm                     04027198     LIBCMT:wsetloca.obj
 0002:0000019c       _pterm                     0402719c     LIBCMT:initcon.obj
 0002:000001a0       _pterm                     040271a0     LIBCMT:_file.obj
 0002:00001120       __Win_errtab               04028120     libcpmt:syserror.obj
 0002:00001378       __Sys_errtab               04028378     libcpmt:syserror.obj
 0002:00001e80       ?ExceptionTemplate@?1??_CxxThrowException@@9@8@4UEHExceptionRecord@@B 04028e80     LIBCMT:throw.obj
 0002:00002418       _GS_ExceptionPointers      04029418     LIBCMT:gs_report.obj
 0002:000044d8       _rterrs                    0402b4d8     LIBCMT:crt0msg.obj
 0002:00004f6c       __mb_locale_names          0402bf6c     LIBCMT:mbctype.obj
 0002:00005344       One                        0402c344     LIBCMT:87disp.obj
 0002:0000534c       XAMtoTagTab                0402c34c     LIBCMT:87disp.obj
 0002:00005360       One                        0402c360     LIBCMT:common.obj
 0002:00005374       DblMax                     0402c374     LIBCMT:common.obj
 0002:0000537c       DblMin                     0402c37c     LIBCMT:common.obj
 0002:00005384       IeeeAdjO                   0402c384     LIBCMT:common.obj
 0002:0000538c       IeeeAdjU                   0402c38c     LIBCMT:common.obj
 0002:00005394       _infinity                  0402c394     LIBCMT:common.obj
 0002:0000539c       _zero                      0402c39c     LIBCMT:common.obj
 0002:000053a8       _tokenTable                0402c3a8     LIBCMT:undname.obj
 0002:000053e0       _nameTable                 0402c3e0     LIBCMT:undname.obj
 0002:00005520       _rttiTable                 0402c520     LIBCMT:undname.obj
 0002:00006810       __first_127char            0402d810     LIBCMT:wsetloca.obj
 0002:00007f00       __catchsym$?_Copy@?$basic_string@DU?$char_traits@D@std@@V?$allocator@D@2@@std@@QAEXII@Z$5 0402ef00     MQ2AutoGroup.obj
 0002:00007f10       __catchsym$?_Copy@?$basic_string@DU?$char_traits@D@std@@V?$allocator@D@2@@std@@QAEXII@Z$4 0402ef10     MQ2AutoGroup.obj
 0002:00007f20       __unwindtable$?_Copy@?$basic_string@DU?$char_traits@D@std@@V?$allocator@D@2@@std@@QAEXII@Z 0402ef20     MQ2AutoGroup.obj
 0002:00007f40       __ehfuncinfo$?_Copy@?$basic_string@DU?$char_traits@D@std@@V?$allocator@D@2@@std@@QAEXII@Z 0402ef40     MQ2AutoGroup.obj
 0002:00007f64       __tryblocktable$?_Copy@?$basic_string@DU?$char_traits@D@std@@V?$allocator@D@2@@std@@QAEXII@Z 0402ef64     MQ2AutoGroup.obj
 0002:00008198       __sehtable$__onexit        0402f198     LIBCMT:onexit.obj
 0002:000081b8       __sehtable$__CRT_INIT@12   0402f1b8     LIBCMT:dllcrt0.obj
 0002:000081d8       __sehtable$___DllMainCRTStartup 0402f1d8     LIBCMT:dllcrt0.obj
 0002:000081f8       __sehtable$_doexit         0402f1f8     LIBCMT:crt0dat.obj
 0002:00008218       __sehtable$___set_fpsr_sse2 0402f218     LIBCMT:fpctrl.obj
 0002:00008238       __sehtable$__freefls@4     0402f238     LIBCMT:tidtable.obj
 0002:00008260       __sehtable$__initptd       0402f260     LIBCMT:tidtable.obj
 0002:00008288       __sehtable$?terminate@@YAXXZ 0402f288     LIBCMT:hooks.obj
 0002:000082a8       __sehtable$?_inconsistency@@YAXXZ 0402f2a8     LIBCMT:hooks.obj
 0002:000082c8       __sehtable$___FrameUnwindToState 0402f2c8     LIBCMT:frame.obj
 0002:000082f0       __sehtable$?CallCatchBlock@@YAPAXPAUEHExceptionRecord@@PAUEHRegistrationNode@@PAU_CONTEXT@@PBU_s_FuncInfo@@PAXHK@Z 0402f2f0     LIBCMT:frame.obj
 0002:00008318       __sehtable$___BuildCatchObject 0402f318     LIBCMT:frame.obj
 0002:00008338       __sehtable$___DestructExceptionObject 0402f338     LIBCMT:frame.obj
 0002:00008354       __catchsym$?CallUnexpected@@YAXPBU_s_ESTypeList@@@Z$2 0402f354     LIBCMT:frame.obj
 0002:00008364       __unwindtable$?CallUnexpected@@YAXPBU_s_ESTypeList@@@Z 0402f364     LIBCMT:frame.obj
 0002:00008374       __tryblocktable$?CallUnexpected@@YAXPBU_s_ESTypeList@@@Z 0402f374     LIBCMT:frame.obj
 0002:00008388       __ehfuncinfo$?CallUnexpected@@YAXPBU_s_ESTypeList@@@Z 0402f388     LIBCMT:frame.obj
 0002:000083b0       __sehtable$___BuildCatchObjectHelper 0402f3b0     LIBCMT:frame.obj
 0002:00008408       __sehtable$?_Name_base@type_info@@CAPBDPBV1@PAU__type_info_node@@@Z 0402f408     LIBCMT:typname.obj
 0002:00008428       __sehtable$?_Type_info_dtor@type_info@@CAXPAV1@@Z 0402f428     LIBCMT:typname.obj
 0002:00008448       __sehtable$?_Name_base_internal@type_info@@CAPBDPBV1@PAU__type_info_node@@@Z 0402f448     LIBCMT:typname.obj
 0002:00008468       __sehtable$?_Type_info_dtor_internal@type_info@@CAXPAV1@@Z 0402f468     LIBCMT:typname.obj
 0002:00008488       __sehtable$___clean_type_info_names_internal 0402f488     LIBCMT:typname.obj
 0002:000084a8       __sehtable$__ioinit        0402f4a8     LIBCMT:ioinit.obj
 0002:000084c8       __sehtable$_signal         0402f4c8     LIBCMT:winsig.obj
 0002:000084e8       __sehtable$_raise          0402f4e8     LIBCMT:winsig.obj
 0002:00008508       __sehtable$_ctrlevent_capture@4 0402f508     LIBCMT:winsig.obj
 0002:00008528       __sehtable$__mtinitlocknum 0402f528     LIBCMT:mlock.obj
 0002:00008548       __sehtable$__IsNonwritableInCurrentImage 0402f548     LIBCMT:pesect.obj
 0002:00008568       __sehtable$___updatetmbcinfo 0402f568     LIBCMT:mbctype.obj
 0002:00008588       __sehtable$__setmbcp       0402f588     LIBCMT:mbctype.obj
 0002:000085a8       __sehtable$__write         0402f5a8     LIBCMT:write.obj
 0002:000085c8       __sehtable$__lseeki64      0402f5c8     LIBCMT:lseeki64.obj
 0002:000085e8       __sehtable$___updatetlocinfo 0402f5e8     LIBCMT:localref.obj
 0002:00008608       __sehtable$_printf         0402f608     LIBCMT:printf.obj
 0002:00008628       __sehtable$___unDName      0402f628     LIBCMT:undname.obj
 0002:00008648       __sehtable$___unDNameEx    0402f648     LIBCMT:undname.obj
 0002:00008668       __sehtable$_fflush         0402f668     LIBCMT:fflush.obj
 0002:00008688       __sehtable$_flsall         0402f688     LIBCMT:fflush.obj
 0002:000086b0       __sehtable$__fcloseall     0402f6b0     LIBCMT:closeall.obj
 0002:000086d0       __sehtable$__alloc_osfhnd  0402f6d0     LIBCMT:osfinfo.obj
 0002:000086f8       __sehtable$___lock_fhandle 0402f6f8     LIBCMT:osfinfo.obj
 0002:00008718       __sehtable$__open_osfhandle 0402f718     LIBCMT:osfinfo.obj
 0002:00008738       __sehtable$__putwch        0402f738     LIBCMT:putwch.obj
 0002:00008758       __sehtable$_vprintf_helper 0402f758     LIBCMT:vprintf.obj
 0002:00008778       __sehtable$__get_current_locale 0402f778     LIBCMT:wsetloca.obj
 0002:000087a0       __sehtable$__free_locale   0402f7a0     LIBCMT:wsetloca.obj
 0002:000087c8       __sehtable$__wsetlocale    0402f7c8     LIBCMT:wsetloca.obj
 0002:00008800       __sehtable$__locterm       0402f800     LIBCMT:wsetloca.obj
 0002:00008820       __sehtable$__commit        0402f820     LIBCMT:commit.obj
 0002:00008840       __sehtable$_fclose         0402f840     LIBCMT:fclose.obj
 0002:00008860       __sehtable$__close         0402f860     LIBCMT:close.obj
 0002:00008880       .edata                     0402f880     MQ2AutoGroup.exp
 0002:000088a8       rgpv                       0402f8a8     MQ2AutoGroup.exp
 0002:000088b4       rgszName                   0402f8b4     MQ2AutoGroup.exp
 0002:000088c0       rgwOrd                     0402f8c0     MQ2AutoGroup.exp
 0002:000088c6       szName                     0402f8c6     MQ2AutoGroup.exp
 0002:000088d7       $N00001                    0402f8d7     MQ2AutoGroup.exp
 0002:000088e8       $N00002                    0402f8e8     MQ2AutoGroup.exp
 0002:000088f7       $N00003                    0402f8f7     MQ2AutoGroup.exp
 0002:00008ae6       .idata$6                   0402fae6     kernel32:KERNEL32.dll
 0002:00008b88       .idata$6                   0402fb88     MQ2Main:MQ2Main.dll
 0003:00000000       _ClassInfo                 04031000     MQ2AutoGroup.obj
 0003:00000168       _errtable                  04031168     LIBCMT:dosmap.obj
 0003:000002d0       _ErrnoNoMem                040312d0     LIBCMT:dosmap.obj
 0003:000002d4       _DoserrorNoMem             040312d4     LIBCMT:dosmap.obj
 0003:000002e0       _NAME_                     040312e0     LIBCMT:sqrt.obj
 0003:00000310       ?_names@?1??_get_fname@@9@9 04031310     LIBCMT:fpexcept.obj
 0003:000003f8       _over                      040313f8     LIBCMT:fpctrl.obj
 0003:00000404       _under                     04031404     LIBCMT:fpctrl.obj
 0003:00000410       ?__DAZ_ENABLED@?1??__set_fpsr_sse2@@9@9 04031410     LIBCMT:fpctrl.obj
 0003:00000498       ?isPackaged@?1??__crtIsPackagedApp@@9@9 04031498     LIBCMT:winapisupp.obj
 0003:000004a0       __locktable                040314a0     LIBCMT:mlock.obj
 0003:000009e8       ___rgctypeflag             040319e8     LIBCMT:mbctype.obj
 0003:000009f0       ___rgcode_page_info        040319f0     LIBCMT:mbctype.obj
 0003:00001024       __ctype_loc_style          04032024     LIBCMT:wsetloca.obj
 0003:00001028       _DoubleFormat              04032028     LIBCMT:intrncvt.obj
 0003:00001040       _FloatFormat               04032040     LIBCMT:intrncvt.obj
 0003:00003070       __Tuple_alloc              04034070     MQ2AutoGroup.obj
 0003:00003071       _ignore                    04034071     MQ2AutoGroup.obj
 0003:00003072       _allocator_arg             04034072     MQ2AutoGroup.obj
 0003:00003073       _piecewise_construct       04034073     MQ2AutoGroup.obj
 0003:00003084       __Tuple_alloc              04034084     libcpmt:xthrow.obj
 0003:00003085       _ignore                    04034085     libcpmt:xthrow.obj
 0003:00003086       _allocator_arg             04034086     libcpmt:xthrow.obj
 0003:00003087       _piecewise_construct       04034087     libcpmt:xthrow.obj
 0003:00003088       _allocator_arg             04034088     libcpmt:syserror.obj
 0003:00003089       _piecewise_construct       04034089     libcpmt:syserror.obj
 0003:00003090       ___proc_attached           04034090     LIBCMT:dllcrt0.obj
 0003:000030f0       ___type_info_root_node     040340f0     LIBCMT:typname.obj
 0003:00003200       ?_pgmname@?1??_setargv@@9@9 04034200     LIBCMT:stdargv.obj
 0003:00003308       _GS_ExceptionRecord        04034308     LIBCMT:gs_report.obj
 0003:00003358       _GS_ContextRecord          04034358     LIBCMT:gs_report.obj
 0003:00003624       _DebuggerWasPresent        04034624     LIBCMT:gs_report.obj
 0003:00003628       _ctrlc_action              04034628     LIBCMT:winsig.obj
 0003:0000362c       _ctrlbreak_action          0403462c     LIBCMT:winsig.obj
 0003:00003630       _abort_action              04034630     LIBCMT:winsig.obj
 0003:00003634       _term_action               04034634     LIBCMT:winsig.obj
 0003:00003638       _ConsoleCtrlHandler_Installed 04034638     LIBCMT:winsig.obj
 0003:0000363c       ___crtCallProc             0403463c     LIBCMT:winapinls.obj
 0003:00003648       ?outmsg@?9??_NMSG_WRITE@@9@9 04034648     LIBCMT:crt0msg.obj
 0003:00003c78       _lclcritsects              04034c78     LIBCMT:mlock.obj
 0003:00003dc8       _g_pfnRtlGenRandom         04034dc8     LIBCMT:rand_s.obj
 0003:00003de4       _fSystemSet                04034de4     LIBCMT:mbctype.obj
 0003:00003df4       ___enable_percent_n        04034df4     LIBCMT:printf.obj
 0003:00003e20       _heap                      04034e20     LIBCMT:undname.obj
 0003:00003e70       ?pfnMessageBox@?1??__crtMessageBoxW@@9@9 04034e70     LIBCMT:crtmboxw.obj
 0003:00003e74       ?pfnGetActiveWindow@?1??__crtMessageBoxW@@9@9 04034e74     LIBCMT:crtmboxw.obj
 0003:00003e78       ?pfnGetLastActivePopup@?1??__crtMessageBoxW@@9@9 04034e78     LIBCMT:crtmboxw.obj
 0003:00003e7c       ?pfnGetProcessWindowStation@?1??__crtMessageBoxW@@9@9 04034e7c     LIBCMT:crtmboxw.obj
 0003:00003e80       ?pfnGetUserObjectInformation@?1??__crtMessageBoxW@@9@9 04034e80     LIBCMT:crtmboxw.obj
 0004:00000060       $R000000                   04036060     * linker generated manifest res *

 Exports

  ordinal    name

        1    _InitializePlugin
               exported name: InitializePlugin
        2    _OnIncomingChat
               exported name: OnIncomingChat
        3    _ShutdownPlugin
               exported name: ShutdownPlugin
