 MQ2ChatWnd

 Timestamp is 556ff573 (Wed Jun 03 23:51:31 2015)

 Preferred load address is 04000000

 Start         Length     Name                   Class
 0001:00000000 00000074H .text$di                CODE
 0001:00000080 0002b3c1H .text$mn                CODE
 0001:0002b450 00000125H .text$x                 CODE
 0001:0002b580 0000006dH .text$yd                CODE
 0002:00000000 00000228H .idata$5                DATA
 0002:00000228 00000004H .CRT$XCA                DATA
 0002:0000022c 0000000cH .CRT$XCU                DATA
 0002:00000238 00000004H .CRT$XCZ                DATA
 0002:0000023c 00000004H .CRT$XIA                DATA
 0002:00000240 00000010H .CRT$XIC                DATA
 0002:00000250 00000004H .CRT$XIZ                DATA
 0002:00000254 00000004H .CRT$XPA                DATA
 0002:00000258 00000008H .CRT$XPX                DATA
 0002:00000260 00000004H .CRT$XPXA               DATA
 0002:00000264 00000004H .CRT$XPZ                DATA
 0002:00000268 00000004H .CRT$XTA                DATA
 0002:0000026c 00000004H .CRT$XTZ                DATA
 0002:00000270 00007530H .rdata                  DATA
 0002:000077a0 0000006cH .rdata$debug            DATA
 0002:0000780c 0000077cH .rdata$r                DATA
 0002:00007f90 00000038H .rdata$sxdata           DATA
 0002:00007fc8 00000004H .rtc$IAA                DATA
 0002:00007fcc 00000004H .rtc$IZZ                DATA
 0002:00007fd0 00000004H .rtc$TAA                DATA
 0002:00007fd4 00000004H .rtc$TZZ                DATA
 0002:00007fd8 00000b54H .xdata$x                DATA
 0002:00008b30 000000d8H .edata                  DATA
 0002:00008c08 00000028H .idata$2                DATA
 0002:00008c30 00000014H .idata$3                DATA
 0002:00008c44 00000228H .idata$4                DATA
 0002:00008e6c 00000ce4H .idata$6                DATA
 0003:00000000 00001420H .data                   DATA
 0003:00001420 0000031fH .data$r                 DATA
 0003:00001740 00002820H .bss                    DATA
 0004:00000000 00000058H .rsrc$01                DATA
 0004:00000060 00000180H .rsrc$02                DATA

  Address         Publics by Value              Rva+Base       Lib:Object

 0000:00000000       __except_list              00000000     <absolute>
 0000:00000000       ___guard_fids_table        00000000     <absolute>
 0000:00000000       ___guard_fids_count        00000000     <absolute>
 0000:00000000       ___guard_flags             00000000     <absolute>
 0000:0000000e       ___safe_se_handler_count   0000000e     <absolute>
 0000:00000000       ___ImageBase               04000000     <linker-defined>
 0001:00000080       _DllMain@12                04001080 f   MQ2ChatWnd.obj
 0001:000000f0       ?LoadChatSettings@@YAXXZ   040010f0 f   MQ2ChatWnd.obj
 0001:00000210       ?LoadChatFromINI@@YAXPAU_CSIDLWND@EQUIStructs@@@Z 04001210 f   MQ2ChatWnd.obj
 0001:00000450       ?SaveChatToINI@@YAXPAU_CSIDLWND@EQUIStructs@@@Z 04001450 f   MQ2ChatWnd.obj
 0001:00000820       ?CreateChatWindow@@YAXXZ   04001820 f   MQ2ChatWnd.obj
 0001:000008d0       ?DestroyChatWnd@@YAXXZ     040018d0 f   MQ2ChatWnd.obj
 0001:00000920       ?Style@@YAXPAU_SPAWNINFO@EQData@@PAD@Z 04001920 f   MQ2ChatWnd.obj
 0001:000009e0       ?MQChatFont@@YAXPAU_SPAWNINFO@EQData@@PAD@Z 040019e0 f   MQ2ChatWnd.obj
 0001:00000a30       ?MQChatMin@@YAXPAU_SPAWNINFO@EQData@@PAD@Z 04001a30 f   MQ2ChatWnd.obj
 0001:00000a50       ?MQChatClear@@YAXPAU_SPAWNINFO@EQData@@PAD@Z 04001a50 f   MQ2ChatWnd.obj
 0001:00000a80       ?DoMQ2ChatBind@@YAXPADH@Z  04001a80 f   MQ2ChatWnd.obj
 0001:00000b30       _OnReloadUI                04001b30 f   MQ2ChatWnd.obj
 0001:00000b50       _OnCleanUI                 04001b50 f   MQ2ChatWnd.obj
 0001:00000b70       _SetGameState              04001b70 f   MQ2ChatWnd.obj
 0001:00000c00       _OnWriteChatColor          04001c00 f   MQ2ChatWnd.obj
 0001:00000d50       _OnPulse                   04001d50 f   MQ2ChatWnd.obj
 0001:00000ee0       _InitializePlugin          04001ee0 f   MQ2ChatWnd.obj
 0001:00000f70       _ShutdownPlugin            04001f70 f   MQ2ChatWnd.obj
 0001:00001000       ??$?8DD@std@@YA_NABV?$allocator@D@0@0@Z 04002000 f i MQ2ChatWnd.obj
 0001:00001010       ??$?8V?$allocator@D@std@@V01@@std@@YA_NABU?$_Wrap_alloc@V?$allocator@D@std@@@0@0@Z 04002010 f i MQ2ChatWnd.obj
 0001:00001020       ??$?9V?$allocator@D@std@@V01@@std@@YA_NABU?$_Wrap_alloc@V?$allocator@D@std@@@0@0@Z 04002020 f i MQ2ChatWnd.obj
 0001:00001030       ??$_Advance@V?$_Vector_iterator@V?$_Vector_val@U?$_Simple_types@V?$basic_string@DU?$char_traits@D@std@@V?$allocator@D@2@@std@@@std@@@std@@@std@@H@std@@YAXAAV?$_Vector_iterator@V?$_Vector_val@U?$_Simple_types@V?$basic_string@DU?$char_traits@D@std@@V?$allocator@D@2@@std@@@std@@@std@@@0@HUrandom_access_iterator_tag@0@@Z 04002030 f i MQ2ChatWnd.obj
 0001:00001050       ??$_Allocate@D@std@@YAPADIPAD@Z 04002050 f i MQ2ChatWnd.obj
 0001:00001080       ??$_Allocate@V?$basic_string@DU?$char_traits@D@std@@V?$allocator@D@2@@std@@@std@@YAPAV?$basic_string@DU?$char_traits@D@std@@V?$allocator@D@2@@0@IPAV10@@Z 04002080 f i MQ2ChatWnd.obj
 0001:000010c0       ??$_Destroy_range@U?$_Wrap_alloc@V?$allocator@V?$basic_string@DU?$char_traits@D@std@@V?$allocator@D@2@@std@@@std@@@std@@@std@@YAXPAV?$basic_string@DU?$char_traits@D@std@@V?$allocator@D@2@@0@0AAU?$_Wrap_alloc@V?$allocator@V?$basic_string@DU?$char_traits@D@std@@V?$allocator@D@2@@std@@@std@@@0@@Z 040020c0 f i MQ2ChatWnd.obj
 0001:000010e0       ??$_Destroy_range@U?$_Wrap_alloc@V?$allocator@V?$basic_string@DU?$char_traits@D@std@@V?$allocator@D@2@@std@@@std@@@std@@@std@@YAXPAV?$basic_string@DU?$char_traits@D@std@@V?$allocator@D@2@@0@0AAU?$_Wrap_alloc@V?$allocator@V?$basic_string@DU?$char_traits@D@std@@V?$allocator@D@2@@std@@@std@@@0@U_Nonscalar_ptr_iterator_tag@0@@Z 040020e0 f i MQ2ChatWnd.obj
 0001:00001120       ??$_Dist_type@PAV?$basic_string@DU?$char_traits@D@std@@V?$allocator@D@2@@std@@@std@@YAPAHPAV?$basic_string@DU?$char_traits@D@std@@V?$allocator@D@2@@0@@Z 04002120 f i MQ2ChatWnd.obj
 0001:00001130       ??$_Distance2@V?$_Vector_iterator@V?$_Vector_val@U?$_Simple_types@V?$basic_string@DU?$char_traits@D@std@@V?$allocator@D@2@@std@@@std@@@std@@@std@@H@std@@YAXV?$_Vector_iterator@V?$_Vector_val@U?$_Simple_types@V?$basic_string@DU?$char_traits@D@std@@V?$allocator@D@2@@std@@@std@@@std@@@0@0AAHUrandom_access_iterator_tag@0@@Z 04002130 f i MQ2ChatWnd.obj
 0001:00001160       ??$_Iter_cat@V?$_Vector_iterator@V?$_Vector_val@U?$_Simple_types@V?$basic_string@DU?$char_traits@D@std@@V?$allocator@D@2@@std@@@std@@@std@@@std@@@std@@YA?AUrandom_access_iterator_tag@0@ABV?$_Vector_iterator@V?$_Vector_val@U?$_Simple_types@V?$basic_string@DU?$char_traits@D@std@@V?$allocator@D@2@@std@@@std@@@std@@@0@@Z 04002160 f i MQ2ChatWnd.obj
 0001:00001170       ??$_Move@AAD@std@@YA$$QADAAD@Z 04002170 f i MQ2ChatWnd.obj
 0001:00001180       ??$_Move@AAI@std@@YA$$QAIAAI@Z 04002180 f i MQ2ChatWnd.obj
 0001:00001190       ??$_Move@AAPAD@std@@YA$$QAPADAAPAD@Z 04002190 f i MQ2ChatWnd.obj
 0001:000011a0       ??$_Move@AAT_Bxty@?$_String_val@U?$_Simple_types@D@std@@@std@@@std@@YA$$QAT_Bxty@?$_String_val@U?$_Simple_types@D@std@@@0@AAT120@@Z 040021a0 f i MQ2ChatWnd.obj
 0001:000011b0       ??$_Ptr_cat@V?$basic_string@DU?$char_traits@D@std@@V?$allocator@D@2@@std@@V12@@std@@YA?AU_Nonscalar_ptr_iterator_tag@0@PAV?$basic_string@DU?$char_traits@D@std@@V?$allocator@D@2@@0@0@Z 040021b0 f i MQ2ChatWnd.obj
 0001:000011c0       ??$_Rechecked@PAV?$basic_string@DU?$char_traits@D@std@@V?$allocator@D@2@@std@@PAV12@@std@@YAAAPAV?$basic_string@DU?$char_traits@D@std@@V?$allocator@D@2@@0@AAPAV10@PAV10@@Z 040021c0 f i MQ2ChatWnd.obj
 0001:000011d0       ??$_Rotate@PAV?$basic_string@DU?$char_traits@D@std@@V?$allocator@D@2@@std@@@std@@YAXPAV?$basic_string@DU?$char_traits@D@std@@V?$allocator@D@2@@0@00Urandom_access_iterator_tag@0@@Z 040021d0 f i MQ2ChatWnd.obj
 0001:000011f0       ??$_Rotate@PAV?$basic_string@DU?$char_traits@D@std@@V?$allocator@D@2@@std@@HV12@@std@@YAXPAV?$basic_string@DU?$char_traits@D@std@@V?$allocator@D@2@@0@00PAH0@Z 040021f0 f i MQ2ChatWnd.obj
 0001:000013a0       ??$_Swap_adl@PAD@std@@YAXAAPAD0@Z 040023a0 f i MQ2ChatWnd.obj
 0001:000013c0       ??$_Umove@PAV?$basic_string@DU?$char_traits@D@std@@V?$allocator@D@2@@std@@@?$vector@V?$basic_string@DU?$char_traits@D@std@@V?$allocator@D@2@@std@@V?$allocator@V?$basic_string@DU?$char_traits@D@std@@V?$allocator@D@2@@std@@@2@@std@@IAEPAV?$basic_string@DU?$char_traits@D@std@@V?$allocator@D@2@@1@PAV21@00@Z 040023c0 f i MQ2ChatWnd.obj
 0001:000013f0       ??$_Unchecked@PAV?$basic_string@DU?$char_traits@D@std@@V?$allocator@D@2@@std@@@std@@YAPAV?$basic_string@DU?$char_traits@D@std@@V?$allocator@D@2@@0@PAV10@@Z 040023f0 f i MQ2ChatWnd.obj
 0001:00001400       ??$_Unchecked@V?$_Vector_val@U?$_Simple_types@V?$basic_string@DU?$char_traits@D@std@@V?$allocator@D@2@@std@@@std@@@std@@@std@@YAPAV?$basic_string@DU?$char_traits@D@std@@V?$allocator@D@2@@0@V?$_Vector_iterator@V?$_Vector_val@U?$_Simple_types@V?$basic_string@DU?$char_traits@D@std@@V?$allocator@D@2@@std@@@std@@@std@@@0@@Z 04002400 f i MQ2ChatWnd.obj
 0001:00001410       ??$_Uninit_move@PAV?$basic_string@DU?$char_traits@D@std@@V?$allocator@D@2@@std@@PAV12@U?$_Wrap_alloc@V?$allocator@V?$basic_string@DU?$char_traits@D@std@@V?$allocator@D@2@@std@@@std@@@2@@std@@YAPAV?$basic_string@DU?$char_traits@D@std@@V?$allocator@D@2@@0@PAV10@00AAU?$_Wrap_alloc@V?$allocator@V?$basic_string@DU?$char_traits@D@std@@V?$allocator@D@2@@std@@@std@@@0@@Z 04002410 f i MQ2ChatWnd.obj
 0001:00001440       ??$_Uninit_move@PAV?$basic_string@DU?$char_traits@D@std@@V?$allocator@D@2@@std@@PAV12@V?$allocator@V?$basic_string@DU?$char_traits@D@std@@V?$allocator@D@2@@std@@@2@V12@@std@@YAPAV?$basic_string@DU?$char_traits@D@std@@V?$allocator@D@2@@0@PAV10@00AAU?$_Wrap_alloc@V?$allocator@V?$basic_string@DU?$char_traits@D@std@@V?$allocator@D@2@@std@@@std@@@0@0U_Nonscalar_ptr_iterator_tag@0@@Z 04002440 f i MQ2ChatWnd.obj
 0001:000014d0       ??$_Uninitialized_move@PAV?$basic_string@DU?$char_traits@D@std@@V?$allocator@D@2@@std@@PAV12@U?$_Wrap_alloc@V?$allocator@V?$basic_string@DU?$char_traits@D@std@@V?$allocator@D@2@@std@@@std@@@2@@std@@YAPAV?$basic_string@DU?$char_traits@D@std@@V?$allocator@D@2@@0@PAV10@00AAU?$_Wrap_alloc@V?$allocator@V?$basic_string@DU?$char_traits@D@std@@V?$allocator@D@2@@std@@@std@@@0@@Z 040024d0 f i MQ2ChatWnd.obj
 0001:000014f0       ??$_Val_type@PAV?$basic_string@DU?$char_traits@D@std@@V?$allocator@D@2@@std@@@std@@YAPAV?$basic_string@DU?$char_traits@D@std@@V?$allocator@D@2@@0@PAV10@@Z 040024f0 f i MQ2ChatWnd.obj
 0001:00001500       ??$addressof@D@std@@YAPADAAD@Z 04002500 f i MQ2ChatWnd.obj
 0001:00001510       ??$advance@V?$_Vector_iterator@V?$_Vector_val@U?$_Simple_types@V?$basic_string@DU?$char_traits@D@std@@V?$allocator@D@2@@std@@@std@@@std@@@std@@H@std@@YAXAAV?$_Vector_iterator@V?$_Vector_val@U?$_Simple_types@V?$basic_string@DU?$char_traits@D@std@@V?$allocator@D@2@@std@@@std@@@std@@@0@H@Z 04002510 f i MQ2ChatWnd.obj
 0001:00001530       ??$construct@PADAAPAD@?$_Wrap_alloc@V?$allocator@D@std@@@std@@QAEXPAPADAAPAD@Z 04002530 f i MQ2ChatWnd.obj
 0001:00001550       ??$construct@PADAAPAD@?$allocator@D@std@@QAEXPAPADAAPAD@Z 04002550 f i MQ2ChatWnd.obj
 0001:00001570       ??$construct@PADAAPAD@?$allocator_traits@V?$allocator@D@std@@@std@@SAXAAV?$allocator@D@1@PAPADAAPAD@Z 04002570 f i MQ2ChatWnd.obj
 0001:00001590       ??$construct@V?$basic_string@DU?$char_traits@D@std@@V?$allocator@D@2@@std@@V12@@?$_Wrap_alloc@V?$allocator@V?$basic_string@DU?$char_traits@D@std@@V?$allocator@D@2@@std@@@std@@@std@@QAEXPAV?$basic_string@DU?$char_traits@D@std@@V?$allocator@D@2@@1@$$QAV21@@Z 04002590 f i MQ2ChatWnd.obj
 0001:000015b0       ??$construct@V?$basic_string@DU?$char_traits@D@std@@V?$allocator@D@2@@std@@V12@@?$allocator@V?$basic_string@DU?$char_traits@D@std@@V?$allocator@D@2@@std@@@std@@QAEXPAV?$basic_string@DU?$char_traits@D@std@@V?$allocator@D@2@@1@$$QAV21@@Z 040025b0 f i MQ2ChatWnd.obj
 0001:000015d0       ??$construct@V?$basic_string@DU?$char_traits@D@std@@V?$allocator@D@2@@std@@V12@@?$allocator_traits@V?$allocator@V?$basic_string@DU?$char_traits@D@std@@V?$allocator@D@2@@std@@@std@@@std@@SAXAAV?$allocator@V?$basic_string@DU?$char_traits@D@std@@V?$allocator@D@2@@std@@@1@PAV?$basic_string@DU?$char_traits@D@std@@V?$allocator@D@2@@1@$$QAV31@@Z 040025d0 f i MQ2ChatWnd.obj
 0001:000015f0       ??$destroy@PAD@?$_Wrap_alloc@V?$allocator@D@std@@@std@@QAEXPAPAD@Z 040025f0 f i MQ2ChatWnd.obj
 0001:00001600       ??$destroy@PAD@?$allocator@D@std@@QAEXPAPAD@Z 04002600 f i MQ2ChatWnd.obj
 0001:00001610       ??$destroy@PAD@?$allocator_traits@V?$allocator@D@std@@@std@@SAXAAV?$allocator@D@1@PAPAD@Z 04002610 f i MQ2ChatWnd.obj
 0001:00001620       ??$destroy@V?$basic_string@DU?$char_traits@D@std@@V?$allocator@D@2@@std@@@?$_Wrap_alloc@V?$allocator@V?$basic_string@DU?$char_traits@D@std@@V?$allocator@D@2@@std@@@std@@@std@@QAEXPAV?$basic_string@DU?$char_traits@D@std@@V?$allocator@D@2@@1@@Z 04002620 f i MQ2ChatWnd.obj
 0001:00001650       ??$destroy@V?$basic_string@DU?$char_traits@D@std@@V?$allocator@D@2@@std@@@?$allocator@V?$basic_string@DU?$char_traits@D@std@@V?$allocator@D@2@@std@@@std@@QAEXPAV?$basic_string@DU?$char_traits@D@std@@V?$allocator@D@2@@1@@Z 04002650 f i MQ2ChatWnd.obj
 0001:00001680       ??$destroy@V?$basic_string@DU?$char_traits@D@std@@V?$allocator@D@2@@std@@@?$allocator_traits@V?$allocator@V?$basic_string@DU?$char_traits@D@std@@V?$allocator@D@2@@std@@@std@@@std@@SAXAAV?$allocator@V?$basic_string@DU?$char_traits@D@std@@V?$allocator@D@2@@std@@@1@PAV?$basic_string@DU?$char_traits@D@std@@V?$allocator@D@2@@1@@Z 04002680 f i MQ2ChatWnd.obj
 0001:000016b0       ??$distance@V?$_Vector_iterator@V?$_Vector_val@U?$_Simple_types@V?$basic_string@DU?$char_traits@D@std@@V?$allocator@D@2@@std@@@std@@@std@@@std@@@std@@YAHV?$_Vector_iterator@V?$_Vector_val@U?$_Simple_types@V?$basic_string@DU?$char_traits@D@std@@V?$allocator@D@2@@std@@@std@@@std@@@0@0@Z 040026b0 f i MQ2ChatWnd.obj
 0001:000016d0       ??$emplace@V?$basic_string@DU?$char_traits@D@std@@V?$allocator@D@2@@std@@@?$vector@V?$basic_string@DU?$char_traits@D@std@@V?$allocator@D@2@@std@@V?$allocator@V?$basic_string@DU?$char_traits@D@std@@V?$allocator@D@2@@std@@@2@@std@@QAE?AV?$_Vector_iterator@V?$_Vector_val@U?$_Simple_types@V?$basic_string@DU?$char_traits@D@std@@V?$allocator@D@2@@std@@@std@@@std@@@1@V?$_Vector_const_iterator@V?$_Vector_val@U?$_Simple_types@V?$basic_string@DU?$char_traits@D@std@@V?$allocator@D@2@@std@@@std@@@std@@@1@$$QAV?$basic_string@DU?$char_traits@D@std@@V?$allocator@D@2@@1@@Z 040026d0 f i MQ2ChatWnd.obj
 0001:00001750       ??$emplace_back@V?$basic_string@DU?$char_traits@D@std@@V?$allocator@D@2@@std@@@?$vector@V?$basic_string@DU?$char_traits@D@std@@V?$allocator@D@2@@std@@V?$allocator@V?$basic_string@DU?$char_traits@D@std@@V?$allocator@D@2@@std@@@2@@std@@QAEX$$QAV?$basic_string@DU?$char_traits@D@std@@V?$allocator@D@2@@1@@Z 04002750 f i MQ2ChatWnd.obj
 0001:00001780       ??$forward@AAPAD@std@@YAAAPADAAPAD@Z 04002780 f i MQ2ChatWnd.obj
 0001:00001790       ??$forward@V?$basic_string@DU?$char_traits@D@std@@V?$allocator@D@2@@std@@@std@@YA$$QAV?$basic_string@DU?$char_traits@D@std@@V?$allocator@D@2@@0@AAV10@@Z 04002790 f i MQ2ChatWnd.obj
 0001:000017a0       ??$iter_swap@PADPAD@std@@YAXPAD0@Z 040027a0 f i MQ2ChatWnd.obj
 0001:000017c0       ??$iter_swap@PAV?$basic_string@DU?$char_traits@D@std@@V?$allocator@D@2@@std@@PAV12@@std@@YAXPAV?$basic_string@DU?$char_traits@D@std@@V?$allocator@D@2@@0@0@Z 040027c0 f i MQ2ChatWnd.obj
 0001:00001800       ??$move@AAV?$basic_string@DU?$char_traits@D@std@@V?$allocator@D@2@@std@@@std@@YA$$QAV?$basic_string@DU?$char_traits@D@std@@V?$allocator@D@2@@0@AAV10@@Z 04002800 f i MQ2ChatWnd.obj
 0001:00001810       ??$rotate@V?$_Vector_iterator@V?$_Vector_val@U?$_Simple_types@V?$basic_string@DU?$char_traits@D@std@@V?$allocator@D@2@@std@@@std@@@std@@@std@@@std@@YA?AV?$_Vector_iterator@V?$_Vector_val@U?$_Simple_types@V?$basic_string@DU?$char_traits@D@std@@V?$allocator@D@2@@std@@@std@@@std@@@0@V10@00@Z 04002810 f i MQ2ChatWnd.obj
 0001:00001860       ??$swap@D$0BA@@std@@YAXAAY0BA@D0@Z 04002860 f i MQ2ChatWnd.obj
 0001:000018a0       ??$swap@D@std@@YAXAAD0@Z   040028a0 f i MQ2ChatWnd.obj
 0001:000018c0       ??$swap@DU?$char_traits@D@std@@V?$allocator@D@2@@std@@YAXAAV?$basic_string@DU?$char_traits@D@std@@V?$allocator@D@2@@0@0@Z 040028c0 f i MQ2ChatWnd.obj
 0001:00001900       ??$swap@I@std@@YAXAAI0@Z   04002900 f i MQ2ChatWnd.obj
 0001:00001920       ??$swap@PAD@std@@YAXAAPAD0@Z 04002920 f i MQ2ChatWnd.obj
 0001:00001940       ??$swap@T_Bxty@?$_String_val@U?$_Simple_types@D@std@@@std@@@std@@YAXAAT_Bxty@?$_String_val@U?$_Simple_types@D@std@@@0@0@Z 04002940 f i MQ2ChatWnd.obj
 0001:00001960       ??0?$_String_alloc@$0A@U?$_String_base_types@DV?$allocator@D@std@@@std@@@std@@QAE@ABV?$allocator@D@1@@Z 04002960 f i MQ2ChatWnd.obj
 0001:00001980       ??0?$_String_val@U?$_Simple_types@D@std@@@std@@QAE@XZ 04002980 f i MQ2ChatWnd.obj
 0001:000019a0       ??0?$_Vector_alloc@$0A@U?$_Vec_base_types@V?$basic_string@DU?$char_traits@D@std@@V?$allocator@D@2@@std@@V?$allocator@V?$basic_string@DU?$char_traits@D@std@@V?$allocator@D@2@@std@@@2@@std@@@std@@QAE@ABV?$allocator@V?$basic_string@DU?$char_traits@D@std@@V?$allocator@D@2@@std@@@1@@Z 040029a0 f i MQ2ChatWnd.obj
 0001:000019c0       ??0?$_Vector_const_iterator@V?$_Vector_val@U?$_Simple_types@V?$basic_string@DU?$char_traits@D@std@@V?$allocator@D@2@@std@@@std@@@std@@@std@@QAE@PAV?$basic_string@DU?$char_traits@D@std@@V?$allocator@D@2@@1@PBU_Container_base0@1@@Z 040029c0 f i MQ2ChatWnd.obj
 0001:000019d0       ??0?$_Vector_iterator@V?$_Vector_val@U?$_Simple_types@V?$basic_string@DU?$char_traits@D@std@@V?$allocator@D@2@@std@@@std@@@std@@@std@@QAE@PAV?$basic_string@DU?$char_traits@D@std@@V?$allocator@D@2@@1@PBU_Container_base0@1@@Z 040029d0 f i MQ2ChatWnd.obj
 0001:000019e0       ??0?$_Vector_val@U?$_Simple_types@V?$basic_string@DU?$char_traits@D@std@@V?$allocator@D@2@@std@@@std@@@std@@QAE@XZ 040029e0 f i MQ2ChatWnd.obj
 0001:00001a00       ??0?$_Wrap_alloc@V?$allocator@D@std@@@std@@QAE@ABV?$allocator@D@1@@Z 04002a00 f i MQ2ChatWnd.obj
 0001:00001a10       ??0?$_Wrap_alloc@V?$allocator@D@std@@@std@@QAE@XZ 04002a10 f i MQ2ChatWnd.obj
 0001:00001a20       ??0?$_Wrap_alloc@V?$allocator@V?$basic_string@DU?$char_traits@D@std@@V?$allocator@D@2@@std@@@std@@@std@@QAE@XZ 04002a20 f i MQ2ChatWnd.obj
 0001:00001a30       ??0?$allocator@D@std@@QAE@ABV01@@Z 04002a30 f i MQ2ChatWnd.obj
 0001:00001a40       ??0?$allocator@D@std@@QAE@XZ 04002a40 f i MQ2ChatWnd.obj
 0001:00001a50       ??0?$allocator@V?$basic_string@DU?$char_traits@D@std@@V?$allocator@D@2@@std@@@std@@QAE@XZ 04002a50 f i MQ2ChatWnd.obj
 0001:00001a60       ??0?$basic_string@DU?$char_traits@D@std@@V?$allocator@D@2@@std@@QAE@$$QAV01@@Z 04002a60 f i MQ2ChatWnd.obj
 0001:00001ad0       ??0?$basic_string@DU?$char_traits@D@std@@V?$allocator@D@2@@std@@QAE@ABV01@@Z 04002ad0 f i MQ2ChatWnd.obj
 0001:00001b00       ??0?$basic_string@DU?$char_traits@D@std@@V?$allocator@D@2@@std@@QAE@PBD@Z 04002b00 f i MQ2ChatWnd.obj
 0001:00001b60       ??0?$vector@V?$basic_string@DU?$char_traits@D@std@@V?$allocator@D@2@@std@@V?$allocator@V?$basic_string@DU?$char_traits@D@std@@V?$allocator@D@2@@std@@@2@@std@@QAE@XZ 04002b60 f i MQ2ChatWnd.obj
 0001:00001b80       ??0CCustomWnd@MQ2Internal@@QAE@PAVCXStr@EQClasses@@@Z 04002b80 f i MQ2ChatWnd.obj
 0001:00001c20       ??0CMQChatWnd@@QAE@PAVCXStr@EQClasses@@@Z 04002c20 f i MQ2ChatWnd.obj
 0001:00001d90       ??0_Generic_error_category@std@@QAE@XZ 04002d90 f i MQ2ChatWnd.obj
 0001:00001da0       ??0_Ignore@std@@QAE@XZ     04002da0 f i MQ2ChatWnd.obj
 0001:00001db0       ??0_Iostream_error_category@std@@QAE@XZ 04002db0 f i MQ2ChatWnd.obj
 0001:00001dc0       ??0_System_error_category@std@@QAE@XZ 04002dc0 f i MQ2ChatWnd.obj
 0001:00001dd0       ??0error_category@std@@QAE@XZ 04002dd0 f i MQ2ChatWnd.obj
 0001:00001de0       ??0error_condition@std@@QAE@HABVerror_category@1@@Z 04002de0 f i MQ2ChatWnd.obj
 0001:00001e00       ??0id@locale@std@@QAE@I@Z  04002e00 f i MQ2ChatWnd.obj
 0001:00001e10       ??1?$basic_string@DU?$char_traits@D@std@@V?$allocator@D@2@@std@@QAE@XZ 04002e10 f i MQ2ChatWnd.obj
 0001:00001e40       ??1?$vector@V?$basic_string@DU?$char_traits@D@std@@V?$allocator@D@2@@std@@V?$allocator@V?$basic_string@DU?$char_traits@D@std@@V?$allocator@D@2@@std@@@2@@std@@QAE@XZ 04002e40 f i MQ2ChatWnd.obj
 0001:00001e80       ??1CCustomWnd@MQ2Internal@@QAE@XZ 04002e80 f i MQ2ChatWnd.obj
 0001:00001ea0       ??1CMQChatWnd@@QAE@XZ      04002ea0 f i MQ2ChatWnd.obj
 0001:00001f00       ??1_Generic_error_category@std@@UAE@XZ 04002f00 f i MQ2ChatWnd.obj
 0001:00001f10       ??1_Iostream_error_category@std@@UAE@XZ 04002f10 f i MQ2ChatWnd.obj
 0001:00001f20       ??1_System_error_category@std@@UAE@XZ 04002f20 f i MQ2ChatWnd.obj
 0001:00001f30       ??1error_category@std@@UAE@XZ 04002f30 f i MQ2ChatWnd.obj
 0001:00001f40       ??2@YAPAXIPAX@Z            04002f40 f i MQ2ChatWnd.obj
 0001:00001f50       ??3@YAXPAX0@Z              04002f50 f i MQ2ChatWnd.obj
 0001:00001f60       ??4?$basic_string@DU?$char_traits@D@std@@V?$allocator@D@2@@std@@QAEAAV01@ABV01@@Z 04002f60 f i MQ2ChatWnd.obj
 0001:00001f80       ??8?$_Vector_const_iterator@V?$_Vector_val@U?$_Simple_types@V?$basic_string@DU?$char_traits@D@std@@V?$allocator@D@2@@std@@@std@@@std@@@std@@QBE_NABV01@@Z 04002f80 f i MQ2ChatWnd.obj
 0001:00001fa0       ??8error_category@std@@QBE_NABV01@@Z 04002fa0 f i MQ2ChatWnd.obj
 0001:00001fb0       ??8error_condition@std@@QBE_NABV01@@Z 04002fb0 f i MQ2ChatWnd.obj
 0001:00001fd0       ??9?$_Vector_const_iterator@V?$_Vector_val@U?$_Simple_types@V?$basic_string@DU?$char_traits@D@std@@V?$allocator@D@2@@std@@@std@@@std@@@std@@QBE_NABV01@@Z 04002fd0 f i MQ2ChatWnd.obj
 0001:00001ff0       ??D?$_Vector_const_iterator@V?$_Vector_val@U?$_Simple_types@V?$basic_string@DU?$char_traits@D@std@@V?$allocator@D@2@@std@@@std@@@std@@@std@@QBEABV?$basic_string@DU?$char_traits@D@std@@V?$allocator@D@2@@1@XZ 04002ff0 f i MQ2ChatWnd.obj
 0001:00002000       ??D?$_Vector_iterator@V?$_Vector_val@U?$_Simple_types@V?$basic_string@DU?$char_traits@D@std@@V?$allocator@D@2@@std@@@std@@@std@@@std@@QBEAAV?$basic_string@DU?$char_traits@D@std@@V?$allocator@D@2@@1@XZ 04003000 f i MQ2ChatWnd.obj
 0001:00002010       ??G?$_Vector_const_iterator@V?$_Vector_val@U?$_Simple_types@V?$basic_string@DU?$char_traits@D@std@@V?$allocator@D@2@@std@@@std@@@std@@@std@@QBEHABV01@@Z 04003010 f i MQ2ChatWnd.obj
 0001:00002030       ??G?$_Vector_iterator@V?$_Vector_val@U?$_Simple_types@V?$basic_string@DU?$char_traits@D@std@@V?$allocator@D@2@@std@@@std@@@std@@@std@@QBE?AV01@H@Z 04003030 f i MQ2ChatWnd.obj
 0001:00002050       ??G?$_Vector_iterator@V?$_Vector_val@U?$_Simple_types@V?$basic_string@DU?$char_traits@D@std@@V?$allocator@D@2@@std@@@std@@@std@@@std@@QBEHABV?$_Vector_const_iterator@V?$_Vector_val@U?$_Simple_types@V?$basic_string@DU?$char_traits@D@std@@V?$allocator@D@2@@std@@@std@@@std@@@1@@Z 04003050 f i MQ2ChatWnd.obj
 0001:00002070       ??H?$_Vector_iterator@V?$_Vector_val@U?$_Simple_types@V?$basic_string@DU?$char_traits@D@std@@V?$allocator@D@2@@std@@@std@@@std@@@std@@QBE?AV01@H@Z 04003070 f i MQ2ChatWnd.obj
 0001:00002090       ??Y?$_Vector_const_iterator@V?$_Vector_val@U?$_Simple_types@V?$basic_string@DU?$char_traits@D@std@@V?$allocator@D@2@@std@@@std@@@std@@@std@@QAEAAV01@H@Z 04003090 f i MQ2ChatWnd.obj
 0001:000020b0       ??Y?$_Vector_iterator@V?$_Vector_val@U?$_Simple_types@V?$basic_string@DU?$char_traits@D@std@@V?$allocator@D@2@@std@@@std@@@std@@@std@@QAEAAV01@H@Z 040030b0 f i MQ2ChatWnd.obj
 0001:000020d0       ??Z?$_Vector_iterator@V?$_Vector_val@U?$_Simple_types@V?$basic_string@DU?$char_traits@D@std@@V?$allocator@D@2@@std@@@std@@@std@@@std@@QAEAAV01@H@Z 040030d0 f i MQ2ChatWnd.obj
 0001:000020e0       ??_G?$basic_string@DU?$char_traits@D@std@@V?$allocator@D@2@@std@@QAEPAXI@Z 040030e0 f i MQ2ChatWnd.obj
 0001:00002120       ??_GCMQChatWnd@@QAEPAXI@Z  04003120 f i MQ2ChatWnd.obj
 0001:00002150       ??_G_Generic_error_category@std@@UAEPAXI@Z 04003150 f i MQ2ChatWnd.obj
 0001:00002150       ??_E_Generic_error_category@std@@UAEPAXI@Z 04003150 f i MQ2ChatWnd.obj
 0001:00002180       ??_E_Iostream_error_category@std@@UAEPAXI@Z 04003180 f i MQ2ChatWnd.obj
 0001:00002180       ??_G_Iostream_error_category@std@@UAEPAXI@Z 04003180 f i MQ2ChatWnd.obj
 0001:000021b0       ??_G_System_error_category@std@@UAEPAXI@Z 040031b0 f i MQ2ChatWnd.obj
 0001:000021b0       ??_E_System_error_category@std@@UAEPAXI@Z 040031b0 f i MQ2ChatWnd.obj
 0001:000021e0       ??_Gerror_category@std@@UAEPAXI@Z 040031e0 f i MQ2ChatWnd.obj
 0001:000021e0       ??_Eerror_category@std@@UAEPAXI@Z 040031e0 f i MQ2ChatWnd.obj
 0001:00002210       ?RemovevfTable@CCustomWnd@MQ2Internal@@QAEXXZ 04003210 f i MQ2ChatWnd.obj
 0001:00002230       ?ReplacevfTable@CCustomWnd@MQ2Internal@@QAEXXZ 04003230 f i MQ2ChatWnd.obj
 0001:00002260       ?SetChatFont@CMQChatWnd@@QAEXH@Z 04003260 f i MQ2ChatWnd.obj
 0001:00002360       ?SetvfTable@CCustomWnd@MQ2Internal@@QAEXKK@Z 04003360 f i MQ2ChatWnd.obj
 0001:00002380       ?WndNotification@CMQChatWnd@@QAEHPAVCXWnd@EQClasses@@IPAX@Z 04003380 f i MQ2ChatWnd.obj
 0001:000027d0       ?_Adopt@_Iterator_base0@std@@QAEXPBX@Z 040037d0 f i MQ2ChatWnd.obj
 0001:000027e0       ?_Assign_rv@?$basic_string@DU?$char_traits@D@std@@V?$allocator@D@2@@std@@QAEX$$QAV12@@Z 040037e0 f i MQ2ChatWnd.obj
 0001:00002840       ?_Change_alloc@?$_String_alloc@$0A@U?$_String_base_types@DV?$allocator@D@std@@@std@@@std@@QAEXABU?$_Wrap_alloc@V?$allocator@D@std@@@2@@Z 04003840 f i MQ2ChatWnd.obj
 0001:00002850       ?_Compat@?$_Vector_const_iterator@V?$_Vector_val@U?$_Simple_types@V?$basic_string@DU?$char_traits@D@std@@V?$allocator@D@2@@std@@@std@@@std@@@std@@QBEXABV12@@Z 04003850 f i MQ2ChatWnd.obj
 0001:00002860       ?_Copy@?$basic_string@DU?$char_traits@D@std@@V?$allocator@D@2@@std@@QAEXII@Z 04003860 f i MQ2ChatWnd.obj
 0001:000029b0       ?_Destroy@?$vector@V?$basic_string@DU?$char_traits@D@std@@V?$allocator@D@2@@std@@V?$allocator@V?$basic_string@DU?$char_traits@D@std@@V?$allocator@D@2@@std@@@2@@std@@IAEXPAV?$basic_string@DU?$char_traits@D@std@@V?$allocator@D@2@@2@0@Z 040039b0 f i MQ2ChatWnd.obj
 0001:000029f0       ?_Eos@?$basic_string@DU?$char_traits@D@std@@V?$allocator@D@2@@std@@QAEXI@Z 040039f0 f i MQ2ChatWnd.obj
 0001:00002a20       ?_Getal@?$_String_alloc@$0A@U?$_String_base_types@DV?$allocator@D@std@@@std@@@std@@QBE?AU?$_Wrap_alloc@V?$allocator@D@std@@@2@XZ 04003a20 f i MQ2ChatWnd.obj
 0001:00002a30       ?_Getal@?$_Vector_alloc@$0A@U?$_Vec_base_types@V?$basic_string@DU?$char_traits@D@std@@V?$allocator@D@2@@std@@V?$allocator@V?$basic_string@DU?$char_traits@D@std@@V?$allocator@D@2@@std@@@2@@std@@@std@@QBE?AU?$_Wrap_alloc@V?$allocator@V?$basic_string@DU?$char_traits@D@std@@V?$allocator@D@2@@std@@@std@@@2@XZ 04003a30 f i MQ2ChatWnd.obj
 0001:00002a40       ?_Grow@?$basic_string@DU?$char_traits@D@std@@V?$allocator@D@2@@std@@QAE_NI_N@Z 04003a40 f i MQ2ChatWnd.obj
 0001:00002b00       ?_Grow_to@?$vector@V?$basic_string@DU?$char_traits@D@std@@V?$allocator@D@2@@std@@V?$allocator@V?$basic_string@DU?$char_traits@D@std@@V?$allocator@D@2@@std@@@2@@std@@IBEII@Z 04003b00 f i MQ2ChatWnd.obj
 0001:00002b50       ?_Inside@?$basic_string@DU?$char_traits@D@std@@V?$allocator@D@2@@std@@QAE_NPBD@Z 04003b50 f i MQ2ChatWnd.obj
 0001:00002b90       ?_Myptr@?$_String_val@U?$_Simple_types@D@std@@@std@@QAEPADXZ 04003b90 f i MQ2ChatWnd.obj
 0001:00002ba0       ?_Myptr@?$_String_val@U?$_Simple_types@D@std@@@std@@QBEPBDXZ 04003ba0 f i MQ2ChatWnd.obj
 0001:00002bb0       ?_Orphan_all@_Container_base0@std@@QAEXXZ 04003bb0 f i MQ2ChatWnd.obj
 0001:00002bc0       ?_Orphan_range@?$vector@V?$basic_string@DU?$char_traits@D@std@@V?$allocator@D@2@@std@@V?$allocator@V?$basic_string@DU?$char_traits@D@std@@V?$allocator@D@2@@std@@@2@@std@@IBEXPAV?$basic_string@DU?$char_traits@D@std@@V?$allocator@D@2@@2@0@Z 04003bc0 f i MQ2ChatWnd.obj
 0001:00002bd0       ?_Reallocate@?$vector@V?$basic_string@DU?$char_traits@D@std@@V?$allocator@D@2@@std@@V?$allocator@V?$basic_string@DU?$char_traits@D@std@@V?$allocator@D@2@@std@@@2@@std@@IAEXI@Z 04003bd0 f i MQ2ChatWnd.obj
 0001:00002cc0       ?_Reserve@?$vector@V?$basic_string@DU?$char_traits@D@std@@V?$allocator@D@2@@std@@V?$allocator@V?$basic_string@DU?$char_traits@D@std@@V?$allocator@D@2@@std@@@2@@std@@IAEXI@Z 04003cc0 f i MQ2ChatWnd.obj
 0001:00002d70       ?_Swap_all@_Container_base0@std@@QAEXAAU12@@Z 04003d70 f i MQ2ChatWnd.obj
 0001:00002d80       ?_Swap_alloc@?$_String_alloc@$0A@U?$_String_base_types@DV?$allocator@D@std@@@std@@@std@@QAEXAAV12@@Z 04003d80 f i MQ2ChatWnd.obj
 0001:00002d90       ?_Swap_bx@?$basic_string@DU?$char_traits@D@std@@V?$allocator@D@2@@std@@QAEXAAV12@@Z 04003d90 f i MQ2ChatWnd.obj
 0001:00002e10       ?_Tidy@?$basic_string@DU?$char_traits@D@std@@V?$allocator@D@2@@std@@QAEX_NI@Z 04003e10 f i MQ2ChatWnd.obj
 0001:00002e60       ?_Tidy@?$vector@V?$basic_string@DU?$char_traits@D@std@@V?$allocator@D@2@@std@@V?$allocator@V?$basic_string@DU?$char_traits@D@std@@V?$allocator@D@2@@std@@@2@@std@@IAEXXZ 04003e60 f i MQ2ChatWnd.obj
 0001:00002ea0       ?_Unchecked@?$_Vector_iterator@V?$_Vector_val@U?$_Simple_types@V?$basic_string@DU?$char_traits@D@std@@V?$allocator@D@2@@std@@@std@@@std@@@std@@QBEPAV?$basic_string@DU?$char_traits@D@std@@V?$allocator@D@2@@2@XZ 04003ea0 f i MQ2ChatWnd.obj
 0001:00002eb0       ?_Unused_capacity@?$vector@V?$basic_string@DU?$char_traits@D@std@@V?$allocator@D@2@@std@@V?$allocator@V?$basic_string@DU?$char_traits@D@std@@V?$allocator@D@2@@std@@@2@@std@@QBEIXZ 04003eb0 f i MQ2ChatWnd.obj
 0001:00002ed0       ?_Xlen@?$basic_string@DU?$char_traits@D@std@@V?$allocator@D@2@@std@@QBEXXZ 04003ed0 f i MQ2ChatWnd.obj
 0001:00002ee0       ?_Xlen@?$vector@V?$basic_string@DU?$char_traits@D@std@@V?$allocator@D@2@@std@@V?$allocator@V?$basic_string@DU?$char_traits@D@std@@V?$allocator@D@2@@std@@@2@@std@@IBEXXZ 04003ee0 f i MQ2ChatWnd.obj
 0001:00002ef0       ?_Xran@?$basic_string@DU?$char_traits@D@std@@V?$allocator@D@2@@std@@QBEXXZ 04003ef0 f i MQ2ChatWnd.obj
 0001:00002f00       ?_Xran@?$vector@V?$basic_string@DU?$char_traits@D@std@@V?$allocator@D@2@@std@@V?$allocator@V?$basic_string@DU?$char_traits@D@std@@V?$allocator@D@2@@std@@@2@@std@@IBEXXZ 04003f00 f i MQ2ChatWnd.obj
 0001:00002f10       ?allocate@?$_Wrap_alloc@V?$allocator@D@std@@@std@@QAEPADI@Z 04003f10 f i MQ2ChatWnd.obj
 0001:00002f40       ?allocate@?$_Wrap_alloc@V?$allocator@V?$basic_string@DU?$char_traits@D@std@@V?$allocator@D@2@@std@@@std@@@std@@QAEPAV?$basic_string@DU?$char_traits@D@std@@V?$allocator@D@2@@2@I@Z 04003f40 f i MQ2ChatWnd.obj
 0001:00002f80       ?allocate@?$allocator@D@std@@QAEPADI@Z 04003f80 f i MQ2ChatWnd.obj
 0001:00002fb0       ?allocate@?$allocator@V?$basic_string@DU?$char_traits@D@std@@V?$allocator@D@2@@std@@@std@@QAEPAV?$basic_string@DU?$char_traits@D@std@@V?$allocator@D@2@@2@I@Z 04003fb0 f i MQ2ChatWnd.obj
 0001:00002ff0       ?assign@?$basic_string@DU?$char_traits@D@std@@V?$allocator@D@2@@std@@QAEAAV12@ABV12@@Z 04003ff0 f i MQ2ChatWnd.obj
 0001:00003010       ?assign@?$basic_string@DU?$char_traits@D@std@@V?$allocator@D@2@@std@@QAEAAV12@ABV12@II@Z 04004010 f i MQ2ChatWnd.obj
 0001:00003140       ?assign@?$basic_string@DU?$char_traits@D@std@@V?$allocator@D@2@@std@@QAEAAV12@PBD@Z 04004140 f i MQ2ChatWnd.obj
 0001:00003180       ?assign@?$basic_string@DU?$char_traits@D@std@@V?$allocator@D@2@@std@@QAEAAV12@PBDI@Z 04004180 f i MQ2ChatWnd.obj
 0001:00003280       ?assign@?$char_traits@D@std@@SAXAADABD@Z 04004280 f i MQ2ChatWnd.obj
 0001:00003290       ?at@?$vector@V?$basic_string@DU?$char_traits@D@std@@V?$allocator@D@2@@std@@V?$allocator@V?$basic_string@DU?$char_traits@D@std@@V?$allocator@D@2@@std@@@2@@std@@QAEAAV?$basic_string@DU?$char_traits@D@std@@V?$allocator@D@2@@2@I@Z 04004290 f i MQ2ChatWnd.obj
 0001:000032d0       ?begin@?$vector@V?$basic_string@DU?$char_traits@D@std@@V?$allocator@D@2@@std@@V?$allocator@V?$basic_string@DU?$char_traits@D@std@@V?$allocator@D@2@@std@@@2@@std@@QAE?AV?$_Vector_iterator@V?$_Vector_val@U?$_Simple_types@V?$basic_string@DU?$char_traits@D@std@@V?$allocator@D@2@@std@@@std@@@std@@@2@XZ 040042d0 f i MQ2ChatWnd.obj
 0001:000032e0       ?c_str@?$basic_string@DU?$char_traits@D@std@@V?$allocator@D@2@@std@@QBEPBDXZ 040042e0 f i MQ2ChatWnd.obj
 0001:000032f0       ?capacity@?$vector@V?$basic_string@DU?$char_traits@D@std@@V?$allocator@D@2@@std@@V?$allocator@V?$basic_string@DU?$char_traits@D@std@@V?$allocator@D@2@@std@@@2@@std@@QBEIXZ 040042f0 f i MQ2ChatWnd.obj
 0001:00003310       ?category@error_code@std@@QBEABVerror_category@2@XZ 04004310 f i MQ2ChatWnd.obj
 0001:00003320       ?category@error_condition@std@@QBEABVerror_category@2@XZ 04004320 f i MQ2ChatWnd.obj
 0001:00003330       ?compare@?$basic_string@DU?$char_traits@D@std@@V?$allocator@D@2@@std@@QBEHIIPBDI@Z 04004330 f i MQ2ChatWnd.obj
 0001:000033a0       ?compare@?$basic_string@DU?$char_traits@D@std@@V?$allocator@D@2@@std@@QBEHPBD@Z 040043a0 f i MQ2ChatWnd.obj
 0001:000033e0       ?compare@?$char_traits@D@std@@SAHPBD0I@Z 040043e0 f i MQ2ChatWnd.obj
 0001:00003450       ?copy@?$char_traits@D@std@@SAPADPADPBDI@Z 04004450 f i MQ2ChatWnd.obj
 0001:00003470       ?deallocate@?$_Wrap_alloc@V?$allocator@D@std@@@std@@QAEXPADI@Z 04004470 f i MQ2ChatWnd.obj
 0001:00003490       ?deallocate@?$_Wrap_alloc@V?$allocator@V?$basic_string@DU?$char_traits@D@std@@V?$allocator@D@2@@std@@@std@@@std@@QAEXPAV?$basic_string@DU?$char_traits@D@std@@V?$allocator@D@2@@2@I@Z 04004490 f i MQ2ChatWnd.obj
 0001:000034b0       ?deallocate@?$allocator@D@std@@QAEXPADI@Z 040044b0 f i MQ2ChatWnd.obj
 0001:000034d0       ?deallocate@?$allocator@V?$basic_string@DU?$char_traits@D@std@@V?$allocator@D@2@@std@@@std@@QAEXPAV?$basic_string@DU?$char_traits@D@std@@V?$allocator@D@2@@2@I@Z 040044d0 f i MQ2ChatWnd.obj
 0001:000034f0       ?default_error_condition@_System_error_category@std@@UBE?AVerror_condition@2@H@Z 040044f0 f i MQ2ChatWnd.obj
 0001:00003530       ?default_error_condition@error_category@std@@UBE?AVerror_condition@2@H@Z 04004530 f i MQ2ChatWnd.obj
 0001:00003550       ?end@?$vector@V?$basic_string@DU?$char_traits@D@std@@V?$allocator@D@2@@std@@V?$allocator@V?$basic_string@DU?$char_traits@D@std@@V?$allocator@D@2@@std@@@2@@std@@QAE?AV?$_Vector_iterator@V?$_Vector_val@U?$_Simple_types@V?$basic_string@DU?$char_traits@D@std@@V?$allocator@D@2@@std@@@std@@@std@@@2@XZ 04004550 f i MQ2ChatWnd.obj
 0001:00003560       ?equivalent@error_category@std@@UBE_NABVerror_code@2@H@Z 04004560 f i MQ2ChatWnd.obj
 0001:00003580       ?equivalent@error_category@std@@UBE_NHABVerror_condition@2@@Z 04004580 f i MQ2ChatWnd.obj
 0001:000035c0       ?erase@?$basic_string@DU?$char_traits@D@std@@V?$allocator@D@2@@std@@QAEAAV12@I@Z 040045c0 f i MQ2ChatWnd.obj
 0001:00003600       ?erase@?$basic_string@DU?$char_traits@D@std@@V?$allocator@D@2@@std@@QAEAAV12@II@Z 04004600 f i MQ2ChatWnd.obj
 0001:000036a0       ?front@?$vector@V?$basic_string@DU?$char_traits@D@std@@V?$allocator@D@2@@std@@V?$allocator@V?$basic_string@DU?$char_traits@D@std@@V?$allocator@D@2@@std@@@2@@std@@QAEAAV?$basic_string@DU?$char_traits@D@std@@V?$allocator@D@2@@2@XZ 040046a0 f i MQ2ChatWnd.obj
 0001:000036b0       ?generic_category@std@@YAABVerror_category@1@XZ 040046b0 f i MQ2ChatWnd.obj
 0001:000036c0       ?insert@?$vector@V?$basic_string@DU?$char_traits@D@std@@V?$allocator@D@2@@std@@V?$allocator@V?$basic_string@DU?$char_traits@D@std@@V?$allocator@D@2@@std@@@2@@std@@QAE?AV?$_Vector_iterator@V?$_Vector_val@U?$_Simple_types@V?$basic_string@DU?$char_traits@D@std@@V?$allocator@D@2@@std@@@std@@@std@@@2@V?$_Vector_const_iterator@V?$_Vector_val@U?$_Simple_types@V?$basic_string@DU?$char_traits@D@std@@V?$allocator@D@2@@std@@@std@@@std@@@2@$$QAV?$basic_string@DU?$char_traits@D@std@@V?$allocator@D@2@@2@@Z 040046c0 f i MQ2ChatWnd.obj
 0001:000036e0       ?length@?$char_traits@D@std@@SAIPBD@Z 040046e0 f i MQ2ChatWnd.obj
 0001:00003700       ?max_size@?$_Wrap_alloc@V?$allocator@D@std@@@std@@QBEIXZ 04004700 f i MQ2ChatWnd.obj
 0001:00003710       ?max_size@?$_Wrap_alloc@V?$allocator@V?$basic_string@DU?$char_traits@D@std@@V?$allocator@D@2@@std@@@std@@@std@@QBEIXZ 04004710 f i MQ2ChatWnd.obj
 0001:00003720       ?max_size@?$allocator@D@std@@QBEIXZ 04004720 f i MQ2ChatWnd.obj
 0001:00003730       ?max_size@?$allocator@V?$basic_string@DU?$char_traits@D@std@@V?$allocator@D@2@@std@@@std@@QBEIXZ 04004730 f i MQ2ChatWnd.obj
 0001:00003740       ?max_size@?$allocator_traits@V?$allocator@D@std@@@std@@SAIABV?$allocator@D@2@@Z 04004740 f i MQ2ChatWnd.obj
 0001:00003750       ?max_size@?$allocator_traits@V?$allocator@V?$basic_string@DU?$char_traits@D@std@@V?$allocator@D@2@@std@@@std@@@std@@SAIABV?$allocator@V?$basic_string@DU?$char_traits@D@std@@V?$allocator@D@2@@std@@@2@@Z 04004750 f i MQ2ChatWnd.obj
 0001:00003760       ?max_size@?$basic_string@DU?$char_traits@D@std@@V?$allocator@D@2@@std@@QBEIXZ 04004760 f i MQ2ChatWnd.obj
 0001:00003770       ?max_size@?$vector@V?$basic_string@DU?$char_traits@D@std@@V?$allocator@D@2@@std@@V?$allocator@V?$basic_string@DU?$char_traits@D@std@@V?$allocator@D@2@@std@@@2@@std@@QBEIXZ 04004770 f i MQ2ChatWnd.obj
 0001:00003780       ?message@_Generic_error_category@std@@UBE?AV?$basic_string@DU?$char_traits@D@std@@V?$allocator@D@2@@2@H@Z 04004780 f i MQ2ChatWnd.obj
 0001:000037f0       ?message@_Iostream_error_category@std@@UBE?AV?$basic_string@DU?$char_traits@D@std@@V?$allocator@D@2@@2@H@Z 040047f0 f i MQ2ChatWnd.obj
 0001:00003840       ?message@_System_error_category@std@@UBE?AV?$basic_string@DU?$char_traits@D@std@@V?$allocator@D@2@@2@H@Z 04004840 f i MQ2ChatWnd.obj
 0001:000038b0       ?move@?$char_traits@D@std@@SAPADPADPBDI@Z 040048b0 f i MQ2ChatWnd.obj
 0001:000038d0       ?name@_Generic_error_category@std@@UBEPBDXZ 040048d0 f i MQ2ChatWnd.obj
 0001:000038e0       ?name@_Iostream_error_category@std@@UBEPBDXZ 040048e0 f i MQ2ChatWnd.obj
 0001:000038f0       ?name@_System_error_category@std@@UBEPBDXZ 040048f0 f i MQ2ChatWnd.obj
 0001:00003900       ?pXWnd@CSidlScreenWnd@EQClasses@@QAEPAVCXWnd@2@XZ 04004900 f i MQ2ChatWnd.obj
 0001:00003910       ?pop_back@?$vector@V?$basic_string@DU?$char_traits@D@std@@V?$allocator@D@2@@std@@V?$allocator@V?$basic_string@DU?$char_traits@D@std@@V?$allocator@D@2@@std@@@2@@std@@QAEXXZ 04004910 f i MQ2ChatWnd.obj
 0001:00003950       ?select_on_container_copy_construction@?$_Wrap_alloc@V?$allocator@D@std@@@std@@QBE?AU12@XZ 04004950 f i MQ2ChatWnd.obj
 0001:00003960       ?select_on_container_copy_construction@?$allocator@D@std@@QBE?AV12@XZ 04004960 f i MQ2ChatWnd.obj
 0001:00003970       ?select_on_container_copy_construction@?$allocator_traits@V?$allocator@D@std@@@std@@SA?AV?$allocator@D@2@ABV32@@Z 04004970 f i MQ2ChatWnd.obj
 0001:00003980       ?size@?$basic_string@DU?$char_traits@D@std@@V?$allocator@D@2@@std@@QBEIXZ 04004980 f i MQ2ChatWnd.obj
 0001:00003990       ?size@?$vector@V?$basic_string@DU?$char_traits@D@std@@V?$allocator@D@2@@std@@V?$allocator@V?$basic_string@DU?$char_traits@D@std@@V?$allocator@D@2@@std@@@2@@std@@QBEIXZ 04004990 f i MQ2ChatWnd.obj
 0001:000039b0       ?swap@?$basic_string@DU?$char_traits@D@std@@V?$allocator@D@2@@std@@QAEXAAV12@@Z 040049b0 f i MQ2ChatWnd.obj
 0001:000039f0       ?system_category@std@@YAABVerror_category@1@XZ 040049f0 f i MQ2ChatWnd.obj
 0001:00003a00       ?value@error_code@std@@QBEHXZ 04004a00 f i MQ2ChatWnd.obj
 0001:00003a10       ?value@error_condition@std@@QBEHXZ 04004a10 f i MQ2ChatWnd.obj
 0001:00003a20       _hypot                     04004a20 f i MQ2ChatWnd.obj
 0001:00003a46       _GetPrivateProfileIntA@16  04004a46 f   kernel32:KERNEL32.dll
 0001:00003a4c       _GetPrivateProfileStringA@24 04004a4c f   kernel32:KERNEL32.dll
 0001:00003a52       _WritePrivateProfileStringA@16 04004a52 f   kernel32:KERNEL32.dll
 0001:00003a58       ??0bad_alloc@std@@QAE@ABV01@@Z 04004a58 f i libcpmt:xthrow.obj
 0001:00003a73       ??0bad_alloc@std@@QAE@XZ   04004a73 f i libcpmt:xthrow.obj
 0001:00003a99       ??0bad_function_call@std@@QAE@ABV01@@Z 04004a99 f i libcpmt:xthrow.obj
 0001:00003ab4       ??0bad_function_call@std@@QAE@PBD@Z 04004ab4 f i libcpmt:xthrow.obj
 0001:00003ac8       ??0invalid_argument@std@@QAE@ABV01@@Z 04004ac8 f i libcpmt:xthrow.obj
 0001:00003ae3       ??0invalid_argument@std@@QAE@PBD@Z 04004ae3 f i libcpmt:xthrow.obj
 0001:00003b05       ??0length_error@std@@QAE@ABV01@@Z 04004b05 f i libcpmt:xthrow.obj
 0001:00003b20       ??0length_error@std@@QAE@PBD@Z 04004b20 f i libcpmt:xthrow.obj
 0001:00003b42       ??0logic_error@std@@QAE@ABV01@@Z 04004b42 f i libcpmt:xthrow.obj
 0001:00003b5d       ??0logic_error@std@@QAE@PBD@Z 04004b5d f i libcpmt:xthrow.obj
 0001:00003b79       ??0out_of_range@std@@QAE@ABV01@@Z 04004b79 f i libcpmt:xthrow.obj
 0001:00003b94       ??0out_of_range@std@@QAE@PBD@Z 04004b94 f i libcpmt:xthrow.obj
 0001:00003bb6       ??0overflow_error@std@@QAE@ABV01@@Z 04004bb6 f i libcpmt:xthrow.obj
 0001:00003bd1       ??0overflow_error@std@@QAE@PBD@Z 04004bd1 f i libcpmt:xthrow.obj
 0001:00003bf3       ??0regex_error@std@@QAE@ABV01@@Z 04004bf3 f i libcpmt:xthrow.obj
 0001:00003c17       ??0regex_error@std@@QAE@W4error_type@regex_constants@1@@Z 04004c17 f i libcpmt:xthrow.obj
 0001:00003c47       ??0runtime_error@std@@QAE@ABV01@@Z 04004c47 f i libcpmt:xthrow.obj
 0001:00003c62       ??0runtime_error@std@@QAE@PBD@Z 04004c62 f i libcpmt:xthrow.obj
 0001:00003c7e       ??1bad_alloc@std@@UAE@XZ   04004c7e f i libcpmt:xthrow.obj
 0001:00003c89       ??1bad_function_call@std@@UAE@XZ 04004c89 f i libcpmt:xthrow.obj
 0001:00003c8e       ??1invalid_argument@std@@UAE@XZ 04004c8e f i libcpmt:xthrow.obj
 0001:00003c93       ??1length_error@std@@UAE@XZ 04004c93 f i libcpmt:xthrow.obj
 0001:00003c98       ??1logic_error@std@@UAE@XZ 04004c98 f i libcpmt:xthrow.obj
 0001:00003c9d       ??1out_of_range@std@@UAE@XZ 04004c9d f i libcpmt:xthrow.obj
 0001:00003ca2       ??1overflow_error@std@@UAE@XZ 04004ca2 f i libcpmt:xthrow.obj
 0001:00003ca7       ??1regex_error@std@@UAE@XZ 04004ca7 f i libcpmt:xthrow.obj
 0001:00003cac       ??1runtime_error@std@@UAE@XZ 04004cac f i libcpmt:xthrow.obj
 0001:00003cb1       ??_Gbad_alloc@std@@UAEPAXI@Z 04004cb1 f i libcpmt:xthrow.obj
 0001:00003cb1       ??_Ebad_alloc@std@@UAEPAXI@Z 04004cb1 f i libcpmt:xthrow.obj
 0001:00003cd6       ??_Gbad_function_call@std@@UAEPAXI@Z 04004cd6 f i libcpmt:xthrow.obj
 0001:00003cd6       ??_Ebad_function_call@std@@UAEPAXI@Z 04004cd6 f i libcpmt:xthrow.obj
 0001:00003cf5       ??_Einvalid_argument@std@@UAEPAXI@Z 04004cf5 f i libcpmt:xthrow.obj
 0001:00003cf5       ??_Ginvalid_argument@std@@UAEPAXI@Z 04004cf5 f i libcpmt:xthrow.obj
 0001:00003d14       ??_Glength_error@std@@UAEPAXI@Z 04004d14 f i libcpmt:xthrow.obj
 0001:00003d14       ??_Elength_error@std@@UAEPAXI@Z 04004d14 f i libcpmt:xthrow.obj
 0001:00003d33       ??_Glogic_error@std@@UAEPAXI@Z 04004d33 f i libcpmt:xthrow.obj
 0001:00003d33       ??_Elogic_error@std@@UAEPAXI@Z 04004d33 f i libcpmt:xthrow.obj
 0001:00003d52       ??_Gout_of_range@std@@UAEPAXI@Z 04004d52 f i libcpmt:xthrow.obj
 0001:00003d52       ??_Eout_of_range@std@@UAEPAXI@Z 04004d52 f i libcpmt:xthrow.obj
 0001:00003d71       ??_Goverflow_error@std@@UAEPAXI@Z 04004d71 f i libcpmt:xthrow.obj
 0001:00003d71       ??_Eoverflow_error@std@@UAEPAXI@Z 04004d71 f i libcpmt:xthrow.obj
 0001:00003d90       ??_Eregex_error@std@@UAEPAXI@Z 04004d90 f i libcpmt:xthrow.obj
 0001:00003d90       ??_Gregex_error@std@@UAEPAXI@Z 04004d90 f i libcpmt:xthrow.obj
 0001:00003daf       ??_Eruntime_error@std@@UAEPAXI@Z 04004daf f i libcpmt:xthrow.obj
 0001:00003daf       ??_Gruntime_error@std@@UAEPAXI@Z 04004daf f i libcpmt:xthrow.obj
 0001:00003dce       ?_Stringify@regex_error@std@@CAPBDW4error_type@regex_constants@2@@Z 04004dce f i libcpmt:xthrow.obj
 0001:00003e8e       ?_Xbad_alloc@std@@YAXXZ    04004e8e f   libcpmt:xthrow.obj
 0001:00003ebf       ?_Xbad_function_call@std@@YAXXZ 04004ebf f   libcpmt:xthrow.obj
 0001:00003ee3       ?_Xinvalid_argument@std@@YAXPBD@Z 04004ee3 f   libcpmt:xthrow.obj
 0001:00003f11       ?_Xlength_error@std@@YAXPBD@Z 04004f11 f   libcpmt:xthrow.obj
 0001:00003f3f       ?_Xout_of_range@std@@YAXPBD@Z 04004f3f f   libcpmt:xthrow.obj
 0001:00003f6d       ?_Xoverflow_error@std@@YAXPBD@Z 04004f6d f   libcpmt:xthrow.obj
 0001:00003f9b       ?_Xregex_error@std@@YAXW4error_type@regex_constants@1@@Z 04004f9b f   libcpmt:xthrow.obj
 0001:00003fbb       ?_Xruntime_error@std@@YAXPBD@Z 04004fbb f   libcpmt:xthrow.obj
 0001:00003fe9       ?what@bad_function_call@std@@UBEPBDXZ 04004fe9 f i libcpmt:xthrow.obj
 0001:00003fef       ?_Syserror_map@std@@YAPBDH@Z 04004fef f   libcpmt:syserror.obj
 0001:00004019       ?_Winerror_map@std@@YAPBDH@Z 04005019 f   libcpmt:syserror.obj
 0001:00004044       ??1CXStr@EQClasses@@QAE@XZ 04005044 f   MQ2Main:MQ2Main.dll
 0001:0000404a       ??0CXStr@EQClasses@@QAE@PBD@Z 0400504a f   MQ2Main:MQ2Main.dll
 0001:00004050       ??0CXStr@EQClasses@@QAE@ABV01@@Z 04005050 f   MQ2Main:MQ2Main.dll
 0001:00004056       ?GetScreenRect@CXWnd@EQClasses@@QBE?AVCXRect@2@XZ 04005056 f   MQ2Main:MQ2Main.dll
 0001:0000405c       ?DoAllDrawing@CXWnd@EQClasses@@QBEHXZ 0400505c f   MQ2Main:MQ2Main.dll
 0001:00004062       ?Show@CXWnd@EQClasses@@QAEH_N00@Z 04005062 f   MQ2Main:MQ2Main.dll
 0001:00004068       ?ClrFocus@CXWnd@EQClasses@@QAEXXZ 04005068 f   MQ2Main:MQ2Main.dll
 0001:0000406e       ?HandleLButtonDown@CXWnd@EQClasses@@QAEHPAVCXPoint@2@I@Z 0400506e f   MQ2Main:MQ2Main.dll
 0001:00004074       ?OnMinimizeBox@CXWnd@EQClasses@@QAEHXZ 04005074 f   MQ2Main:MQ2Main.dll
 0001:0000407a       ?SetVScrollPos@CXWnd@EQClasses@@QAEHH@Z 0400507a f   MQ2Main:MQ2Main.dll
 0001:00004080       ?SetWindowTextA@CXWnd@EQClasses@@QAEXAAVCXStr@2@@Z 04005080 f   MQ2Main:MQ2Main.dll
 0001:00004086       ?SetFont@CXWnd@EQClasses@@QAEHPAX@Z 04005086 f   MQ2Main:MQ2Main.dll
 0001:0000408c       ?GetChildItem@CSidlScreenWnd@EQClasses@@QAEPAVCXWnd@2@PAD@Z 0400508c f   MQ2Main:MQ2Main.dll
 0001:00004092       ??0CSidlScreenWnd@EQClasses@@QAE@PAVCXWnd@1@PAVCXStr@1@HHPAD@Z 04005092 f   MQ2Main:MQ2Main.dll
 0001:00004098       ?CreateChildrenFromSidl@CSidlScreenWnd@EQClasses@@QAEXXZ 04005098 f   MQ2Main:MQ2Main.dll
 0001:0000409e       ??1CSidlScreenWnd@EQClasses@@QAE@XZ 0400509e f   MQ2Main:MQ2Main.dll
 0001:000040a4       ?WndNotification@CSidlScreenWnd@EQClasses@@QAEHPAVCXWnd@2@IPAX@Z 040050a4 f   MQ2Main:MQ2Main.dll
 0001:000040aa       ?GetRGBAFromIndex@CChatManager@EQClasses@@QAEKH@Z 040050aa f   MQ2Main:MQ2Main.dll
 0001:000040b0       ?Clear@CChatWindow@EQClasses@@QAEXXZ 040050b0 f   MQ2Main:MQ2Main.dll
 0001:000040b6       ?WndNotification@CChatWindow@EQClasses@@QAEHPAVCXWnd@2@IPAX@Z 040050b6 f   MQ2Main:MQ2Main.dll
 0001:000040bc       ?SetMaxChars@CEditBaseWnd@EQClasses@@QAEXH@Z 040050bc f   MQ2Main:MQ2Main.dll
 0001:000040c2       ?AppendSTML@CStmlWnd@EQClasses@@QAE?AVCXSize@2@VCXStr@2@@Z 040050c2 f   MQ2Main:MQ2Main.dll
 0001:000040c8       ?GetSTMLText@CStmlWnd@EQClasses@@QBE?AVCXStr@2@XZ 040050c8 f   MQ2Main:MQ2Main.dll
 0001:000040ce       ?ForceParseNow@CStmlWnd@EQClasses@@QAEXXZ 040050ce f   MQ2Main:MQ2Main.dll
 0001:000040d4       ?SetSTMLText@CStmlWnd@EQClasses@@QAEXVCXStr@2@_NPAVSLinkInfo@2@@Z 040050d4 f   MQ2Main:MQ2Main.dll
 0001:000040da       ?StripFirstSTMLLines@CStmlWnd@EQClasses@@QAEXH@Z 040050da f   MQ2Main:MQ2Main.dll
 0001:000040e0       ?CenterPoint@CXRect@EQClasses@@QBE?AVCXPoint@2@XZ 040050e0 f   MQ2Main:MQ2Main.dll
 0001:000040e6       _ExitMQ2Benchmark          040050e6 f   MQ2Main:MQ2Main.dll
 0001:000040ec       _EnterMQ2Benchmark         040050ec f   MQ2Main:MQ2Main.dll
 0001:000040f2       _RemoveMQ2Benchmark        040050f2 f   MQ2Main:MQ2Main.dll
 0001:000040f8       _AddMQ2Benchmark           040050f8 f   MQ2Main:MQ2Main.dll
 0001:000040fe       _WriteChatf                040050fe f   MQ2Main:MQ2Main.dll
 0001:00004104       _WriteChatColor            04005104 f   MQ2Main:MQ2Main.dll
 0001:0000410a       _AddCommand                0400510a f   MQ2Main:MQ2Main.dll
 0001:00004110       _RemoveCommand             04005110 f   MQ2Main:MQ2Main.dll
 0001:00004116       _Echo                      04005116 f   MQ2Main:MQ2Main.dll
 0001:0000411c       _SetMQ2KeyBind             0400511c f   MQ2Main:MQ2Main.dll
 0001:00004122       _AddMQ2KeyBind             04005122 f   MQ2Main:MQ2Main.dll
 0001:00004128       _RemoveMQ2KeyBind          04005128 f   MQ2Main:MQ2Main.dll
 0001:0000412e       _DebugSpew                 0400512e f   MQ2Main:MQ2Main.dll
 0001:00004134       _DebugSpewAlways           04005134 f   MQ2Main:MQ2Main.dll
 0001:0000413a       _HideDoCommand             0400513a f   MQ2Main:MQ2Main.dll
 0001:00004140       _SetCXStr                  04005140 f   MQ2Main:MQ2Main.dll
 0001:00004146       _GetCXStr                  04005146 f   MQ2Main:MQ2Main.dll
 0001:0000414c       _MQToSTML                  0400514c f   MQ2Main:MQ2Main.dll
 0001:00004152       _ConvertItemTags           04005152 f   MQ2Main:MQ2Main.dll
 0001:00004158       _ParseKeyCombo             04005158 f   MQ2Main:MQ2Main.dll
 0001:0000415e       _InHoverState              0400515e f   MQ2Main:MQ2Main.dll
 0001:00004164       __get_purecall_handler     04005164 f   LIBCMT:purevirt.obj
 0001:00004171       __purecall                 04005171 f   LIBCMT:purevirt.obj
 0001:00004193       __set_purecall_handler     04005193 f   LIBCMT:purevirt.obj
 0001:000041b8       ??2@YAPAXI@Z               040051b8 f   LIBCMT:new.obj
 0001:00004209       ??3@YAXPAX@Z               04005209 f   LIBCMT:delete.obj
 0001:0000420e       ___onexitinit              0400520e f   LIBCMT:onexit.obj
 0001:0000423d       __onexit                   0400523d f   LIBCMT:onexit.obj
 0001:00004339       _atexit                    04005339 f   LIBCMT:onexit.obj
 0001:00004350       _memmove                   04005350 f   LIBCMT:memmove.obj
 0001:00004994       __sscanf_l                 04005994 f   LIBCMT:sscanf.obj
 0001:000049b3       __sscanf_s_l               040059b3 f   LIBCMT:sscanf.obj
 0001:000049d2       _sscanf                    040059d2 f   LIBCMT:sscanf.obj
 0001:000049f0       _sscanf_s                  040059f0 f   LIBCMT:sscanf.obj
 0001:00004a81       _vsscanf                   04005a81 f   LIBCMT:sscanf.obj
 0001:00004a9e       _vsscanf_s                 04005a9e f   LIBCMT:sscanf.obj
 0001:00004abb       __scprintf                 04005abb f   LIBCMT:sprintf.obj
 0001:00004ace       __scprintf_l               04005ace f   LIBCMT:sprintf.obj
 0001:00004ae5       __scprintf_p               04005ae5 f   LIBCMT:sprintf.obj
 0001:00004af8       __scprintf_p_l             04005af8 f   LIBCMT:sprintf.obj
 0001:00004b0f       __snprintf_s               04005b0f f   LIBCMT:sprintf.obj
 0001:00004b2e       __snprintf_s_l             04005b2e f   LIBCMT:sprintf.obj
 0001:00004b4e       __sprintf_l                04005b4e f   LIBCMT:sprintf.obj
 0001:00004b68       __sprintf_p                04005b68 f   LIBCMT:sprintf.obj
 0001:00004b84       __sprintf_p_l              04005b84 f   LIBCMT:sprintf.obj
 0001:00004ba1       __sprintf_s_l              04005ba1 f   LIBCMT:sprintf.obj
 0001:00004bbe       _sprintf                   04005bbe f   LIBCMT:sprintf.obj
 0001:00004c42       _sprintf_s                 04005c42 f   LIBCMT:sprintf.obj
 0001:00004c5e       __atoi64                   04005c5e f   LIBCMT:atox.obj
 0001:00004c72       __atoi64_l                 04005c72 f   LIBCMT:atox.obj
 0001:00004c89       __atoi_l                   04005c89 f   LIBCMT:atox.obj
 0001:00004c92       __atol_l                   04005c92 f   LIBCMT:atox.obj
 0001:00004ca9       __atoll_l                  04005ca9 f   LIBCMT:atox.obj
 0001:00004cc0       _atoi                      04005cc0 f   LIBCMT:atox.obj
 0001:00004cc9       _atol                      04005cc9 f   LIBCMT:atox.obj
 0001:00004cdd       _atoll                     04005cdd f   LIBCMT:atox.obj
 0001:00004cf1       __cabs                     04005cf1 f   LIBCMT:hypot.obj
 0001:00004d10       __hypot                    04005d10 f   LIBCMT:hypot.obj
 0001:00004f7b       __CxxThrowException@8      04005f7b f   LIBCMT:throw.obj
 0001:000050ae       ?_CallCatchBlock2@@YAPAXPAUEHRegistrationNode@@PBU_s_FuncInfo@@PAXHK@Z 040060ae f   LIBCMT:_trnsctrl_.obj
 0001:0000510e       ?_CallMemberFunction0@@YGXPAX0@Z 0400610e f   LIBCMT:_trnsctrl_.obj
 0001:00005115       ?_CallMemberFunction1@@YGXPAX00@Z 04006115 f   LIBCMT:_trnsctrl_.obj
 0001:0000511c       ?_CallMemberFunction2@@YGXPAX00H@Z 0400611c f   LIBCMT:_trnsctrl_.obj
 0001:00005123       ?_CallSETranslator@@YAHPAUEHExceptionRecord@@PAUEHRegistrationNode@@PAX2PBU_s_FuncInfo@@H1@Z 04006123 f   LIBCMT:_trnsctrl_.obj
 0001:000051fa       ?_GetRangeOfTrysToCheck@@YAPBU_s_TryBlockMapEntry@@PBU_s_FuncInfo@@HHPAI1@Z 040061fa f   LIBCMT:_trnsctrl_.obj
 0001:00005278       ?_JumpToContinuation@@YGXPAXPAUEHRegistrationNode@@@Z 04006278 f   LIBCMT:_trnsctrl_.obj
 0001:000052aa       ?_UnwindNestedFrames@@YGXPAUEHRegistrationNode@@PAUEHExceptionRecord@@@Z 040062aa f   LIBCMT:_trnsctrl_.obj
 0001:000052ff       __CreateFrameInfo          040062ff f   LIBCMT:_trnsctrl_.obj
 0001:00005329       __FindAndUnlinkFrame       04006329 f   LIBCMT:_trnsctrl_.obj
 0001:00005379       __IsExceptionObjectToBeDestroyed 04006379 f   LIBCMT:_trnsctrl_.obj
 0001:000053a2       ___CxxFrameHandler         040063a2 f   LIBCMT:_trnsctrl_.obj
 0001:000053d8       ___CxxFrameHandler2        040063d8 f   LIBCMT:_trnsctrl_.obj
 0001:0000540e       ___CxxFrameHandler3        0400640e f   LIBCMT:_trnsctrl_.obj
 0001:00005444       ___CxxLongjmpUnwind@4      04006444 f   LIBCMT:_trnsctrl_.obj
 0001:00005470       _memcpy                    04006470 f   LIBCMT:memcpy.obj
 0001:00005ac0       _memset                    04006ac0 f   LIBCMT:memset.obj
 0001:00005b50       ??0type_info@@AAE@ABV0@@Z  04006b50 f   LIBCMT:typinfo.obj
 0001:00005b5b       ??1type_info@@UAE@XZ       04006b5b f   LIBCMT:typinfo.obj
 0001:00005b69       ??4type_info@@AAEAAV0@ABV0@@Z 04006b69 f   LIBCMT:typinfo.obj
 0001:00005b6e       ??8type_info@@QBE_NABV0@@Z 04006b6e f   LIBCMT:typinfo.obj
 0001:00005b8c       ??9type_info@@QBE_NABV0@@Z 04006b8c f   LIBCMT:typinfo.obj
 0001:00005bab       ??_Etype_info@@UAEPAXI@Z   04006bab f i LIBCMT:typinfo.obj
 0001:00005bab       ??_Gtype_info@@UAEPAXI@Z   04006bab f i LIBCMT:typinfo.obj
 0001:00005bca       ?_name_internal_method@type_info@@QBEPBDPAU__type_info_node@@@Z 04006bca f   LIBCMT:typinfo.obj
 0001:00005bdc       ?_type_info_dtor_internal_method@type_info@@QAEXXZ 04006bdc f   LIBCMT:typinfo.obj
 0001:00005be4       ?before@type_info@@QBE_NABV1@@Z 04006be4 f   LIBCMT:typinfo.obj
 0001:00005c04       ?name@type_info@@QBEPBDPAU__type_info_node@@@Z 04006c04 f   LIBCMT:typinfo.obj
 0001:00005c16       ?raw_name@type_info@@QBEPBDXZ 04006c16 f   LIBCMT:typinfo.obj
 0001:00005c1a       __fpmath                   04006c1a f   LIBCMT:fpinit.obj
 0001:00005c31       ___setfflag                04006c31 f   LIBCMT:fpinit.obj
 0001:00005c44       __cfltcvt_init             04006c44 f   LIBCMT:fpinit.obj
 0001:00005ca4       __CRT_INIT@12              04006ca4 f   LIBCMT:dllcrt0.obj
 0001:00005e16       __DllMainCRTStartup@12     04006e16 f   LIBCMT:dllcrt0.obj
 0001:00005f47       ___DllXcptFilter           04006f47 f   LIBCMT:dllcrt0.obj
 0001:00005f70       _strlen                    04006f70 f   LIBCMT:strlen.obj
 0001:00005ffb       ??0__non_rtti_object@std@@QAE@ABV01@@Z 04006ffb f   LIBCMT:stdexcpt.obj
 0001:00006016       ??0__non_rtti_object@std@@QAE@PBD@Z 04007016 f   LIBCMT:stdexcpt.obj
 0001:00006031       ??0bad_cast@std@@QAE@ABV01@@Z 04007031 f   LIBCMT:stdexcpt.obj
 0001:0000604c       ??0bad_cast@std@@QAE@PBD@Z 0400704c f   LIBCMT:stdexcpt.obj
 0001:00006068       ??0bad_typeid@std@@QAE@ABV01@@Z 04007068 f   LIBCMT:stdexcpt.obj
 0001:00006083       ??0bad_typeid@std@@QAE@PBD@Z 04007083 f   LIBCMT:stdexcpt.obj
 0001:0000609f       ??0exception@std@@QAE@ABQBD@Z 0400709f f   LIBCMT:stdexcpt.obj
 0001:000060c4       ??0exception@std@@QAE@ABQBDH@Z 040070c4 f   LIBCMT:stdexcpt.obj
 0001:000060df       ??0exception@std@@QAE@ABV01@@Z 040070df f   LIBCMT:stdexcpt.obj
 0001:00006102       ??0exception@std@@QAE@XZ   04007102 f   LIBCMT:stdexcpt.obj
 0001:00006113       ??1__non_rtti_object@std@@UAE@XZ 04007113 f   LIBCMT:stdexcpt.obj
 0001:0000611e       ??1bad_cast@std@@UAE@XZ    0400711e f   LIBCMT:stdexcpt.obj
 0001:00006129       ??1bad_typeid@std@@UAE@XZ  04007129 f   LIBCMT:stdexcpt.obj
 0001:00006134       ??1exception@std@@UAE@XZ   04007134 f   LIBCMT:stdexcpt.obj
 0001:0000613f       ??4exception@std@@QAEAAV01@ABV01@@Z 0400713f f   LIBCMT:stdexcpt.obj
 0001:00006172       ??_E__non_rtti_object@std@@UAEPAXI@Z 04007172 f i LIBCMT:stdexcpt.obj
 0001:00006172       ??_G__non_rtti_object@std@@UAEPAXI@Z 04007172 f i LIBCMT:stdexcpt.obj
 0001:00006197       ??_Gbad_cast@std@@UAEPAXI@Z 04007197 f i LIBCMT:stdexcpt.obj
 0001:00006197       ??_Ebad_cast@std@@UAEPAXI@Z 04007197 f i LIBCMT:stdexcpt.obj
 0001:000061bc       ??_Ebad_typeid@std@@UAEPAXI@Z 040071bc f i LIBCMT:stdexcpt.obj
 0001:000061bc       ??_Gbad_typeid@std@@UAEPAXI@Z 040071bc f i LIBCMT:stdexcpt.obj
 0001:000061e1       ??_Gexception@std@@UAEPAXI@Z 040071e1 f i LIBCMT:stdexcpt.obj
 0001:000061e1       ??_Eexception@std@@UAEPAXI@Z 040071e1 f i LIBCMT:stdexcpt.obj
 0001:00006206       ?_Copy_str@exception@std@@AAEXPBD@Z 04007206 f   LIBCMT:stdexcpt.obj
 0001:00006244       ?_Tidy@exception@std@@AAEXXZ 04007244 f   LIBCMT:stdexcpt.obj
 0001:00006260       ?what@exception@std@@UBEPBDXZ 04007260 f   LIBCMT:stdexcpt.obj
 0001:0000626d       @__security_check_cookie@4 0400726d f   LIBCMT:secchk.obj
 0001:0000627c       __EH_epilog3               0400727c f   LIBCMT:ehprolg3.obj
 0001:00006290       __EH_epilog3_GS            04007290 f   LIBCMT:ehprolg3.obj
 0001:0000629f       __EH_epilog3_catch_GS      0400729f f   LIBCMT:ehprolg3.obj
 0001:000062ae       __EH_prolog3               040072ae f   LIBCMT:ehprolg3.obj
 0001:000062e1       __EH_prolog3_GS            040072e1 f   LIBCMT:ehprolg3.obj
 0001:00006317       __EH_prolog3_catch         04007317 f   LIBCMT:ehprolg3.obj
 0001:0000634d       __EH_prolog3_catch_GS      0400734d f   LIBCMT:ehprolg3.obj
 0001:00006386       __set_abort_behavior       04007386 f   LIBCMT:abort.obj
 0001:000063a5       _abort                     040073a5 f   LIBCMT:abort.obj
 0001:000063e8       ___getlocaleinfo           040073e8 f   LIBCMT:inithelp.obj
 0001:000065c1       __initp_misc_purevirt      040075c1 f   LIBCMT:inithelp.obj
 0001:000065ce       __invoke_watson_if_error   040075ce f i LIBCMT:inithelp.obj
 0001:000065ee       __heap_alloc               040075ee f i LIBCMT:malloc.obj
 0001:0000662b       _malloc                    0400762b f   LIBCMT:malloc.obj
 0001:000066bd       ?_query_new_handler@@YAP6AHI@ZXZ 040076bd f   LIBCMT:handler.obj
 0001:000066ca       ?_set_new_handler@@YAP6AHI@ZH@Z 040076ca f   LIBCMT:handler.obj
 0001:000066d3       ?_set_new_handler@@YAP6AHI@ZP6AHI@Z@Z 040076d3 f   LIBCMT:handler.obj
 0001:00006708       __callnewh                 04007708 f   LIBCMT:handler.obj
 0001:0000672e       __initp_heap_handler       0400772e f   LIBCMT:handler.obj
 0001:0000673b       _free                      0400773b f   LIBCMT:free.obj
 0001:00006773       ___copy_path_to_wide_string 04007773 f   LIBCMT:crt0dat.obj
 0001:00006825       ___copy_to_char            04007825 f   LIBCMT:crt0dat.obj
 0001:000068da       ___crtCorExitProcess       040078da f   LIBCMT:crt0dat.obj
 0001:0000690e       ___crtExitProcess          0400790e f   LIBCMT:crt0dat.obj
 0001:00006924       ___freeCrtMemory           04007924 f   LIBCMT:crt0dat.obj
 0001:00006a31       __amsg_exit                04007a31 f   LIBCMT:crt0dat.obj
 0001:00006a4d       __c_exit                   04007a4d f   LIBCMT:crt0dat.obj
 0001:00006a5c       __cexit                    04007a5c f   LIBCMT:crt0dat.obj
 0001:00006a6b       __cinit                    04007a6b f   LIBCMT:crt0dat.obj
 0001:00006aef       __exit                     04007aef f   LIBCMT:crt0dat.obj
 0001:00006b03       __exit_app                 04007b03 f   LIBCMT:crt0dat.obj
 0001:00006b11       __get_pgmptr               04007b11 f   LIBCMT:crt0dat.obj
 0001:00006b40       __get_wpgmptr              04007b40 f   LIBCMT:crt0dat.obj
 0001:00006b6f       __init_pointers            04007b6f f   LIBCMT:crt0dat.obj
 0001:00006bdd       __initterm_e               04007bdd f   LIBCMT:crt0dat.obj
 0001:00006bff       __lockexit                 04007bff f   LIBCMT:crt0dat.obj
 0001:00006c08       __unlockexit               04007c08 f   LIBCMT:crt0dat.obj
 0001:00006d40       _exit                      04007d40 f   LIBCMT:crt0dat.obj
 0001:00006d54       __msize                    04007d54 f   LIBCMT:msize.obj
 0001:00006d85       __calloc_crt               04007d85 f   LIBCMT:crtheap.obj
 0001:00006dcd       __malloc_crt               04007dcd f   LIBCMT:crtheap.obj
 0001:00006e14       __realloc_crt              04007e14 f   LIBCMT:crtheap.obj
 0001:00006e5e       __recalloc_crt             04007e5e f   LIBCMT:crtheap.obj
 0001:00006eac       __set_malloc_crt_max_wait  04007eac f   LIBCMT:crtheap.obj
 0001:00006ebf       _wait_a_bit                04007ebf f i LIBCMT:crtheap.obj
 0001:00006ef0       __SEH_prolog4              04007ef0 f   LIBCMT:sehprolg4.obj
 0001:00006f35       __SEH_epilog4              04007f35 f   LIBCMT:sehprolg4.obj
 0001:00006f90       __except_handler4          04007f90 f   LIBCMT:chandler4.obj
 0001:00007124       ___isa_available_init      04008124 f   LIBCMT:cpu_disp.obj
 0001:0000729d       ?_invalid_parameter@@YAXPBG00II@Z 0400829d f   LIBCMT:invarg.obj
 0001:000072a2       ?_invoke_watson@@YAXPBG00II@Z 040082a2 f   LIBCMT:invarg.obj
 0001:000072ba       __call_reportfault         040082ba f   LIBCMT:invarg.obj
 0001:000073df       __get_invalid_parameter_handler 040083df f   LIBCMT:invarg.obj
 0001:000073ec       __initp_misc_invarg        040083ec f   LIBCMT:invarg.obj
 0001:000073f9       __invalid_parameter        040083f9 f   LIBCMT:invarg.obj
 0001:00007424       __invalid_parameter_noinfo 04008424 f   LIBCMT:invarg.obj
 0001:00007434       __invalid_parameter_noinfo_noreturn 04008434 f   LIBCMT:invarg.obj
 0001:0000744f       __invoke_watson            0400844f f   LIBCMT:invarg.obj
 0001:0000747a       __set_invalid_parameter_handler 0400847a f   LIBCMT:invarg.obj
 0001:0000749f       ??0_LocaleUpdate@@QAE@PAUlocaleinfo_struct@@@Z 0400849f f i LIBCMT:input.obj
 0001:00007527       ??1_LocaleUpdate@@QAE@XZ   04008527 f i LIBCMT:input.obj
 0001:00007535       ?GetLocaleT@_LocaleUpdate@@QAEPAUlocaleinfo_struct@@XZ 04008535 f i LIBCMT:input.obj
 0001:00007538       __INTRN_LOCALE_CONV        04008538 f i LIBCMT:input.obj
 0001:000075ea       __input_l                  040085ea f   LIBCMT:input.obj
 0001:0000881a       __input_s_l                0400981a f   LIBCMT:inputs.obj
 0001:00009b08       ___doserrno                0400ab08 f   LIBCMT:dosmap.obj
 0001:00009b1b       __dosmaperr                0400ab1b f   LIBCMT:dosmap.obj
 0001:00009b3c       __errno                    0400ab3c f   LIBCMT:dosmap.obj
 0001:00009b4f       __get_doserrno             0400ab4f f   LIBCMT:dosmap.obj
 0001:00009b72       __get_errno                0400ab72 f   LIBCMT:dosmap.obj
 0001:00009b95       __get_errno_from_oserr     0400ab95 f   LIBCMT:dosmap.obj
 0001:00009bd6       __set_doserrno             0400abd6 f   LIBCMT:dosmap.obj
 0001:00009bf5       __set_errno                0400abf5 f   LIBCMT:dosmap.obj
 0001:00009c14       __flsbuf                   0400ac14 f   LIBCMT:_flsbuf.obj
 0001:00009d63       __vscprintf                0400ad63 f   LIBCMT:vsprintf.obj
 0001:00009d7d       __vscprintf_helper         0400ad7d f   LIBCMT:vsprintf.obj
 0001:00009dd9       __vscprintf_l              0400add9 f   LIBCMT:vsprintf.obj
 0001:00009df4       __vscprintf_p              0400adf4 f   LIBCMT:vsprintf.obj
 0001:00009e0e       __vscprintf_p_l            0400ae0e f   LIBCMT:vsprintf.obj
 0001:00009e29       __vsprintf_l               0400ae29 f   LIBCMT:vsprintf.obj
 0001:00009ead       _vsprintf                  0400aead f   LIBCMT:vsprintf.obj
 0001:00009ec5       __vsnprintf_c              0400aec5 f   LIBCMT:vsnprnc.obj
 0001:00009eec       __vsnprintf_c_l            0400aeec f   LIBCMT:vsnprnc.obj
 0001:00009f14       __vsnprintf_helper         0400af14 f   LIBCMT:vsnprnc.obj
 0001:00009fde       __vsnprintf_s              0400afde f   LIBCMT:vsnprnc.obj
 0001:00009ffc       __vsnprintf_s_l            0400affc f   LIBCMT:vsnprnc.obj
 0001:0000a0fc       __vsprintf_p               0400b0fc f   LIBCMT:vsnprnc.obj
 0001:0000a123       __vsprintf_p_l             0400b123 f   LIBCMT:vsnprnc.obj
 0001:0000a14b       __vsprintf_s_l             0400b14b f   LIBCMT:vsnprnc.obj
 0001:0000a1c0       _vsprintf_s                0400b1c0 f   LIBCMT:vsnprnc.obj
 0001:0000a1db       __output_l                 0400b1db f   LIBCMT:output.obj
 0001:0000ad5b       _get_int64_arg             0400bd5b f i LIBCMT:output.obj
 0001:0000ad6e       _get_int_arg               0400bd6e f i LIBCMT:output.obj
 0001:0000ad7e       _get_short_arg             0400bd7e f i LIBCMT:output.obj
 0001:0000b0eb       __strtof_l                 0400c0eb f   LIBCMT:strtoq.obj
 0001:0000b10b       __strtoi64                 0400c10b f   LIBCMT:strtoq.obj
 0001:0000b135       __strtoi64_l               0400c135 f   LIBCMT:strtoq.obj
 0001:0000b150       __strtoimax_l              0400c150 f   LIBCMT:strtoq.obj
 0001:0000b159       __strtold_l                0400c159 f   LIBCMT:strtoq.obj
 0001:0000b162       __strtoll_l                0400c162 f   LIBCMT:strtoq.obj
 0001:0000b16b       __strtoui64                0400c16b f   LIBCMT:strtoq.obj
 0001:0000b195       __strtoui64_l              0400c195 f   LIBCMT:strtoq.obj
 0001:0000b1b0       __strtoull_l               0400c1b0 f   LIBCMT:strtoq.obj
 0001:0000b1b9       __strtoumax_l              0400c1b9 f   LIBCMT:strtoq.obj
 0001:0000b1c2       _strtof                    0400c1c2 f   LIBCMT:strtoq.obj
 0001:0000b1e1       _strtoimax                 0400c1e1 f   LIBCMT:strtoq.obj
 0001:0000b1ea       _strtold                   0400c1ea f   LIBCMT:strtoq.obj
 0001:0000b1f3       _strtoll                   0400c1f3 f   LIBCMT:strtoq.obj
 0001:0000b1fc       _strtoull                  0400c1fc f   LIBCMT:strtoq.obj
 0001:0000b205       _strtoumax                 0400c205 f   LIBCMT:strtoq.obj
 0001:0000b434       __strtol_l                 0400c434 f   LIBCMT:strtol.obj
 0001:0000b44f       __strtoul_l                0400c44f f   LIBCMT:strtol.obj
 0001:0000b46a       _strtol                    0400c46a f   LIBCMT:strtol.obj
 0001:0000b494       _strtoul                   0400c494 f   LIBCMT:strtol.obj
 0001:0000b4c0       __CIsqrt                   0400c4c0 f   LIBCMT:sqrt.obj
 0001:0000b4d4       _sqrt                      0400c4d4     LIBCMT:sqrt.obj
 0001:0000b57a       __add_exp                  0400c57a f   LIBCMT:util.obj
 0001:0000b5a9       __decomp                   0400c5a9 f   LIBCMT:util.obj
 0001:0000b67b       __get_exp                  0400c67b f   LIBCMT:util.obj
 0001:0000b694       __set_bexp                 0400c694 f   LIBCMT:util.obj
 0001:0000b6bd       __set_exp                  0400c6bd f   LIBCMT:util.obj
 0001:0000b6ec       __sptype                   0400c6ec f   LIBCMT:util.obj
 0001:0000b747       __errcode                  0400c747 f   LIBCMT:fpexcept.obj
 0001:0000b779       __except1                  0400c779 f   LIBCMT:fpexcept.obj
 0001:0000b841       __except2                  0400c841 f   LIBCMT:fpexcept.obj
 0001:0000b941       __handle_exc               0400c941 f   LIBCMT:fpexcept.obj
 0001:0000bb1f       __handle_qnan1             0400cb1f f   LIBCMT:fpexcept.obj
 0001:0000bb6f       __handle_qnan2             0400cb6f f   LIBCMT:fpexcept.obj
 0001:0000bbcf       __raise_exc                0400cbcf f   LIBCMT:fpexcept.obj
 0001:0000bbf0       __raise_exc_ex             0400cbf0 f   LIBCMT:fpexcept.obj
 0001:0000bed5       __raise_excf               0400ced5 f   LIBCMT:fpexcept.obj
 0001:0000bef6       __set_errno_from_matherr   0400cef6 f   LIBCMT:fpexcept.obj
 0001:0000bf23       __umatherr                 0400cf23 f   LIBCMT:fpexcept.obj
 0001:0000bfc3       ___clrfp_sse2              0400cfc3 f   LIBCMT:fpctrl.obj
 0001:0000bfe4       ___ctrlfp_sse2             0400cfe4 f   LIBCMT:fpctrl.obj
 0001:0000c01d       ___fclrf_sse2              0400d01d f   LIBCMT:fpctrl.obj
 0001:0000c03a       ___get_fpsr_sse2           0400d03a f   LIBCMT:fpctrl.obj
 0001:0000c056       ___set_fpsr_sse2           0400d056 f   LIBCMT:fpctrl.obj
 0001:0000c0cc       ___set_statfp_sse2         0400d0cc f   LIBCMT:fpctrl.obj
 0001:0000c0e5       ___statfp_sse2             0400d0e5 f   LIBCMT:fpctrl.obj
 0001:0000c0fa       __clrfp                    0400d0fa f   LIBCMT:fpctrl.obj
 0001:0000c10b       __ctrlfp                   0400d10b f   LIBCMT:fpctrl.obj
 0001:0000c136       __set_statfp               0400d136 f   LIBCMT:fpctrl.obj
 0001:0000c18e       __statfp                   0400d18e f   LIBCMT:fpctrl.obj
 0001:0000c19e       ___get_flsindex            0400d19e f   LIBCMT:tidtable.obj
 0001:0000c1a4       ___threadhandle            0400d1a4 f   LIBCMT:tidtable.obj
 0001:0000c1aa       ___threadid                0400d1aa f   LIBCMT:tidtable.obj
 0001:0000c1b0       __freefls@4                0400d1b0 f   LIBCMT:tidtable.obj
 0001:0000c2e5       __freeptd                  0400d2e5 f   LIBCMT:tidtable.obj
 0001:0000c31b       __getptd                   0400d31b f   LIBCMT:tidtable.obj
 0001:0000c333       __getptd_noexit            0400d333 f   LIBCMT:tidtable.obj
 0001:0000c3a2       __initptd                  0400d3a2 f   LIBCMT:tidtable.obj
 0001:0000c455       __mtinit                   0400d455 f   LIBCMT:tidtable.obj
 0001:0000c4cb       __mtterm                   0400d4cb f   LIBCMT:tidtable.obj
 0001:0000c4f0       __CallSettingFrame@12      0400d4f0 f   LIBCMT:lowhelpr.obj
 0001:0000c517       __NLG_Return               0400d517     LIBCMT:lowhelpr.obj
 0001:0000c53c       ?_inconsistency@@YAXXZ     0400d53c f   LIBCMT:hooks.obj
 0001:0000c574       ?terminate@@YAXXZ          0400d574 f   LIBCMT:hooks.obj
 0001:0000c5a8       ?unexpected@@YAXXZ         0400d5a8 f   LIBCMT:hooks.obj
 0001:0000c5bb       __initp_eh_hooks           0400d5bb f   LIBCMT:hooks.obj
 0001:0000c5cc       ___DestructExceptionObject 0400d5cc f   LIBCMT:frame.obj
 0001:0000c657       ??0bad_exception@std@@QAE@ABV01@@Z 0400d657 f i LIBCMT:frame.obj
 0001:0000c672       ??0bad_exception@std@@QAE@PBD@Z 0400d672 f i LIBCMT:frame.obj
 0001:0000c68e       ??1bad_exception@std@@UAE@XZ 0400d68e f i LIBCMT:frame.obj
 0001:0000c699       ??_Ebad_exception@std@@UAEPAXI@Z 0400d699 f i LIBCMT:frame.obj
 0001:0000c699       ??_Gbad_exception@std@@UAEPAXI@Z 0400d699 f i LIBCMT:frame.obj
 0001:0000cf06       ?__uncaught_exception@@YA_NXZ 0400df06 f   LIBCMT:frame.obj
 0001:0000cf17       ?_is_exception_typeof@@YAHABVtype_info@@PAU_EXCEPTION_POINTERS@@@Z 0400df17 f   LIBCMT:frame.obj
 0001:0000cf9e       __SetWinRTOutOfMemoryExceptionCallback 0400df9e f   LIBCMT:frame.obj
 0001:0000cfab       ___AdjustPointer           0400dfab f   LIBCMT:frame.obj
 0001:0000cfd0       ___BuildCatchObject        0400dfd0 f   LIBCMT:frame.obj
 0001:0000d05e       ___BuildCatchObjectHelper  0400e05e f   LIBCMT:frame.obj
 0001:0000d220       ___CxxDetectRethrow        0400e220 f   LIBCMT:frame.obj
 0001:0000d26f       ___CxxExceptionFilter      0400e26f f   LIBCMT:frame.obj
 0001:0000d3c9       ___CxxQueryExceptionSize   0400e3c9 f   LIBCMT:frame.obj
 0001:0000d3cd       ___CxxRegisterExceptionObject 0400e3cd f   LIBCMT:frame.obj
 0001:0000d484       ___CxxUnregisterExceptionObject 0400e484 f   LIBCMT:frame.obj
 0001:0000d5c1       ___FrameUnwindFilter       0400e5c1 f   LIBCMT:frame.obj
 0001:0000d60f       ___FrameUnwindToState      0400e60f f   LIBCMT:frame.obj
 0001:0000d6e8       ___GetPlatformExceptionInfo 0400e6e8 f   LIBCMT:frame.obj
 0001:0000d73d       ___InternalCxxFrameHandler 0400e73d f   LIBCMT:frame.obj
 0001:0000d81e       ___TypeMatch               0400e81e f   LIBCMT:frame.obj
 0001:0000d885       __VEC_memset               0400e885 f   LIBCMT:p4_memset.obj
 0001:0000d950       _strcmp                    0400e950 f   LIBCMT:strcmp.obj
 0001:0000d9dc       ?_Name_base@type_info@@CAPBDPBV1@PAU__type_info_node@@@Z 0400e9dc f   LIBCMT:typname.obj
 0001:0000dacd       ?_Name_base_internal@type_info@@CAPBDPBV1@PAU__type_info_node@@@Z 0400eacd f   LIBCMT:typname.obj
 0001:0000dbd7       ?_Type_info_dtor@type_info@@CAXPAV1@@Z 0400ebd7 f   LIBCMT:typname.obj
 0001:0000dc48       ?_Type_info_dtor_internal@type_info@@CAXPAV1@@Z 0400ec48 f   LIBCMT:typname.obj
 0001:0000dcb9       ___clean_type_info_names_internal 0400ecb9 f   LIBCMT:typname.obj
 0001:0000dd0c       ___unDNameHelper           0400ed0c f   LIBCMT:typname.obj
 0001:0000dd3a       ?strrchr@@YAPADPADH@Z      0400ed3a f i LIBCMT:cvt.obj
 0001:0000dd43       __cfltcvt                  0400ed43 f   LIBCMT:cvt.obj
 0001:0000dd64       __cfltcvt_l                0400ed64 f   LIBCMT:cvt.obj
 0001:0000ddea       __cftoa                    0400edea f   LIBCMT:cvt.obj
 0001:0000de08       __cftoa_l                  0400ee08 f   LIBCMT:cvt.obj
 0001:0000e164       __cftoe                    0400f164 f   LIBCMT:cvt.obj
 0001:0000e2d3       __cftoe_l                  0400f2d3 f   LIBCMT:cvt.obj
 0001:0000e3a1       __cftof                    0400f3a1 f   LIBCMT:cvt.obj
 0001:0000e4a8       __cftof_l                  0400f4a8 f   LIBCMT:cvt.obj
 0001:0000e569       __cftog                    0400f569 f   LIBCMT:cvt.obj
 0001:0000e587       __cftog_l                  0400f587 f   LIBCMT:cvt.obj
 0001:0000e686       __cropzeros                0400f686 f   LIBCMT:cvt.obj
 0001:0000e697       __cropzeros_l              0400f697 f   LIBCMT:cvt.obj
 0001:0000e717       __fassign                  0400f717 f   LIBCMT:cvt.obj
 0001:0000e72f       __fassign_l                0400f72f f   LIBCMT:cvt.obj
 0001:0000e771       __forcdecpt                0400f771 f   LIBCMT:cvt.obj
 0001:0000e782       __forcdecpt_l              0400f782 f   LIBCMT:cvt.obj
 0001:0000e7f6       __positive                 0400f7f6 f   LIBCMT:cvt.obj
 0001:0000e838       __setdefaultprecision      0400f838 f   LIBCMT:fp8.obj
 0001:0000e85f       __initp_misc_cfltcvt_tab   0400f85f f   LIBCMT:cmiscdat.obj
 0001:0000e87e       __XcptFilter               0400f87e f   LIBCMT:winxfltr.obj
 0001:0000e9d9       ___CppXcptFilter           0400f9d9 f   LIBCMT:winxfltr.obj
 0001:0000ea2b       __get_heap_handle          0400fa2b f   LIBCMT:heapinit.obj
 0001:0000ea31       __heap_init                0400fa31 f   LIBCMT:heapinit.obj
 0001:0000ea46       __heap_term                0400fa46 f   LIBCMT:heapinit.obj
 0001:0000ea4e       __ioinit                   0400fa4e f   LIBCMT:ioinit.obj
 0001:0000ed02       __ioterm                   0400fd02 f   LIBCMT:ioinit.obj
 0001:0000ed54       __set_pgmptr               0400fd54 f i LIBCMT:stdargv.obj
 0001:0000ed61       __setargv                  0400fd61 f   LIBCMT:stdargv.obj
 0001:0000ef90       __setenvp                  0400ff90 f   LIBCMT:stdenvp.obj
 0001:0000f071       ___security_init_cookie    04010071 f   LIBCMT:gs_support.obj
 0001:0000f10d       ___crtGetEnvironmentStringsA 0401010d f   LIBCMT:a_env.obj
 0001:0000f1c7       ___crtCloseThreadpoolTimer 040101c7 f   LIBCMT:winapisupp.obj
 0001:0000f1de       ___crtCloseThreadpoolWait  040101de f   LIBCMT:winapisupp.obj
 0001:0000f1f5       ___crtCreateEventExW       040101f5 f   LIBCMT:winapisupp.obj
 0001:0000f230       ___crtCreateSemaphoreExW   04010230 f   LIBCMT:winapisupp.obj
 0001:0000f26a       ___crtCreateSymbolicLinkW  0401026a f   LIBCMT:winapisupp.obj
 0001:0000f293       ___crtCreateThreadpoolTimer 04010293 f   LIBCMT:winapisupp.obj
 0001:0000f2b4       ___crtCreateThreadpoolWait 040102b4 f   LIBCMT:winapisupp.obj
 0001:0000f2d5       ___crtFlsAlloc             040102d5 f   LIBCMT:winapisupp.obj
 0001:0000f2f3       ___crtFlsFree              040102f3 f   LIBCMT:winapisupp.obj
 0001:0000f312       ___crtFlsGetValue          04010312 f   LIBCMT:winapisupp.obj
 0001:0000f331       ___crtFlsSetValue          04010331 f   LIBCMT:winapisupp.obj
 0001:0000f353       ___crtFlushProcessWriteBuffers 04010353 f   LIBCMT:winapisupp.obj
 0001:0000f363       ___crtFreeLibraryWhenCallbackReturns 04010363 f   LIBCMT:winapisupp.obj
 0001:0000f37d       ___crtGetCurrentProcessorNumber 0401037d f   LIBCMT:winapisupp.obj
 0001:0000f38f       ___crtGetFileInformationByHandleEx 0401038f f   LIBCMT:winapisupp.obj
 0001:0000f3bb       ___crtGetLogicalProcessorInformation 040103bb f   LIBCMT:winapisupp.obj
 0001:0000f3e1       ___crtGetShowWindowMode    040103e1 f   LIBCMT:winapisupp.obj
 0001:0000f404       ___crtGetTickCount64       04010404 f   LIBCMT:winapisupp.obj
 0001:0000f41c       ___crtInitializeCriticalSectionEx 0401041c f   LIBCMT:winapisupp.obj
 0001:0000f44a       ___crtIsPackagedApp        0401044a f   LIBCMT:winapisupp.obj
 0001:0000f48a       ___crtLoadWinApiPointers   0401048a f   LIBCMT:winapisupp.obj
 0001:0000f715       ___crtSetFileInformationByHandle 04010715 f   LIBCMT:winapisupp.obj
 0001:0000f741       ___crtSetThreadStackGuarantee 04010741 f   LIBCMT:winapisupp.obj
 0001:0000f75c       ___crtSetThreadpoolTimer   0401075c f   LIBCMT:winapisupp.obj
 0001:0000f77c       ___crtSetThreadpoolWait    0401077c f   LIBCMT:winapisupp.obj
 0001:0000f799       ___crtSetUnhandledExceptionFilter 04010799 f   LIBCMT:winapisupp.obj
 0001:0000f7a7       ___crtSleep                040107a7 f   LIBCMT:winapisupp.obj
 0001:0000f7b5       ___crtTerminateProcess     040107b5 f   LIBCMT:winapisupp.obj
 0001:0000f7ca       ___crtUnhandledException   040107ca f   LIBCMT:winapisupp.obj
 0001:0000f7e0       ___crtWaitForThreadpoolTimerCallbacks 040107e0 f   LIBCMT:winapisupp.obj
 0001:0000f7fa       __RTC_Initialize           040107fa f   LIBCMT:initsect.obj
 0001:0000f81a       __RTC_Terminate            0401081a f   LIBCMT:initsect.obj
 0001:0000f83a       _strcpy_s                  0401083a f   LIBCMT:strcpy_s.obj
 0001:0000f88f       ___raise_securityfailure   0401088f f   LIBCMT:gs_report.obj
 0001:0000f8cc       ___report_gsfailure        040108cc f   LIBCMT:gs_report.obj
 0001:0000f9c7       ___report_rangecheckfailure 040109c7 f   LIBCMT:gs_report.obj
 0001:0000f9d3       ___report_securityfailure  040109d3 f   LIBCMT:gs_report.obj
 0001:0000faa3       ___report_securityfailureEx 04010aa3 f   LIBCMT:gs_report.obj
 0001:0000fbb9       ___fpecode                 04010bb9 f   LIBCMT:winsig.obj
 0001:0000fbc2       ___get_sigabrt             04010bc2 f   LIBCMT:winsig.obj
 0001:0000fbcf       ___pxcptinfoptrs           04010bcf f   LIBCMT:winsig.obj
 0001:0000fbd8       __initp_misc_winsig        04010bd8 f   LIBCMT:winsig.obj
 0001:0000fc99       _raise                     04010c99 f   LIBCMT:winsig.obj
 0001:0000fe8e       _signal                    04010e8e f   LIBCMT:winsig.obj
 0001:000100e5       _strncpy_s                 040110e5 f   LIBCMT:strncpy_s.obj
 0001:0001026d       __MallocaIsSizeInRange     0401126d f i LIBCMT:a_loc.obj
 0001:0001027e       __MarkAllocaS              0401127e f i LIBCMT:a_loc.obj
 0001:00010292       ___crtGetLocaleInfoA       04011292 f   LIBCMT:a_loc.obj
 0001:000102cc       __freea                    040112cc f i LIBCMT:a_loc.obj
 0001:000102ea       _GetTableIndexFromLcid     040112ea f   LIBCMT:winapinls.obj
 0001:0001031f       _GetTableIndexFromLocaleName 0401131f f   LIBCMT:winapinls.obj
 0001:0001036d       ___crtCompareStringEx      0401136d f   LIBCMT:winapinls.obj
 0001:000103b9       ___crtDownlevelLCIDToLocaleName 040113b9 f   LIBCMT:winapinls.obj
[...]
 0001:00029e09       ?wcstoxq@@YA_KPAUlocaleinfo_struct@@PB_WPAPB_WHH@Z 0402ae09 f   LIBCMT:wcstoq.obj
 0001:0002af49       $LN323                     0402bf49     LIBCMT:wstrgtold.obj
 0001:0002b26a       @x64toa@20                 0402c26a f   LIBCMT:xtoa.obj
 0001:0002b390       _xtoa@16                   0402c390 f   LIBCMT:xtoa.obj
 0001:0002b3e0       $$000000                   0402c3e0     LIBCMT:_strnicm.obj
 0001:0002b450       __unwindfunclet$?CreateChatWindow@@YAXXZ$0 0402c450 f   MQ2ChatWnd.obj
 0001:0002b459       __unwindfunclet$?CreateChatWindow@@YAXXZ$1 0402c459 f   MQ2ChatWnd.obj
 0001:0002b464       __ehhandler$?CreateChatWindow@@YAXXZ 0402c464 f   MQ2ChatWnd.obj
 0001:0002b46e       __unwindfunclet$?DoMQ2ChatBind@@YAXPADH@Z$0 0402c46e f   MQ2ChatWnd.obj
 0001:0002b477       __ehhandler$?DoMQ2ChatBind@@YAXPADH@Z 0402c477 f   MQ2ChatWnd.obj
 0001:0002b490       __unwindfunclet$??0CCustomWnd@MQ2Internal@@QAE@PAVCXStr@EQClasses@@@Z$0 0402c490 f   MQ2ChatWnd.obj
 0001:0002b499       __ehhandler$??0CCustomWnd@MQ2Internal@@QAE@PAVCXStr@EQClasses@@@Z 0402c499 f   MQ2ChatWnd.obj
 0001:0002b4b0       __unwindfunclet$??0CMQChatWnd@@QAE@PAVCXStr@EQClasses@@@Z$2 0402c4b0 f   MQ2ChatWnd.obj
 0001:0002b4b9       __unwindfunclet$??0CMQChatWnd@@QAE@PAVCXStr@EQClasses@@@Z$0 0402c4b9 f   MQ2ChatWnd.obj
 0001:0002b4c1       __unwindfunclet$??0CMQChatWnd@@QAE@PAVCXStr@EQClasses@@@Z$1 0402c4c1 f   MQ2ChatWnd.obj
 0001:0002b4cf       __ehhandler$??0CMQChatWnd@@QAE@PAVCXStr@EQClasses@@@Z 0402c4cf f   MQ2ChatWnd.obj
 0001:0002b4e0       __unwindfunclet$?SetChatFont@CMQChatWnd@@QAEXH@Z$0 0402c4e0 f   MQ2ChatWnd.obj
 0001:0002b4e9       __ehhandler$?SetChatFont@CMQChatWnd@@QAEXH@Z 0402c4e9 f   MQ2ChatWnd.obj
 0001:0002b500       __unwindfunclet$?WndNotification@CMQChatWnd@@QAEHPAVCXWnd@EQClasses@@IPAX@Z$0 0402c500 f   MQ2ChatWnd.obj
 0001:0002b508       __unwindfunclet$?WndNotification@CMQChatWnd@@QAEHPAVCXWnd@EQClasses@@IPAX@Z$1 0402c508 f   MQ2ChatWnd.obj
 0001:0002b510       __unwindfunclet$?WndNotification@CMQChatWnd@@QAEHPAVCXWnd@EQClasses@@IPAX@Z$2 0402c510 f   MQ2ChatWnd.obj
 0001:0002b519       __unwindfunclet$?WndNotification@CMQChatWnd@@QAEHPAVCXWnd@EQClasses@@IPAX@Z$3 0402c519 f   MQ2ChatWnd.obj
 0001:0002b521       __unwindfunclet$?WndNotification@CMQChatWnd@@QAEHPAVCXWnd@EQClasses@@IPAX@Z$4 0402c521 f   MQ2ChatWnd.obj
 0001:0002b52a       __ehhandler$?WndNotification@CMQChatWnd@@QAEHPAVCXWnd@EQClasses@@IPAX@Z 0402c52a f   MQ2ChatWnd.obj
 0001:0002b540       __ehhandler$?_Copy@?$basic_string@DU?$char_traits@D@std@@V?$allocator@D@2@@std@@QAEXII@Z 0402c540 f   MQ2ChatWnd.obj
 0001:0002b550       __ehhandler$?_Reallocate@?$vector@V?$basic_string@DU?$char_traits@D@std@@V?$allocator@D@2@@std@@V?$allocator@V?$basic_string@DU?$char_traits@D@std@@V?$allocator@D@2@@std@@@2@@std@@IAEXI@Z 0402c550 f   MQ2ChatWnd.obj
 0001:0002b55a       __ehhandler$?CallUnexpected@@YAXPBU_s_ESTypeList@@@Z 0402c55a f   LIBCMT:frame.obj
 0001:0002b580       ??__F?_Generic_object@?$_Error_objects@H@std@@2V_Generic_error_category@2@A@@YAXXZ 0402c580 f   MQ2ChatWnd.obj
 0001:0002b590       ??__F?_Iostream_object@?$_Error_objects@H@std@@2V_Iostream_error_category@2@A@@YAXXZ 0402c590 f   MQ2ChatWnd.obj
 0001:0002b5a0       ??__F?_System_object@?$_Error_objects@H@std@@2V_System_error_category@2@A@@YAXXZ 0402c5a0 f   MQ2ChatWnd.obj
 0001:0002b5ab       ??__F?_Generic_object@?$_Error_objects@H@std@@2V_Generic_error_category@2@A@@YAXXZ 0402c5ab f   libcpmt:xthrow.obj
 0001:0002b5b6       ??__F?_Iostream_object@?$_Error_objects@H@std@@2V_Iostream_error_category@2@A@@YAXXZ 0402c5b6 f   libcpmt:xthrow.obj
 0001:0002b5c1       ??__F?_System_object@?$_Error_objects@H@std@@2V_System_error_category@2@A@@YAXXZ 0402c5c1 f   libcpmt:xthrow.obj
 0001:0002b5cc       ??__F?_Generic_object@?$_Error_objects@H@std@@2V_Generic_error_category@2@A@@YAXXZ 0402c5cc f   libcpmt:syserror.obj
 0001:0002b5d7       ??__F?_Iostream_object@?$_Error_objects@H@std@@2V_Iostream_error_category@2@A@@YAXXZ 0402c5d7 f   libcpmt:syserror.obj
 0001:0002b5e2       ??__F?_System_object@?$_Error_objects@H@std@@2V_System_error_category@2@A@@YAXXZ 0402c5e2 f   libcpmt:syserror.obj
 0002:0000022c       ?_Generic_object$initializer$@?$_Error_objects@H@std@@2P6AXXZA 0402d22c     MQ2ChatWnd.obj
 0002:00000230       ?_Iostream_object$initializer$@?$_Error_objects@H@std@@2P6AXXZA 0402d230     MQ2ChatWnd.obj
 0002:00000234       ?_System_object$initializer$@?$_Error_objects@H@std@@2P6AXXZA 0402d234     MQ2ChatWnd.obj
 0002:00000240       _pinit                     0402d240     LIBCMT:onexit.obj
 0002:00000244       _pinit                     0402d244     LIBCMT:cpu_disp.obj
 0002:00000248       _pinit                     0402d248     LIBCMT:mbctype.obj
 0002:0000024c       _pinit                     0402d24c     LIBCMT:_file.obj
 0002:00000258       _pterm                     0402d258     LIBCMT:wsetloca.obj
 0002:0000025c       _pterm                     0402d25c     LIBCMT:initcon.obj
 0002:00000260       _pterm                     0402d260     LIBCMT:_file.obj
 0002:000011d8       __Win_errtab               0402e1d8     libcpmt:syserror.obj
 0002:00001430       __Sys_errtab               0402e430     libcpmt:syserror.obj
 0002:00001f38       ?ExceptionTemplate@?1??_CxxThrowException@@9@8@4UEHExceptionRecord@@B 0402ef38     LIBCMT:throw.obj
 0002:000024d0       _GS_ExceptionPointers      0402f4d0     LIBCMT:gs_report.obj
 0002:00004590       _rterrs                    04031590     LIBCMT:crt0msg.obj
 0002:00005024       __mb_locale_names          04032024     LIBCMT:mbctype.obj
 0002:000054b0       __first_127char            040324b0     LIBCMT:wsetloca.obj
 0002:00005574       One                        04032574     LIBCMT:87disp.obj
 0002:0000557c       XAMtoTagTab                0403257c     LIBCMT:87disp.obj
 0002:00005590       One                        04032590     LIBCMT:common.obj
 0002:000055a4       DblMax                     040325a4     LIBCMT:common.obj
 0002:000055ac       DblMin                     040325ac     LIBCMT:common.obj
 0002:000055b4       IeeeAdjO                   040325b4     LIBCMT:common.obj
 0002:000055bc       IeeeAdjU                   040325bc     LIBCMT:common.obj
 0002:000055c4       _infinity                  040325c4     LIBCMT:common.obj
 0002:000055cc       _zero                      040325cc     LIBCMT:common.obj
 0002:000055d8       _tokenTable                040325d8     LIBCMT:undname.obj
 0002:00005610       _nameTable                 04032610     LIBCMT:undname.obj
 0002:00005750       _rttiTable                 04032750     LIBCMT:undname.obj
 0002:00007fd8       __catchsym$?_Copy@?$basic_string@DU?$char_traits@D@std@@V?$allocator@D@2@@std@@QAEXII@Z$5 04034fd8     MQ2ChatWnd.obj
 0002:00007fe8       __catchsym$?_Copy@?$basic_string@DU?$char_traits@D@std@@V?$allocator@D@2@@std@@QAEXII@Z$4 04034fe8     MQ2ChatWnd.obj
 0002:00007ff8       __unwindtable$?_Copy@?$basic_string@DU?$char_traits@D@std@@V?$allocator@D@2@@std@@QAEXII@Z 04034ff8     MQ2ChatWnd.obj
 0002:00008018       __ehfuncinfo$?_Copy@?$basic_string@DU?$char_traits@D@std@@V?$allocator@D@2@@std@@QAEXII@Z 04035018     MQ2ChatWnd.obj
 0002:0000803c       __tryblocktable$?_Copy@?$basic_string@DU?$char_traits@D@std@@V?$allocator@D@2@@std@@QAEXII@Z 0403503c     MQ2ChatWnd.obj
 0002:00008064       __unwindtable$??0CCustomWnd@MQ2Internal@@QAE@PAVCXStr@EQClasses@@@Z 04035064     MQ2ChatWnd.obj
 0002:0000806c       __ehfuncinfo$??0CCustomWnd@MQ2Internal@@QAE@PAVCXStr@EQClasses@@@Z 0403506c     MQ2ChatWnd.obj
 0002:00008090       __catchsym$?_Reallocate@?$vector@V?$basic_string@DU?$char_traits@D@std@@V?$allocator@D@2@@std@@V?$allocator@V?$basic_string@DU?$char_traits@D@std@@V?$allocator@D@2@@std@@@2@@std@@IAEXI@Z$2 04035090     MQ2ChatWnd.obj
 0002:000080a0       __unwindtable$?_Reallocate@?$vector@V?$basic_string@DU?$char_traits@D@std@@V?$allocator@D@2@@std@@V?$allocator@V?$basic_string@DU?$char_traits@D@std@@V?$allocator@D@2@@std@@@2@@std@@IAEXI@Z 040350a0     MQ2ChatWnd.obj
 0002:000080b0       __tryblocktable$?_Reallocate@?$vector@V?$basic_string@DU?$char_traits@D@std@@V?$allocator@D@2@@std@@V?$allocator@V?$basic_string@DU?$char_traits@D@std@@V?$allocator@D@2@@std@@@2@@std@@IAEXI@Z 040350b0     MQ2ChatWnd.obj
 0002:000080c4       __ehfuncinfo$?_Reallocate@?$vector@V?$basic_string@DU?$char_traits@D@std@@V?$allocator@D@2@@std@@V?$allocator@V?$basic_string@DU?$char_traits@D@std@@V?$allocator@D@2@@std@@@2@@std@@IAEXI@Z 040350c4     MQ2ChatWnd.obj
 0002:000080e8       __unwindtable$??0CMQChatWnd@@QAE@PAVCXStr@EQClasses@@@Z 040350e8     MQ2ChatWnd.obj
 0002:00008100       __ehfuncinfo$??0CMQChatWnd@@QAE@PAVCXStr@EQClasses@@@Z 04035100     MQ2ChatWnd.obj
 0002:00008124       __ehfuncinfo$?WndNotification@CMQChatWnd@@QAEHPAVCXWnd@EQClasses@@IPAX@Z 04035124     MQ2ChatWnd.obj
 0002:00008148       __unwindtable$?WndNotification@CMQChatWnd@@QAEHPAVCXWnd@EQClasses@@IPAX@Z 04035148     MQ2ChatWnd.obj
 0002:00008170       __unwindtable$?SetChatFont@CMQChatWnd@@QAEXH@Z 04035170     MQ2ChatWnd.obj
 0002:00008178       __ehfuncinfo$?SetChatFont@CMQChatWnd@@QAEXH@Z 04035178     MQ2ChatWnd.obj
 0002:0000819c       __unwindtable$?DoMQ2ChatBind@@YAXPADH@Z 0403519c     MQ2ChatWnd.obj
 0002:000081a4       __unwindtable$?CreateChatWindow@@YAXXZ 040351a4     MQ2ChatWnd.obj
 0002:000081b4       __ehfuncinfo$?DoMQ2ChatBind@@YAXPADH@Z 040351b4     MQ2ChatWnd.obj
 0002:000081d8       __ehfuncinfo$?CreateChatWindow@@YAXXZ 040351d8     MQ2ChatWnd.obj
 0002:00008408       __sehtable$__onexit        04035408     LIBCMT:onexit.obj
 0002:00008428       __sehtable$__CRT_INIT@12   04035428     LIBCMT:dllcrt0.obj
 0002:00008448       __sehtable$___DllMainCRTStartup 04035448     LIBCMT:dllcrt0.obj
 0002:00008468       __sehtable$_doexit         04035468     LIBCMT:crt0dat.obj
 0002:00008488       __sehtable$___set_fpsr_sse2 04035488     LIBCMT:fpctrl.obj
 0002:000084a8       __sehtable$__freefls@4     040354a8     LIBCMT:tidtable.obj
 0002:000084d0       __sehtable$__initptd       040354d0     LIBCMT:tidtable.obj
 0002:000084f8       __sehtable$?terminate@@YAXXZ 040354f8     LIBCMT:hooks.obj
 0002:00008518       __sehtable$?_inconsistency@@YAXXZ 04035518     LIBCMT:hooks.obj
 0002:00008538       __sehtable$___FrameUnwindToState 04035538     LIBCMT:frame.obj
 0002:00008560       __sehtable$?CallCatchBlock@@YAPAXPAUEHExceptionRecord@@PAUEHRegistrationNode@@PAU_CONTEXT@@PBU_s_FuncInfo@@PAXHK@Z 04035560     LIBCMT:frame.obj
 0002:00008588       __sehtable$___BuildCatchObject 04035588     LIBCMT:frame.obj
 0002:000085a8       __sehtable$___DestructExceptionObject 040355a8     LIBCMT:frame.obj
 0002:000085c4       __catchsym$?CallUnexpected@@YAXPBU_s_ESTypeList@@@Z$2 040355c4     LIBCMT:frame.obj
 0002:000085d4       __unwindtable$?CallUnexpected@@YAXPBU_s_ESTypeList@@@Z 040355d4     LIBCMT:frame.obj
 0002:000085e4       __tryblocktable$?CallUnexpected@@YAXPBU_s_ESTypeList@@@Z 040355e4     LIBCMT:frame.obj
 0002:000085f8       __ehfuncinfo$?CallUnexpected@@YAXPBU_s_ESTypeList@@@Z 040355f8     LIBCMT:frame.obj
 0002:00008620       __sehtable$___BuildCatchObjectHelper 04035620     LIBCMT:frame.obj
 0002:00008678       __sehtable$?_Name_base@type_info@@CAPBDPBV1@PAU__type_info_node@@@Z 04035678     LIBCMT:typname.obj
 0002:00008698       __sehtable$?_Type_info_dtor@type_info@@CAXPAV1@@Z 04035698     LIBCMT:typname.obj
 0002:000086b8       __sehtable$?_Name_base_internal@type_info@@CAPBDPBV1@PAU__type_info_node@@@Z 040356b8     LIBCMT:typname.obj
 0002:000086d8       __sehtable$?_Type_info_dtor_internal@type_info@@CAXPAV1@@Z 040356d8     LIBCMT:typname.obj
 0002:000086f8       __sehtable$___clean_type_info_names_internal 040356f8     LIBCMT:typname.obj
 0002:00008718       __sehtable$__ioinit        04035718     LIBCMT:ioinit.obj
 0002:00008738       __sehtable$_signal         04035738     LIBCMT:winsig.obj
 0002:00008758       __sehtable$_raise          04035758     LIBCMT:winsig.obj
 0002:00008778       __sehtable$_ctrlevent_capture@4 04035778     LIBCMT:winsig.obj
 0002:00008798       __sehtable$__mtinitlocknum 04035798     LIBCMT:mlock.obj
 0002:000087b8       __sehtable$__IsNonwritableInCurrentImage 040357b8     LIBCMT:pesect.obj
 0002:000087d8       __sehtable$___updatetmbcinfo 040357d8     LIBCMT:mbctype.obj
 0002:000087f8       __sehtable$__setmbcp       040357f8     LIBCMT:mbctype.obj
 0002:00008818       __sehtable$_ungetc         04035818     LIBCMT:ungetc.obj
 0002:00008838       __sehtable$___updatetlocinfo 04035838     LIBCMT:localref.obj
 0002:00008858       __sehtable$__write         04035858     LIBCMT:write.obj
 0002:00008878       __sehtable$__lseeki64      04035878     LIBCMT:lseeki64.obj
 0002:00008898       __sehtable$_printf         04035898     LIBCMT:printf.obj
 0002:000088b8       __sehtable$__get_current_locale 040358b8     LIBCMT:wsetloca.obj
 0002:000088e0       __sehtable$__free_locale   040358e0     LIBCMT:wsetloca.obj
 0002:00008908       __sehtable$__wsetlocale    04035908     LIBCMT:wsetloca.obj
 0002:00008940       __sehtable$__locterm       04035940     LIBCMT:wsetloca.obj
 0002:00008960       __sehtable$___unDName      04035960     LIBCMT:undname.obj
 0002:00008980       __sehtable$___unDNameEx    04035980     LIBCMT:undname.obj
 0002:000089a0       __sehtable$_fflush         040359a0     LIBCMT:fflush.obj
 0002:000089c0       __sehtable$_flsall         040359c0     LIBCMT:fflush.obj
 0002:000089e8       __sehtable$__read          040359e8     LIBCMT:read.obj
 0002:00008a08       __sehtable$__fcloseall     04035a08     LIBCMT:closeall.obj
 0002:00008a28       __sehtable$__alloc_osfhnd  04035a28     LIBCMT:osfinfo.obj
 0002:00008a50       __sehtable$___lock_fhandle 04035a50     LIBCMT:osfinfo.obj
 0002:00008a70       __sehtable$__open_osfhandle 04035a70     LIBCMT:osfinfo.obj
 0002:00008a90       __sehtable$__putwch        04035a90     LIBCMT:putwch.obj
 0002:00008ab0       __sehtable$_vprintf_helper 04035ab0     LIBCMT:vprintf.obj
 0002:00008ad0       __sehtable$__commit        04035ad0     LIBCMT:commit.obj
 0002:00008af0       __sehtable$_fclose         04035af0     LIBCMT:fclose.obj
 0002:00008b10       __sehtable$__close         04035b10     LIBCMT:close.obj
 0002:00008b30       .edata                     04035b30     MQ2ChatWnd.exp
 0002:00008b58       rgpv                       04035b58     MQ2ChatWnd.exp
 0002:00008b74       rgszName                   04035b74     MQ2ChatWnd.exp
 0002:00008b90       rgwOrd                     04035b90     MQ2ChatWnd.exp
 0002:00008b9e       szName                     04035b9e     MQ2ChatWnd.exp
 0002:00008bad       $N00001                    04035bad     MQ2ChatWnd.exp
 0002:00008bbe       $N00002                    04035bbe     MQ2ChatWnd.exp
 0002:00008bc8       $N00003                    04035bc8     MQ2ChatWnd.exp
 0002:00008bd0       $N00004                    04035bd0     MQ2ChatWnd.exp
 0002:00008bdb       $N00005                    04035bdb     MQ2ChatWnd.exp
 0002:00008bec       $N00006                    04035bec     MQ2ChatWnd.exp
 0002:00008bf9       $N00007                    04035bf9     MQ2ChatWnd.exp
 0002:00008ebe       .idata$6                   04035ebe     kernel32:KERNEL32.dll
 0002:000095ae       .idata$6                   040365ae     MQ2Main:MQ2Main.dll
 0003:00000000       _ClassInfo                 04037000     MQ2ChatWnd.obj
 0003:00000148       _errtable                  04037148     LIBCMT:dosmap.obj
 0003:000002b0       _ErrnoNoMem                040372b0     LIBCMT:dosmap.obj
 0003:000002b4       _DoserrorNoMem             040372b4     LIBCMT:dosmap.obj
 0003:000002c0       _NAME_                     040372c0     LIBCMT:sqrt.obj
 0003:000002f0       ?_names@?1??_get_fname@@9@9 040372f0     LIBCMT:fpexcept.obj
 0003:000003d8       _over                      040373d8     LIBCMT:fpctrl.obj
 0003:000003e4       _under                     040373e4     LIBCMT:fpctrl.obj
 0003:000003f0       ?__DAZ_ENABLED@?1??__set_fpsr_sse2@@9@9 040373f0     LIBCMT:fpctrl.obj
 0003:00000478       ?isPackaged@?1??__crtIsPackagedApp@@9@9 04037478     LIBCMT:winapisupp.obj
 0003:00000480       __locktable                04037480     LIBCMT:mlock.obj
 0003:000009c8       ___rgctypeflag             040379c8     LIBCMT:mbctype.obj
 0003:000009d0       ___rgcode_page_info        040379d0     LIBCMT:mbctype.obj
 0003:00000f80       __ctype_loc_style          04037f80     LIBCMT:wsetloca.obj
 0003:00001128       _DoubleFormat              04038128     LIBCMT:intrncvt.obj
 0003:00001140       _FloatFormat               04038140     LIBCMT:intrncvt.obj
 0003:00002064       __Tuple_alloc              04039064     MQ2ChatWnd.obj
 0003:00002065       _ignore                    04039065     MQ2ChatWnd.obj
 0003:00002066       _allocator_arg             04039066     MQ2ChatWnd.obj
 0003:00002067       _piecewise_construct       04039067     MQ2ChatWnd.obj
 0003:00002078       __Tuple_alloc              04039078     libcpmt:xthrow.obj
 0003:00002079       _ignore                    04039079     libcpmt:xthrow.obj
 0003:0000207a       _allocator_arg             0403907a     libcpmt:xthrow.obj
 0003:0000207b       _piecewise_construct       0403907b     libcpmt:xthrow.obj
 0003:0000207c       _allocator_arg             0403907c     libcpmt:syserror.obj
 0003:0000207d       _piecewise_construct       0403907d     libcpmt:syserror.obj
 0003:00002084       ___proc_attached           04039084     LIBCMT:dllcrt0.obj
 0003:000020e4       ___type_info_root_node     040390e4     LIBCMT:typname.obj
 0003:000021f0       ?_pgmname@?1??_setargv@@9@9 040391f0     LIBCMT:stdargv.obj
 0003:000022f8       _GS_ExceptionRecord        040392f8     LIBCMT:gs_report.obj
 0003:00002348       _GS_ContextRecord          04039348     LIBCMT:gs_report.obj
 0003:00002614       _DebuggerWasPresent        04039614     LIBCMT:gs_report.obj
 0003:00002618       _ctrlc_action              04039618     LIBCMT:winsig.obj
 0003:0000261c       _ctrlbreak_action          0403961c     LIBCMT:winsig.obj
 0003:00002620       _abort_action              04039620     LIBCMT:winsig.obj
 0003:00002624       _term_action               04039624     LIBCMT:winsig.obj
 0003:00002628       _ConsoleCtrlHandler_Installed 04039628     LIBCMT:winsig.obj
 0003:0000262c       ___crtCallProc             0403962c     LIBCMT:winapinls.obj
 0003:00002638       ?outmsg@?9??_NMSG_WRITE@@9@9 04039638     LIBCMT:crt0msg.obj
 0003:00002c68       _lclcritsects              04039c68     LIBCMT:mlock.obj
 0003:00002db8       _g_pfnRtlGenRandom         04039db8     LIBCMT:rand_s.obj
 0003:00002dd4       _fSystemSet                04039dd4     LIBCMT:mbctype.obj
 0003:00002de4       ___enable_percent_n        04039de4     LIBCMT:printf.obj
 0003:00002e14       _heap                      04039e14     LIBCMT:undname.obj
 0003:00002e64       ?pfnMessageBox@?1??__crtMessageBoxW@@9@9 04039e64     LIBCMT:crtmboxw.obj
 0003:00002e68       ?pfnGetActiveWindow@?1??__crtMessageBoxW@@9@9 04039e68     LIBCMT:crtmboxw.obj
 0003:00002e6c       ?pfnGetLastActivePopup@?1??__crtMessageBoxW@@9@9 04039e6c     LIBCMT:crtmboxw.obj
 0003:00002e70       ?pfnGetProcessWindowStation@?1??__crtMessageBoxW@@9@9 04039e70     LIBCMT:crtmboxw.obj
 0003:00002e74       ?pfnGetUserObjectInformation@?1??__crtMessageBoxW@@9@9 04039e74     LIBCMT:crtmboxw.obj
 0004:00000060       $R000000                   0403b060     * linker generated manifest res *

 Exports

  ordinal    name

        1    _InitializePlugin
               exported name: InitializePlugin
        2    _OnCleanUI
               exported name: OnCleanUI
        3    _OnPulse
               exported name: OnPulse
        4    _OnReloadUI
               exported name: OnReloadUI
        5    _OnWriteChatColor
               exported name: OnWriteChatColor
        6    _SetGameState
               exported name: SetGameState
        7    _ShutdownPlugin
               exported name: ShutdownPlugin
