 MQ2Chat

 Timestamp is 5573de43 (Sat Jun 06 23:01:39 2015)

 Preferred load address is 04000000

 Start         Length     Name                   Class
 0001:00000000 00000074H .text$di                CODE
 0001:00000080 000252daH .text$mn                CODE
 0001:00025360 00000025H .text$x                 CODE
 0001:00025390 0000006dH .text$yd                CODE
 0002:00000000 00000154H .idata$5                DATA
 0002:00000154 00000004H .CRT$XCA                DATA
 0002:00000158 0000000cH .CRT$XCU                DATA
 0002:00000164 00000004H .CRT$XCZ                DATA
 0002:00000168 00000004H .CRT$XIA                DATA
 0002:0000016c 00000010H .CRT$XIC                DATA
 0002:0000017c 00000004H .CRT$XIZ                DATA
 0002:00000180 00000004H .CRT$XPA                DATA
 0002:00000184 00000008H .CRT$XPX                DATA
 0002:0000018c 00000004H .CRT$XPXA               DATA
 0002:00000190 00000004H .CRT$XPZ                DATA
 0002:00000194 00000004H .CRT$XTA                DATA
 0002:00000198 00000004H .CRT$XTZ                DATA
 0002:000001a0 000072b8H .rdata                  DATA
 0002:00007458 00000068H .rdata$debug            DATA
 0002:000074c0 0000077cH .rdata$r                DATA
 0002:00007c40 0000001cH .rdata$sxdata           DATA
 0002:00007c5c 00000004H .rtc$IAA                DATA
 0002:00007c60 00000004H .rtc$IZZ                DATA
 0002:00007c64 00000004H .rtc$TAA                DATA
 0002:00007c68 00000004H .rtc$TZZ                DATA
 0002:00007c70 0000097cH .xdata$x                DATA
 0002:000085f0 00000083H .edata                  DATA
 0002:00008674 00000028H .idata$2                DATA
 0002:0000869c 00000014H .idata$3                DATA
 0002:000086b0 00000154H .idata$4                DATA
 0002:00008804 00000604H .idata$6                DATA
 0003:00000000 00001308H .data                   DATA
 0003:00001308 0000031fH .data$r                 DATA
 0003:00001640 00002000H .bss                    DATA
 0004:00000000 00000058H .rsrc$01                DATA
 0004:00000060 00000180H .rsrc$02                DATA

  Address         Publics by Value              Rva+Base       Lib:Object

 0000:00000000       __except_list              00000000     <absolute>
 0000:00000000       ___guard_flags             00000000     <absolute>
 0000:00000000       ___guard_fids_count        00000000     <absolute>
 0000:00000000       ___guard_fids_table        00000000     <absolute>
 0000:00000007       ___safe_se_handler_count   00000007     <absolute>
 0000:00000000       ___ImageBase               04000000     <linker-defined>
 0001:00000080       _DllMain@12                04001080 f   MQ2Chat.obj
 0001:000000f0       _InitializePlugin          040010f0 f   MQ2Chat.obj
 0001:00000100       _ShutdownPlugin            04001100 f   MQ2Chat.obj
 0001:00000110       _OnWriteChatColor          04001110 f   MQ2Chat.obj
 0001:00000170       ??$_Allocate@D@std@@YAPADIPAD@Z 04001170 f i MQ2Chat.obj
 0001:000001a0       ??$addressof@D@std@@YAPADAAD@Z 040011a0 f i MQ2Chat.obj
 0001:000001b0       ??$construct@PADAAPAD@?$_Wrap_alloc@V?$allocator@D@std@@@std@@QAEXPAPADAAPAD@Z 040011b0 f i MQ2Chat.obj
 0001:000001d0       ??$construct@PADAAPAD@?$allocator@D@std@@QAEXPAPADAAPAD@Z 040011d0 f i MQ2Chat.obj
 0001:000001f0       ??$construct@PADAAPAD@?$allocator_traits@V?$allocator@D@std@@@std@@SAXAAV?$allocator@D@1@PAPADAAPAD@Z 040011f0 f i MQ2Chat.obj
 0001:00000210       ??$destroy@PAD@?$_Wrap_alloc@V?$allocator@D@std@@@std@@QAEXPAPAD@Z 04001210 f i MQ2Chat.obj
 0001:00000220       ??$destroy@PAD@?$allocator@D@std@@QAEXPAPAD@Z 04001220 f i MQ2Chat.obj
 0001:00000230       ??$destroy@PAD@?$allocator_traits@V?$allocator@D@std@@@std@@SAXAAV?$allocator@D@1@PAPAD@Z 04001230 f i MQ2Chat.obj
 0001:00000240       ??$forward@AAPAD@std@@YAAAPADAAPAD@Z 04001240 f i MQ2Chat.obj
 0001:00000250       ??0?$_String_alloc@$0A@U?$_String_base_types@DV?$allocator@D@std@@@std@@@std@@QAE@ABV?$allocator@D@1@@Z 04001250 f i MQ2Chat.obj
 0001:00000270       ??0?$_String_val@U?$_Simple_types@D@std@@@std@@QAE@XZ 04001270 f i MQ2Chat.obj
 0001:00000290       ??0?$_Wrap_alloc@V?$allocator@D@std@@@std@@QAE@XZ 04001290 f i MQ2Chat.obj
 0001:000002a0       ??0?$allocator@D@std@@QAE@XZ 040012a0 f i MQ2Chat.obj
 0001:000002b0       ??0?$basic_string@DU?$char_traits@D@std@@V?$allocator@D@2@@std@@QAE@PBD@Z 040012b0 f i MQ2Chat.obj
 0001:00000310       ??0_Generic_error_category@std@@QAE@XZ 04001310 f i MQ2Chat.obj
 0001:00000320       ??0_Ignore@std@@QAE@XZ     04001320 f i MQ2Chat.obj
 0001:00000330       ??0_Iostream_error_category@std@@QAE@XZ 04001330 f i MQ2Chat.obj
 0001:00000340       ??0_System_error_category@std@@QAE@XZ 04001340 f i MQ2Chat.obj
 0001:00000350       ??0error_category@std@@QAE@XZ 04001350 f i MQ2Chat.obj
 0001:00000360       ??0error_condition@std@@QAE@HABVerror_category@1@@Z 04001360 f i MQ2Chat.obj
 0001:00000380       ??0id@locale@std@@QAE@I@Z  04001380 f i MQ2Chat.obj
 0001:00000390       ??1?$basic_string@DU?$char_traits@D@std@@V?$allocator@D@2@@std@@QAE@XZ 04001390 f i MQ2Chat.obj
 0001:000003c0       ??1_Generic_error_category@std@@UAE@XZ 040013c0 f i MQ2Chat.obj
 0001:000003d0       ??1_Iostream_error_category@std@@UAE@XZ 040013d0 f i MQ2Chat.obj
 0001:000003e0       ??1_System_error_category@std@@UAE@XZ 040013e0 f i MQ2Chat.obj
 0001:000003f0       ??1error_category@std@@UAE@XZ 040013f0 f i MQ2Chat.obj
 0001:00000400       ??2@YAPAXIPAX@Z            04001400 f i MQ2Chat.obj
 0001:00000410       ??3@YAXPAX0@Z              04001410 f i MQ2Chat.obj
 0001:00000420       ??8error_category@std@@QBE_NABV01@@Z 04001420 f i MQ2Chat.obj
 0001:00000430       ??8error_condition@std@@QBE_NABV01@@Z 04001430 f i MQ2Chat.obj
 0001:00000450       ??_E_Generic_error_category@std@@UAEPAXI@Z 04001450 f i MQ2Chat.obj
 0001:00000450       ??_G_Generic_error_category@std@@UAEPAXI@Z 04001450 f i MQ2Chat.obj
 0001:00000480       ??_E_Iostream_error_category@std@@UAEPAXI@Z 04001480 f i MQ2Chat.obj
 0001:00000480       ??_G_Iostream_error_category@std@@UAEPAXI@Z 04001480 f i MQ2Chat.obj
 0001:000004b0       ??_G_System_error_category@std@@UAEPAXI@Z 040014b0 f i MQ2Chat.obj
 0001:000004b0       ??_E_System_error_category@std@@UAEPAXI@Z 040014b0 f i MQ2Chat.obj
 0001:000004e0       ??_Gerror_category@std@@UAEPAXI@Z 040014e0 f i MQ2Chat.obj
 0001:000004e0       ??_Eerror_category@std@@UAEPAXI@Z 040014e0 f i MQ2Chat.obj
 0001:00000510       ?_Copy@?$basic_string@DU?$char_traits@D@std@@V?$allocator@D@2@@std@@QAEXII@Z 04001510 f i MQ2Chat.obj
 0001:00000660       ?_Eos@?$basic_string@DU?$char_traits@D@std@@V?$allocator@D@2@@std@@QAEXI@Z 04001660 f i MQ2Chat.obj
 0001:00000690       ?_Getal@?$_String_alloc@$0A@U?$_String_base_types@DV?$allocator@D@std@@@std@@@std@@QBE?AU?$_Wrap_alloc@V?$allocator@D@std@@@2@XZ 04001690 f i MQ2Chat.obj
 0001:000006a0       ?_Grow@?$basic_string@DU?$char_traits@D@std@@V?$allocator@D@2@@std@@QAE_NI_N@Z 040016a0 f i MQ2Chat.obj
 0001:00000760       ?_Inside@?$basic_string@DU?$char_traits@D@std@@V?$allocator@D@2@@std@@QAE_NPBD@Z 04001760 f i MQ2Chat.obj
 0001:000007a0       ?_Myptr@?$_String_val@U?$_Simple_types@D@std@@@std@@QAEPADXZ 040017a0 f i MQ2Chat.obj
 0001:000007b0       ?_Myptr@?$_String_val@U?$_Simple_types@D@std@@@std@@QBEPBDXZ 040017b0 f i MQ2Chat.obj
 0001:000007c0       ?_Tidy@?$basic_string@DU?$char_traits@D@std@@V?$allocator@D@2@@std@@QAEX_NI@Z 040017c0 f i MQ2Chat.obj
 0001:00000810       ?_Xlen@?$basic_string@DU?$char_traits@D@std@@V?$allocator@D@2@@std@@QBEXXZ 04001810 f i MQ2Chat.obj
 0001:00000820       ?_Xran@?$basic_string@DU?$char_traits@D@std@@V?$allocator@D@2@@std@@QBEXXZ 04001820 f i MQ2Chat.obj
 0001:00000830       ?allocate@?$_Wrap_alloc@V?$allocator@D@std@@@std@@QAEPADI@Z 04001830 f i MQ2Chat.obj
 0001:00000860       ?allocate@?$allocator@D@std@@QAEPADI@Z 04001860 f i MQ2Chat.obj
 0001:00000890       ?assign@?$basic_string@DU?$char_traits@D@std@@V?$allocator@D@2@@std@@QAEAAV12@ABV12@II@Z 04001890 f i MQ2Chat.obj
 0001:000009c0       ?assign@?$basic_string@DU?$char_traits@D@std@@V?$allocator@D@2@@std@@QAEAAV12@PBD@Z 040019c0 f i MQ2Chat.obj
 0001:00000a00       ?assign@?$basic_string@DU?$char_traits@D@std@@V?$allocator@D@2@@std@@QAEAAV12@PBDI@Z 04001a00 f i MQ2Chat.obj
 0001:00000b00       ?assign@?$char_traits@D@std@@SAXAADABD@Z 04001b00 f i MQ2Chat.obj
 0001:00000b10       ?category@error_code@std@@QBEABVerror_category@2@XZ 04001b10 f i MQ2Chat.obj
 0001:00000b20       ?category@error_condition@std@@QBEABVerror_category@2@XZ 04001b20 f i MQ2Chat.obj
 0001:00000b30       ?copy@?$char_traits@D@std@@SAPADPADPBDI@Z 04001b30 f i MQ2Chat.obj
 0001:00000b50       ?deallocate@?$_Wrap_alloc@V?$allocator@D@std@@@std@@QAEXPADI@Z 04001b50 f i MQ2Chat.obj
 0001:00000b70       ?deallocate@?$allocator@D@std@@QAEXPADI@Z 04001b70 f i MQ2Chat.obj
 0001:00000b90       ?default_error_condition@_System_error_category@std@@UBE?AVerror_condition@2@H@Z 04001b90 f i MQ2Chat.obj
 0001:00000bd0       ?default_error_condition@error_category@std@@UBE?AVerror_condition@2@H@Z 04001bd0 f i MQ2Chat.obj
 0001:00000bf0       ?equivalent@error_category@std@@UBE_NABVerror_code@2@H@Z 04001bf0 f i MQ2Chat.obj
 0001:00000c10       ?equivalent@error_category@std@@UBE_NHABVerror_condition@2@@Z 04001c10 f i MQ2Chat.obj
 0001:00000c50       ?erase@?$basic_string@DU?$char_traits@D@std@@V?$allocator@D@2@@std@@QAEAAV12@I@Z 04001c50 f i MQ2Chat.obj
 0001:00000c90       ?erase@?$basic_string@DU?$char_traits@D@std@@V?$allocator@D@2@@std@@QAEAAV12@II@Z 04001c90 f i MQ2Chat.obj
 0001:00000d30       ?generic_category@std@@YAABVerror_category@1@XZ 04001d30 f i MQ2Chat.obj
 0001:00000d40       ?length@?$char_traits@D@std@@SAIPBD@Z 04001d40 f i MQ2Chat.obj
 0001:00000d60       ?max_size@?$_Wrap_alloc@V?$allocator@D@std@@@std@@QBEIXZ 04001d60 f i MQ2Chat.obj
 0001:00000d70       ?max_size@?$allocator@D@std@@QBEIXZ 04001d70 f i MQ2Chat.obj
 0001:00000d80       ?max_size@?$allocator_traits@V?$allocator@D@std@@@std@@SAIABV?$allocator@D@2@@Z 04001d80 f i MQ2Chat.obj
 0001:00000d90       ?max_size@?$basic_string@DU?$char_traits@D@std@@V?$allocator@D@2@@std@@QBEIXZ 04001d90 f i MQ2Chat.obj
 0001:00000da0       ?message@_Generic_error_category@std@@UBE?AV?$basic_string@DU?$char_traits@D@std@@V?$allocator@D@2@@2@H@Z 04001da0 f i MQ2Chat.obj
 0001:00000e10       ?message@_Iostream_error_category@std@@UBE?AV?$basic_string@DU?$char_traits@D@std@@V?$allocator@D@2@@2@H@Z 04001e10 f i MQ2Chat.obj
 0001:00000e60       ?message@_System_error_category@std@@UBE?AV?$basic_string@DU?$char_traits@D@std@@V?$allocator@D@2@@2@H@Z 04001e60 f i MQ2Chat.obj
 0001:00000ed0       ?move@?$char_traits@D@std@@SAPADPADPBDI@Z 04001ed0 f i MQ2Chat.obj
 0001:00000ef0       ?name@_Generic_error_category@std@@UBEPBDXZ 04001ef0 f i MQ2Chat.obj
 0001:00000f00       ?name@_Iostream_error_category@std@@UBEPBDXZ 04001f00 f i MQ2Chat.obj
 0001:00000f10       ?name@_System_error_category@std@@UBEPBDXZ 04001f10 f i MQ2Chat.obj
 0001:00000f20       ?size@?$basic_string@DU?$char_traits@D@std@@V?$allocator@D@2@@std@@QBEIXZ 04001f20 f i MQ2Chat.obj
 0001:00000f30       ?system_category@std@@YAABVerror_category@1@XZ 04001f30 f i MQ2Chat.obj
 0001:00000f40       ?value@error_code@std@@QBEHXZ 04001f40 f i MQ2Chat.obj
 0001:00000f50       ?value@error_condition@std@@QBEHXZ 04001f50 f i MQ2Chat.obj
 0001:00000f60       _hypot                     04001f60 f i MQ2Chat.obj
 0001:00000f86       _dsp_chat_no_events        04001f86 f   MQ2Main:MQ2Main.dll
 0001:00000f8c       _DebugSpewAlways           04001f8c f   MQ2Main:MQ2Main.dll
 0001:00000f92       _StripMQChat               04001f92 f   MQ2Main:MQ2Main.dll
 0001:00000f98       ??0bad_alloc@std@@QAE@ABV01@@Z 04001f98 f i libcpmt:xthrow.obj
 0001:00000fb3       ??0bad_alloc@std@@QAE@XZ   04001fb3 f i libcpmt:xthrow.obj
 0001:00000fd9       ??0bad_function_call@std@@QAE@ABV01@@Z 04001fd9 f i libcpmt:xthrow.obj
 0001:00000ff6       ??0bad_function_call@std@@QAE@PBD@Z 04001ff6 f i libcpmt:xthrow.obj
 0001:0000100a       ??0invalid_argument@std@@QAE@ABV01@@Z 0400200a f i libcpmt:xthrow.obj
 0001:00001025       ??0invalid_argument@std@@QAE@PBD@Z 04002025 f i libcpmt:xthrow.obj
 0001:00001047       ??0length_error@std@@QAE@ABV01@@Z 04002047 f i libcpmt:xthrow.obj
 0001:00001062       ??0length_error@std@@QAE@PBD@Z 04002062 f i libcpmt:xthrow.obj
 0001:00001084       ??0logic_error@std@@QAE@ABV01@@Z 04002084 f i libcpmt:xthrow.obj
 0001:0000109f       ??0logic_error@std@@QAE@PBD@Z 0400209f f i libcpmt:xthrow.obj
 0001:000010bb       ??0out_of_range@std@@QAE@ABV01@@Z 040020bb f i libcpmt:xthrow.obj
 0001:000010d6       ??0out_of_range@std@@QAE@PBD@Z 040020d6 f i libcpmt:xthrow.obj
 0001:000010f8       ??0overflow_error@std@@QAE@ABV01@@Z 040020f8 f i libcpmt:xthrow.obj
 0001:00001113       ??0overflow_error@std@@QAE@PBD@Z 04002113 f i libcpmt:xthrow.obj
 0001:00001135       ??0regex_error@std@@QAE@ABV01@@Z 04002135 f i libcpmt:xthrow.obj
 0001:00001159       ??0regex_error@std@@QAE@W4error_type@regex_constants@1@@Z 04002159 f i libcpmt:xthrow.obj
 0001:00001189       ??0runtime_error@std@@QAE@ABV01@@Z 04002189 f i libcpmt:xthrow.obj
 0001:000011a4       ??0runtime_error@std@@QAE@PBD@Z 040021a4 f i libcpmt:xthrow.obj
 0001:000011c0       ??1bad_alloc@std@@UAE@XZ   040021c0 f i libcpmt:xthrow.obj
 0001:000011cb       ??1bad_function_call@std@@UAE@XZ 040021cb f i libcpmt:xthrow.obj
 0001:000011d0       ??1invalid_argument@std@@UAE@XZ 040021d0 f i libcpmt:xthrow.obj
 0001:000011d5       ??1length_error@std@@UAE@XZ 040021d5 f i libcpmt:xthrow.obj
 0001:000011da       ??1logic_error@std@@UAE@XZ 040021da f i libcpmt:xthrow.obj
 0001:000011df       ??1out_of_range@std@@UAE@XZ 040021df f i libcpmt:xthrow.obj
 0001:000011e4       ??1overflow_error@std@@UAE@XZ 040021e4 f i libcpmt:xthrow.obj
 0001:000011e9       ??1regex_error@std@@UAE@XZ 040021e9 f i libcpmt:xthrow.obj
 0001:000011ee       ??1runtime_error@std@@UAE@XZ 040021ee f i libcpmt:xthrow.obj
 0001:000011f3       ??_Ebad_alloc@std@@UAEPAXI@Z 040021f3 f i libcpmt:xthrow.obj
 0001:000011f3       ??_Gbad_alloc@std@@UAEPAXI@Z 040021f3 f i libcpmt:xthrow.obj
 0001:00001218       ??_Gbad_function_call@std@@UAEPAXI@Z 04002218 f i libcpmt:xthrow.obj
 0001:00001218       ??_Ebad_function_call@std@@UAEPAXI@Z 04002218 f i libcpmt:xthrow.obj
 0001:00001237       ??_Ginvalid_argument@std@@UAEPAXI@Z 04002237 f i libcpmt:xthrow.obj
 0001:00001237       ??_Einvalid_argument@std@@UAEPAXI@Z 04002237 f i libcpmt:xthrow.obj
 0001:00001256       ??_Elength_error@std@@UAEPAXI@Z 04002256 f i libcpmt:xthrow.obj
 0001:00001256       ??_Glength_error@std@@UAEPAXI@Z 04002256 f i libcpmt:xthrow.obj
 0001:00001275       ??_Glogic_error@std@@UAEPAXI@Z 04002275 f i libcpmt:xthrow.obj
 0001:00001275       ??_Elogic_error@std@@UAEPAXI@Z 04002275 f i libcpmt:xthrow.obj
 0001:00001294       ??_Eout_of_range@std@@UAEPAXI@Z 04002294 f i libcpmt:xthrow.obj
 0001:00001294       ??_Gout_of_range@std@@UAEPAXI@Z 04002294 f i libcpmt:xthrow.obj
 0001:000012b3       ??_Goverflow_error@std@@UAEPAXI@Z 040022b3 f i libcpmt:xthrow.obj
 0001:000012b3       ??_Eoverflow_error@std@@UAEPAXI@Z 040022b3 f i libcpmt:xthrow.obj
 0001:000012d2       ??_Gregex_error@std@@UAEPAXI@Z 040022d2 f i libcpmt:xthrow.obj
 0001:000012d2       ??_Eregex_error@std@@UAEPAXI@Z 040022d2 f i libcpmt:xthrow.obj
 0001:000012f1       ??_Gruntime_error@std@@UAEPAXI@Z 040022f1 f i libcpmt:xthrow.obj
 0001:000012f1       ??_Eruntime_error@std@@UAEPAXI@Z 040022f1 f i libcpmt:xthrow.obj
 0001:00001310       ?_Stringify@regex_error@std@@CAPBDW4error_type@regex_constants@2@@Z 04002310 f i libcpmt:xthrow.obj
 0001:000013d0       ?_Xbad_alloc@std@@YAXXZ    040023d0 f   libcpmt:xthrow.obj
 0001:00001401       ?_Xbad_function_call@std@@YAXXZ 04002401 f   libcpmt:xthrow.obj
 0001:00001425       ?_Xinvalid_argument@std@@YAXPBD@Z 04002425 f   libcpmt:xthrow.obj
 0001:00001453       ?_Xlength_error@std@@YAXPBD@Z 04002453 f   libcpmt:xthrow.obj
 0001:00001481       ?_Xout_of_range@std@@YAXPBD@Z 04002481 f   libcpmt:xthrow.obj
 0001:000014af       ?_Xoverflow_error@std@@YAXPBD@Z 040024af f   libcpmt:xthrow.obj
 0001:000014dd       ?_Xregex_error@std@@YAXW4error_type@regex_constants@1@@Z 040024dd f   libcpmt:xthrow.obj
 0001:000014fd       ?_Xruntime_error@std@@YAXPBD@Z 040024fd f   libcpmt:xthrow.obj
 0001:0000152b       ?what@bad_function_call@std@@UBEPBDXZ 0400252b f i libcpmt:xthrow.obj
 0001:00001531       ?_Syserror_map@std@@YAPBDH@Z 04002531 f   libcpmt:syserror.obj
 0001:0000155b       ?_Winerror_map@std@@YAPBDH@Z 0400255b f   libcpmt:syserror.obj
 0001:00001585       __get_purecall_handler     04002585 f   LIBCMT:purevirt.obj
 0001:00001592       __purecall                 04002592 f   LIBCMT:purevirt.obj
 0001:000015b4       __set_purecall_handler     040025b4 f   LIBCMT:purevirt.obj
 0001:000015d9       ??2@YAPAXI@Z               040025d9 f   LIBCMT:new.obj
 0001:0000162a       ??3@YAXPAX@Z               0400262a f   LIBCMT:delete.obj
 0001:0000162f       ___onexitinit              0400262f f   LIBCMT:onexit.obj
 0001:0000165e       __onexit                   0400265e f   LIBCMT:onexit.obj
 0001:0000175a       _atexit                    0400275a f   LIBCMT:onexit.obj
 0001:00001770       _memmove                   04002770 f   LIBCMT:memmove.obj
 0001:00001db4       __scprintf                 04002db4 f   LIBCMT:sprintf.obj
 0001:00001dc7       __scprintf_l               04002dc7 f   LIBCMT:sprintf.obj
 0001:00001dde       __scprintf_p               04002dde f   LIBCMT:sprintf.obj
 0001:00001df1       __scprintf_p_l             04002df1 f   LIBCMT:sprintf.obj
 0001:00001e08       __snprintf_s               04002e08 f   LIBCMT:sprintf.obj
 0001:00001e27       __snprintf_s_l             04002e27 f   LIBCMT:sprintf.obj
 0001:00001e47       __sprintf_l                04002e47 f   LIBCMT:sprintf.obj
 0001:00001e61       __sprintf_p                04002e61 f   LIBCMT:sprintf.obj
 0001:00001e7d       __sprintf_p_l              04002e7d f   LIBCMT:sprintf.obj
 0001:00001e9a       __sprintf_s_l              04002e9a f   LIBCMT:sprintf.obj
 0001:00001eb7       _sprintf                   04002eb7 f   LIBCMT:sprintf.obj
 0001:00001f3b       _sprintf_s                 04002f3b f   LIBCMT:sprintf.obj
 0001:00001f57       __cabs                     04002f57 f   LIBCMT:hypot.obj
 0001:00001f76       __hypot                    04002f76 f   LIBCMT:hypot.obj
 0001:000021e1       __CxxThrowException@8      040031e1 f   LIBCMT:throw.obj
 0001:00002314       ?_CallCatchBlock2@@YAPAXPAUEHRegistrationNode@@PBU_s_FuncInfo@@PAXHK@Z 04003314 f   LIBCMT:_trnsctrl_.obj
 0001:00002374       ?_CallMemberFunction0@@YGXPAX0@Z 04003374 f   LIBCMT:_trnsctrl_.obj
 0001:0000237b       ?_CallMemberFunction1@@YGXPAX00@Z 0400337b f   LIBCMT:_trnsctrl_.obj
 0001:00002382       ?_CallMemberFunction2@@YGXPAX00H@Z 04003382 f   LIBCMT:_trnsctrl_.obj
 0001:00002389       ?_CallSETranslator@@YAHPAUEHExceptionRecord@@PAUEHRegistrationNode@@PAX2PBU_s_FuncInfo@@H1@Z 04003389 f   LIBCMT:_trnsctrl_.obj
 0001:00002460       ?_GetRangeOfTrysToCheck@@YAPBU_s_TryBlockMapEntry@@PBU_s_FuncInfo@@HHPAI1@Z 04003460 f   LIBCMT:_trnsctrl_.obj
 0001:000024de       ?_JumpToContinuation@@YGXPAXPAUEHRegistrationNode@@@Z 040034de f   LIBCMT:_trnsctrl_.obj
 0001:00002510       ?_UnwindNestedFrames@@YGXPAUEHRegistrationNode@@PAUEHExceptionRecord@@@Z 04003510 f   LIBCMT:_trnsctrl_.obj
 0001:00002565       __CreateFrameInfo          04003565 f   LIBCMT:_trnsctrl_.obj
 0001:0000258f       __FindAndUnlinkFrame       0400358f f   LIBCMT:_trnsctrl_.obj
 0001:000025df       __IsExceptionObjectToBeDestroyed 040035df f   LIBCMT:_trnsctrl_.obj
 0001:00002608       ___CxxFrameHandler         04003608 f   LIBCMT:_trnsctrl_.obj
 0001:0000263e       ___CxxFrameHandler2        0400363e f   LIBCMT:_trnsctrl_.obj
 0001:00002674       ___CxxFrameHandler3        04003674 f   LIBCMT:_trnsctrl_.obj
 0001:000026aa       ___CxxLongjmpUnwind@4      040036aa f   LIBCMT:_trnsctrl_.obj
 0001:000026d0       _memcpy                    040036d0 f   LIBCMT:memcpy.obj
 0001:00002d14       ??0type_info@@AAE@ABV0@@Z  04003d14 f   LIBCMT:typinfo.obj
 0001:00002d1f       ??1type_info@@UAE@XZ       04003d1f f   LIBCMT:typinfo.obj
 0001:00002d2d       ??4type_info@@AAEAAV0@ABV0@@Z 04003d2d f   LIBCMT:typinfo.obj
 0001:00002d32       ??8type_info@@QBE_NABV0@@Z 04003d32 f   LIBCMT:typinfo.obj
 0001:00002d50       ??9type_info@@QBE_NABV0@@Z 04003d50 f   LIBCMT:typinfo.obj
 0001:00002d6f       ??_Gtype_info@@UAEPAXI@Z   04003d6f f i LIBCMT:typinfo.obj
 0001:00002d6f       ??_Etype_info@@UAEPAXI@Z   04003d6f f i LIBCMT:typinfo.obj
 0001:00002d8e       ?_name_internal_method@type_info@@QBEPBDPAU__type_info_node@@@Z 04003d8e f   LIBCMT:typinfo.obj
 0001:00002da0       ?_type_info_dtor_internal_method@type_info@@QAEXXZ 04003da0 f   LIBCMT:typinfo.obj
 0001:00002da8       ?before@type_info@@QBE_NABV1@@Z 04003da8 f   LIBCMT:typinfo.obj
 0001:00002dc8       ?name@type_info@@QBEPBDPAU__type_info_node@@@Z 04003dc8 f   LIBCMT:typinfo.obj
 0001:00002dda       ?raw_name@type_info@@QBEPBDXZ 04003dda f   LIBCMT:typinfo.obj
 0001:00002dde       __fpmath                   04003dde f   LIBCMT:fpinit.obj
 0001:00002df5       ___setfflag                04003df5 f   LIBCMT:fpinit.obj
 0001:00002e08       __cfltcvt_init             04003e08 f   LIBCMT:fpinit.obj
 0001:00002e68       __CRT_INIT@12              04003e68 f   LIBCMT:dllcrt0.obj
 0001:00002fda       __DllMainCRTStartup@12     04003fda f   LIBCMT:dllcrt0.obj
 0001:0000310b       ___DllXcptFilter           0400410b f   LIBCMT:dllcrt0.obj
 0001:00003130       _strlen                    04004130 f   LIBCMT:strlen.obj
 0001:000031bb       ??0__non_rtti_object@std@@QAE@ABV01@@Z 040041bb f   LIBCMT:stdexcpt.obj
 0001:000031d6       ??0__non_rtti_object@std@@QAE@PBD@Z 040041d6 f   LIBCMT:stdexcpt.obj
 0001:000031f1       ??0bad_cast@std@@QAE@ABV01@@Z 040041f1 f   LIBCMT:stdexcpt.obj
 0001:0000320c       ??0bad_cast@std@@QAE@PBD@Z 0400420c f   LIBCMT:stdexcpt.obj
 0001:00003228       ??0bad_typeid@std@@QAE@ABV01@@Z 04004228 f   LIBCMT:stdexcpt.obj
 0001:00003243       ??0bad_typeid@std@@QAE@PBD@Z 04004243 f   LIBCMT:stdexcpt.obj
 0001:0000325f       ??0exception@std@@QAE@ABQBD@Z 0400425f f   LIBCMT:stdexcpt.obj
 0001:00003284       ??0exception@std@@QAE@ABQBDH@Z 04004284 f   LIBCMT:stdexcpt.obj
 0001:0000329f       ??0exception@std@@QAE@ABV01@@Z 0400429f f   LIBCMT:stdexcpt.obj
 0001:000032c2       ??0exception@std@@QAE@XZ   040042c2 f   LIBCMT:stdexcpt.obj
 0001:000032d3       ??1__non_rtti_object@std@@UAE@XZ 040042d3 f   LIBCMT:stdexcpt.obj
 0001:000032de       ??1bad_cast@std@@UAE@XZ    040042de f   LIBCMT:stdexcpt.obj
 0001:000032e9       ??1bad_typeid@std@@UAE@XZ  040042e9 f   LIBCMT:stdexcpt.obj
 0001:000032f4       ??1exception@std@@UAE@XZ   040042f4 f   LIBCMT:stdexcpt.obj
 0001:000032ff       ??4exception@std@@QAEAAV01@ABV01@@Z 040042ff f   LIBCMT:stdexcpt.obj
 0001:00003332       ??_G__non_rtti_object@std@@UAEPAXI@Z 04004332 f i LIBCMT:stdexcpt.obj
 0001:00003332       ??_E__non_rtti_object@std@@UAEPAXI@Z 04004332 f i LIBCMT:stdexcpt.obj
 0001:00003357       ??_Gbad_cast@std@@UAEPAXI@Z 04004357 f i LIBCMT:stdexcpt.obj
 0001:00003357       ??_Ebad_cast@std@@UAEPAXI@Z 04004357 f i LIBCMT:stdexcpt.obj
 0001:0000337c       ??_Gbad_typeid@std@@UAEPAXI@Z 0400437c f i LIBCMT:stdexcpt.obj
 0001:0000337c       ??_Ebad_typeid@std@@UAEPAXI@Z 0400437c f i LIBCMT:stdexcpt.obj
 0001:000033a1       ??_Eexception@std@@UAEPAXI@Z 040043a1 f i LIBCMT:stdexcpt.obj
 0001:000033a1       ??_Gexception@std@@UAEPAXI@Z 040043a1 f i LIBCMT:stdexcpt.obj
 0001:000033c6       ?_Copy_str@exception@std@@AAEXPBD@Z 040043c6 f   LIBCMT:stdexcpt.obj
 0001:00003404       ?_Tidy@exception@std@@AAEXXZ 04004404 f   LIBCMT:stdexcpt.obj
 0001:00003420       ?what@exception@std@@UBEPBDXZ 04004420 f   LIBCMT:stdexcpt.obj
 0001:0000342d       @__security_check_cookie@4 0400442d f   LIBCMT:secchk.obj
 0001:0000343c       __EH_epilog3               0400443c f   LIBCMT:ehprolg3.obj
 0001:00003450       __EH_epilog3_GS            04004450 f   LIBCMT:ehprolg3.obj
 0001:0000345f       __EH_epilog3_catch_GS      0400445f f   LIBCMT:ehprolg3.obj
 0001:0000346e       __EH_prolog3               0400446e f   LIBCMT:ehprolg3.obj
 0001:000034a1       __EH_prolog3_GS            040044a1 f   LIBCMT:ehprolg3.obj
 0001:000034d7       __EH_prolog3_catch         040044d7 f   LIBCMT:ehprolg3.obj
 0001:0000350d       __EH_prolog3_catch_GS      0400450d f   LIBCMT:ehprolg3.obj
 0001:00003546       __set_abort_behavior       04004546 f   LIBCMT:abort.obj
 0001:00003565       _abort                     04004565 f   LIBCMT:abort.obj
 0001:000035a8       ___getlocaleinfo           040045a8 f   LIBCMT:inithelp.obj
 0001:00003781       __initp_misc_purevirt      04004781 f   LIBCMT:inithelp.obj
 0001:0000378e       __invoke_watson_if_error   0400478e f i LIBCMT:inithelp.obj
 0001:000037ae       __heap_alloc               040047ae f i LIBCMT:malloc.obj
 0001:000037eb       _malloc                    040047eb f   LIBCMT:malloc.obj
 0001:0000387d       ?_query_new_handler@@YAP6AHI@ZXZ 0400487d f   LIBCMT:handler.obj
 0001:0000388a       ?_set_new_handler@@YAP6AHI@ZH@Z 0400488a f   LIBCMT:handler.obj
 0001:00003893       ?_set_new_handler@@YAP6AHI@ZP6AHI@Z@Z 04004893 f   LIBCMT:handler.obj
 0001:000038c8       __callnewh                 040048c8 f   LIBCMT:handler.obj
 0001:000038ee       __initp_heap_handler       040048ee f   LIBCMT:handler.obj
 0001:000038fb       _free                      040048fb f   LIBCMT:free.obj
 0001:00003933       ___copy_path_to_wide_string 04004933 f   LIBCMT:crt0dat.obj
 0001:000039e5       ___copy_to_char            040049e5 f   LIBCMT:crt0dat.obj
 0001:00003a9a       ___crtCorExitProcess       04004a9a f   LIBCMT:crt0dat.obj
 0001:00003ace       ___crtExitProcess          04004ace f   LIBCMT:crt0dat.obj
 0001:00003ae4       ___freeCrtMemory           04004ae4 f   LIBCMT:crt0dat.obj
 0001:00003bf1       __amsg_exit                04004bf1 f   LIBCMT:crt0dat.obj
 0001:00003c0d       __c_exit                   04004c0d f   LIBCMT:crt0dat.obj
 0001:00003c1c       __cexit                    04004c1c f   LIBCMT:crt0dat.obj
 0001:00003c2b       __cinit                    04004c2b f   LIBCMT:crt0dat.obj
 0001:00003caf       __exit                     04004caf f   LIBCMT:crt0dat.obj
 0001:00003cc3       __exit_app                 04004cc3 f   LIBCMT:crt0dat.obj
 0001:00003cd1       __get_pgmptr               04004cd1 f   LIBCMT:crt0dat.obj
 0001:00003d00       __get_wpgmptr              04004d00 f   LIBCMT:crt0dat.obj
 0001:00003d2f       __init_pointers            04004d2f f   LIBCMT:crt0dat.obj
 0001:00003d9d       __initterm_e               04004d9d f   LIBCMT:crt0dat.obj
 0001:00003dbf       __lockexit                 04004dbf f   LIBCMT:crt0dat.obj
 0001:00003dc8       __unlockexit               04004dc8 f   LIBCMT:crt0dat.obj
 0001:00003f00       _exit                      04004f00 f   LIBCMT:crt0dat.obj
 0001:00003f14       __msize                    04004f14 f   LIBCMT:msize.obj
 0001:00003f45       __calloc_crt               04004f45 f   LIBCMT:crtheap.obj
 0001:00003f8d       __malloc_crt               04004f8d f   LIBCMT:crtheap.obj
 0001:00003fd4       __realloc_crt              04004fd4 f   LIBCMT:crtheap.obj
 0001:0000401e       __recalloc_crt             0400501e f   LIBCMT:crtheap.obj
 0001:0000406c       __set_malloc_crt_max_wait  0400506c f   LIBCMT:crtheap.obj
 0001:0000407f       _wait_a_bit                0400507f f i LIBCMT:crtheap.obj
 0001:000040b0       __SEH_prolog4              040050b0 f   LIBCMT:sehprolg4.obj
 0001:000040f5       __SEH_epilog4              040050f5 f   LIBCMT:sehprolg4.obj
 0001:00004150       __except_handler4          04005150 f   LIBCMT:chandler4.obj
 0001:000042e4       ___isa_available_init      040052e4 f   LIBCMT:cpu_disp.obj
 0001:0000445d       ?_invalid_parameter@@YAXPBG00II@Z 0400545d f   LIBCMT:invarg.obj
 0001:00004462       ?_invoke_watson@@YAXPBG00II@Z 04005462 f   LIBCMT:invarg.obj
 0001:0000447a       __call_reportfault         0400547a f   LIBCMT:invarg.obj
 0001:0000459f       __get_invalid_parameter_handler 0400559f f   LIBCMT:invarg.obj
 0001:000045ac       __initp_misc_invarg        040055ac f   LIBCMT:invarg.obj
 0001:000045b9       __invalid_parameter        040055b9 f   LIBCMT:invarg.obj
 0001:000045e4       __invalid_parameter_noinfo 040055e4 f   LIBCMT:invarg.obj
 0001:000045f4       __invalid_parameter_noinfo_noreturn 040055f4 f   LIBCMT:invarg.obj
 0001:0000460f       __invoke_watson            0400560f f   LIBCMT:invarg.obj
 0001:0000463a       __set_invalid_parameter_handler 0400563a f   LIBCMT:invarg.obj
 0001:0000465f       __flsbuf                   0400565f f   LIBCMT:_flsbuf.obj
 0001:000047ae       __vscprintf                040057ae f   LIBCMT:vsprintf.obj
 0001:000047c8       __vscprintf_helper         040057c8 f   LIBCMT:vsprintf.obj
 0001:00004824       __vscprintf_l              04005824 f   LIBCMT:vsprintf.obj
 0001:0000483f       __vscprintf_p              0400583f f   LIBCMT:vsprintf.obj
 0001:00004859       __vscprintf_p_l            04005859 f   LIBCMT:vsprintf.obj
 0001:00004874       __vsprintf_l               04005874 f   LIBCMT:vsprintf.obj
 0001:000048f8       _vsprintf                  040058f8 f   LIBCMT:vsprintf.obj
 0001:00004910       __vsnprintf_c              04005910 f   LIBCMT:vsnprnc.obj
 0001:00004937       __vsnprintf_c_l            04005937 f   LIBCMT:vsnprnc.obj
 0001:0000495f       __vsnprintf_helper         0400595f f   LIBCMT:vsnprnc.obj
 0001:00004a29       __vsnprintf_s              04005a29 f   LIBCMT:vsnprnc.obj
 0001:00004a47       __vsnprintf_s_l            04005a47 f   LIBCMT:vsnprnc.obj
 0001:00004b47       __vsprintf_p               04005b47 f   LIBCMT:vsnprnc.obj
 0001:00004b6e       __vsprintf_p_l             04005b6e f   LIBCMT:vsnprnc.obj
 0001:00004b96       __vsprintf_s_l             04005b96 f   LIBCMT:vsnprnc.obj
 0001:00004c0b       _vsprintf_s                04005c0b f   LIBCMT:vsnprnc.obj
 0001:00004c26       ??0_LocaleUpdate@@QAE@PAUlocaleinfo_struct@@@Z 04005c26 f i LIBCMT:output.obj
 0001:00004cae       ??1_LocaleUpdate@@QAE@XZ   04005cae f i LIBCMT:output.obj
 0001:00004cbc       ?GetLocaleT@_LocaleUpdate@@QAEPAUlocaleinfo_struct@@XZ 04005cbc f i LIBCMT:output.obj
 0001:00004cbf       __output_l                 04005cbf f   LIBCMT:output.obj
 0001:0000583f       _get_int64_arg             0400683f f i LIBCMT:output.obj
 0001:00005852       _get_int_arg               04006852 f i LIBCMT:output.obj
 0001:00005862       _get_short_arg             04006862 f i LIBCMT:output.obj
 0001:0000595f       ___doserrno                0400695f f   LIBCMT:dosmap.obj
 0001:00005972       __dosmaperr                04006972 f   LIBCMT:dosmap.obj
 0001:00005993       __errno                    04006993 f   LIBCMT:dosmap.obj
 0001:000059a6       __get_doserrno             040069a6 f   LIBCMT:dosmap.obj
 0001:000059c9       __get_errno                040069c9 f   LIBCMT:dosmap.obj
 0001:000059ec       __get_errno_from_oserr     040069ec f   LIBCMT:dosmap.obj
 0001:00005a2d       __set_doserrno             04006a2d f   LIBCMT:dosmap.obj
 0001:00005a4c       __set_errno                04006a4c f   LIBCMT:dosmap.obj
 0001:00005a70       __CIsqrt                   04006a70 f   LIBCMT:sqrt.obj
 0001:00005a84       _sqrt                      04006a84     LIBCMT:sqrt.obj
 0001:00005b2a       __add_exp                  04006b2a f   LIBCMT:util.obj
 0001:00005b59       __decomp                   04006b59 f   LIBCMT:util.obj
 0001:00005c2b       __get_exp                  04006c2b f   LIBCMT:util.obj
 0001:00005c44       __set_bexp                 04006c44 f   LIBCMT:util.obj
 0001:00005c6d       __set_exp                  04006c6d f   LIBCMT:util.obj
 0001:00005c9c       __sptype                   04006c9c f   LIBCMT:util.obj
 0001:00005cf7       __errcode                  04006cf7 f   LIBCMT:fpexcept.obj
 0001:00005d29       __except1                  04006d29 f   LIBCMT:fpexcept.obj
 0001:00005df1       __except2                  04006df1 f   LIBCMT:fpexcept.obj
 0001:00005ef1       __handle_exc               04006ef1 f   LIBCMT:fpexcept.obj
 0001:000060cf       __handle_qnan1             040070cf f   LIBCMT:fpexcept.obj
 0001:0000611f       __handle_qnan2             0400711f f   LIBCMT:fpexcept.obj
 0001:0000617f       __raise_exc                0400717f f   LIBCMT:fpexcept.obj
 0001:000061a0       __raise_exc_ex             040071a0 f   LIBCMT:fpexcept.obj
 0001:00006485       __raise_excf               04007485 f   LIBCMT:fpexcept.obj
 0001:000064a6       __set_errno_from_matherr   040074a6 f   LIBCMT:fpexcept.obj
 0001:000064d3       __umatherr                 040074d3 f   LIBCMT:fpexcept.obj
 0001:00006573       ___clrfp_sse2              04007573 f   LIBCMT:fpctrl.obj
 0001:00006594       ___ctrlfp_sse2             04007594 f   LIBCMT:fpctrl.obj
 0001:000065cd       ___fclrf_sse2              040075cd f   LIBCMT:fpctrl.obj
 0001:000065ea       ___get_fpsr_sse2           040075ea f   LIBCMT:fpctrl.obj
 0001:00006606       ___set_fpsr_sse2           04007606 f   LIBCMT:fpctrl.obj
 0001:0000667c       ___set_statfp_sse2         0400767c f   LIBCMT:fpctrl.obj
 0001:00006695       ___statfp_sse2             04007695 f   LIBCMT:fpctrl.obj
 0001:000066aa       __clrfp                    040076aa f   LIBCMT:fpctrl.obj
 0001:000066bb       __ctrlfp                   040076bb f   LIBCMT:fpctrl.obj
 0001:000066e6       __set_statfp               040076e6 f   LIBCMT:fpctrl.obj
 0001:0000673e       __statfp                   0400773e f   LIBCMT:fpctrl.obj
 0001:0000674e       ___get_flsindex            0400774e f   LIBCMT:tidtable.obj
 0001:00006754       ___threadhandle            04007754 f   LIBCMT:tidtable.obj
 0001:0000675a       ___threadid                0400775a f   LIBCMT:tidtable.obj
 0001:00006760       __freefls@4                04007760 f   LIBCMT:tidtable.obj
 0001:00006895       __freeptd                  04007895 f   LIBCMT:tidtable.obj
 0001:000068cb       __getptd                   040078cb f   LIBCMT:tidtable.obj
 0001:000068e3       __getptd_noexit            040078e3 f   LIBCMT:tidtable.obj
 0001:00006952       __initptd                  04007952 f   LIBCMT:tidtable.obj
 0001:00006a05       __mtinit                   04007a05 f   LIBCMT:tidtable.obj
 0001:00006a7b       __mtterm                   04007a7b f   LIBCMT:tidtable.obj
 0001:00006aa0       __CallSettingFrame@12      04007aa0 f   LIBCMT:lowhelpr.obj
 0001:00006ac7       __NLG_Return               04007ac7     LIBCMT:lowhelpr.obj
 0001:00006aec       ?_inconsistency@@YAXXZ     04007aec f   LIBCMT:hooks.obj
 0001:00006b24       ?terminate@@YAXXZ          04007b24 f   LIBCMT:hooks.obj
 0001:00006b58       ?unexpected@@YAXXZ         04007b58 f   LIBCMT:hooks.obj
 0001:00006b6b       __initp_eh_hooks           04007b6b f   LIBCMT:hooks.obj
 0001:00006b7c       ___DestructExceptionObject 04007b7c f   LIBCMT:frame.obj
 0001:00006c07       ??0bad_exception@std@@QAE@ABV01@@Z 04007c07 f i LIBCMT:frame.obj
 0001:00006c22       ??0bad_exception@std@@QAE@PBD@Z 04007c22 f i LIBCMT:frame.obj
 0001:00006c3e       ??1bad_exception@std@@UAE@XZ 04007c3e f i LIBCMT:frame.obj
 0001:00006c49       ??_Gbad_exception@std@@UAEPAXI@Z 04007c49 f i LIBCMT:frame.obj
 0001:00006c49       ??_Ebad_exception@std@@UAEPAXI@Z 04007c49 f i LIBCMT:frame.obj
 0001:000074b6       ?__uncaught_exception@@YA_NXZ 040084b6 f   LIBCMT:frame.obj
 0001:000074c7       ?_is_exception_typeof@@YAHABVtype_info@@PAU_EXCEPTION_POINTERS@@@Z 040084c7 f   LIBCMT:frame.obj
 0001:0000754e       __SetWinRTOutOfMemoryExceptionCallback 0400854e f   LIBCMT:frame.obj
 0001:0000755b       ___AdjustPointer           0400855b f   LIBCMT:frame.obj
 0001:00007580       ___BuildCatchObject        04008580 f   LIBCMT:frame.obj
 0001:0000760e       ___BuildCatchObjectHelper  0400860e f   LIBCMT:frame.obj
 0001:000077d0       ___CxxDetectRethrow        040087d0 f   LIBCMT:frame.obj
 0001:0000781f       ___CxxExceptionFilter      0400881f f   LIBCMT:frame.obj
 0001:00007979       ___CxxQueryExceptionSize   04008979 f   LIBCMT:frame.obj
 0001:0000797d       ___CxxRegisterExceptionObject 0400897d f   LIBCMT:frame.obj
 0001:00007a34       ___CxxUnregisterExceptionObject 04008a34 f   LIBCMT:frame.obj
 0001:00007b71       ___FrameUnwindFilter       04008b71 f   LIBCMT:frame.obj
 0001:00007bbf       ___FrameUnwindToState      04008bbf f   LIBCMT:frame.obj
 0001:00007c98       ___GetPlatformExceptionInfo 04008c98 f   LIBCMT:frame.obj
 0001:00007ced       ___InternalCxxFrameHandler 04008ced f   LIBCMT:frame.obj
 0001:00007dce       ___TypeMatch               04008dce f   LIBCMT:frame.obj
 0001:00007e40       _strcmp                    04008e40 f   LIBCMT:strcmp.obj
 0001:00007ecc       ?_Name_base@type_info@@CAPBDPBV1@PAU__type_info_node@@@Z 04008ecc f   LIBCMT:typname.obj
 0001:00007fbd       ?_Name_base_internal@type_info@@CAPBDPBV1@PAU__type_info_node@@@Z 04008fbd f   LIBCMT:typname.obj
 0001:000080c7       ?_Type_info_dtor@type_info@@CAXPAV1@@Z 040090c7 f   LIBCMT:typname.obj
 0001:00008138       ?_Type_info_dtor_internal@type_info@@CAXPAV1@@Z 04009138 f   LIBCMT:typname.obj
 0001:000081a9       ___clean_type_info_names_internal 040091a9 f   LIBCMT:typname.obj
 0001:000081fc       ___unDNameHelper           040091fc f   LIBCMT:typname.obj
 0001:0000822a       ?strrchr@@YAPADPADH@Z      0400922a f i LIBCMT:cvt.obj
 0001:00008233       __cfltcvt                  04009233 f   LIBCMT:cvt.obj
 0001:00008254       __cfltcvt_l                04009254 f   LIBCMT:cvt.obj
 0001:000082da       __cftoa                    040092da f   LIBCMT:cvt.obj
 0001:000082f8       __cftoa_l                  040092f8 f   LIBCMT:cvt.obj
 0001:00008654       __cftoe                    04009654 f   LIBCMT:cvt.obj
 0001:000087c3       __cftoe_l                  040097c3 f   LIBCMT:cvt.obj
 0001:00008891       __cftof                    04009891 f   LIBCMT:cvt.obj
 0001:00008998       __cftof_l                  04009998 f   LIBCMT:cvt.obj
 0001:00008a59       __cftog                    04009a59 f   LIBCMT:cvt.obj
 0001:00008a77       __cftog_l                  04009a77 f   LIBCMT:cvt.obj
 0001:00008b76       __cropzeros                04009b76 f   LIBCMT:cvt.obj
 0001:00008b87       __cropzeros_l              04009b87 f   LIBCMT:cvt.obj
 0001:00008c07       __fassign                  04009c07 f   LIBCMT:cvt.obj
 0001:00008c1f       __fassign_l                04009c1f f   LIBCMT:cvt.obj
 0001:00008c61       __forcdecpt                04009c61 f   LIBCMT:cvt.obj
 0001:00008c72       __forcdecpt_l              04009c72 f   LIBCMT:cvt.obj
 0001:00008ce6       __positive                 04009ce6 f   LIBCMT:cvt.obj
 0001:00008d28       __setdefaultprecision      04009d28 f   LIBCMT:fp8.obj
 0001:00008d4f       __initp_misc_cfltcvt_tab   04009d4f f   LIBCMT:cmiscdat.obj
 0001:00008d6e       __XcptFilter               04009d6e f   LIBCMT:winxfltr.obj
 0001:00008ec9       ___CppXcptFilter           04009ec9 f   LIBCMT:winxfltr.obj
 0001:00008f1b       __get_heap_handle          04009f1b f   LIBCMT:heapinit.obj
 0001:00008f21       __heap_init                04009f21 f   LIBCMT:heapinit.obj
 0001:00008f36       __heap_term                04009f36 f   LIBCMT:heapinit.obj
 0001:00008f3e       __ioinit                   04009f3e f   LIBCMT:ioinit.obj
 0001:000091f2       __ioterm                   0400a1f2 f   LIBCMT:ioinit.obj
 0001:00009244       __set_pgmptr               0400a244 f i LIBCMT:stdargv.obj
 0001:00009251       __setargv                  0400a251 f   LIBCMT:stdargv.obj
 0001:00009480       __setenvp                  0400a480 f   LIBCMT:stdenvp.obj
 0001:00009561       ___security_init_cookie    0400a561 f   LIBCMT:gs_support.obj
 0001:000095fd       ___crtGetEnvironmentStringsA 0400a5fd f   LIBCMT:a_env.obj
 0001:000096b7       ___crtCloseThreadpoolTimer 0400a6b7 f   LIBCMT:winapisupp.obj
 0001:000096ce       ___crtCloseThreadpoolWait  0400a6ce f   LIBCMT:winapisupp.obj
 0001:000096e5       ___crtCreateEventExW       0400a6e5 f   LIBCMT:winapisupp.obj
 0001:00009720       ___crtCreateSemaphoreExW   0400a720 f   LIBCMT:winapisupp.obj
 0001:0000975a       ___crtCreateSymbolicLinkW  0400a75a f   LIBCMT:winapisupp.obj
 0001:00009783       ___crtCreateThreadpoolTimer 0400a783 f   LIBCMT:winapisupp.obj
 0001:000097a4       ___crtCreateThreadpoolWait 0400a7a4 f   LIBCMT:winapisupp.obj
 0001:000097c5       ___crtFlsAlloc             0400a7c5 f   LIBCMT:winapisupp.obj
 0001:000097e3       ___crtFlsFree              0400a7e3 f   LIBCMT:winapisupp.obj
 0001:00009802       ___crtFlsGetValue          0400a802 f   LIBCMT:winapisupp.obj
 0001:00009821       ___crtFlsSetValue          0400a821 f   LIBCMT:winapisupp.obj
 0001:00009843       ___crtFlushProcessWriteBuffers 0400a843 f   LIBCMT:winapisupp.obj
 0001:00009853       ___crtFreeLibraryWhenCallbackReturns 0400a853 f   LIBCMT:winapisupp.obj
 0001:0000986d       ___crtGetCurrentProcessorNumber 0400a86d f   LIBCMT:winapisupp.obj
 0001:0000987f       ___crtGetFileInformationByHandleEx 0400a87f f   LIBCMT:winapisupp.obj
 0001:000098ab       ___crtGetLogicalProcessorInformation 0400a8ab f   LIBCMT:winapisupp.obj
 0001:000098d1       ___crtGetShowWindowMode    0400a8d1 f   LIBCMT:winapisupp.obj
 0001:000098f4       ___crtGetTickCount64       0400a8f4 f   LIBCMT:winapisupp.obj
 0001:0000990c       ___crtInitializeCriticalSectionEx 0400a90c f   LIBCMT:winapisupp.obj
 0001:0000993a       ___crtIsPackagedApp        0400a93a f   LIBCMT:winapisupp.obj
 0001:0000997a       ___crtLoadWinApiPointers   0400a97a f   LIBCMT:winapisupp.obj
 0001:00009c05       ___crtSetFileInformationByHandle 0400ac05 f   LIBCMT:winapisupp.obj
 0001:00009c31       ___crtSetThreadStackGuarantee 0400ac31 f   LIBCMT:winapisupp.obj
 0001:00009c4c       ___crtSetThreadpoolTimer   0400ac4c f   LIBCMT:winapisupp.obj
 0001:00009c6c       ___crtSetThreadpoolWait    0400ac6c f   LIBCMT:winapisupp.obj
 0001:00009c89       ___crtSetUnhandledExceptionFilter 0400ac89 f   LIBCMT:winapisupp.obj
 0001:00009c97       ___crtSleep                0400ac97 f   LIBCMT:winapisupp.obj
 0001:00009ca5       ___crtTerminateProcess     0400aca5 f   LIBCMT:winapisupp.obj
 0001:00009cba       ___crtUnhandledException   0400acba f   LIBCMT:winapisupp.obj
 0001:00009cd0       ___crtWaitForThreadpoolTimerCallbacks 0400acd0 f   LIBCMT:winapisupp.obj
 0001:00009cea       __RTC_Initialize           0400acea f   LIBCMT:initsect.obj
 0001:00009d0a       __RTC_Terminate            0400ad0a f   LIBCMT:initsect.obj
 0001:00009d2a       _strcpy_s                  0400ad2a f   LIBCMT:strcpy_s.obj
 0001:00009d7f       ___raise_securityfailure   0400ad7f f   LIBCMT:gs_report.obj
 0001:00009dbc       ___report_gsfailure        0400adbc f   LIBCMT:gs_report.obj
 0001:00009eb7       ___report_rangecheckfailure 0400aeb7 f   LIBCMT:gs_report.obj
 0001:00009ec3       ___report_securityfailure  0400aec3 f   LIBCMT:gs_report.obj
 0001:00009f93       ___report_securityfailureEx 0400af93 f   LIBCMT:gs_report.obj
 0001:0000a0a9       ___fpecode                 0400b0a9 f   LIBCMT:winsig.obj
 0001:0000a0b2       ___get_sigabrt             0400b0b2 f   LIBCMT:winsig.obj
 0001:0000a0bf       ___pxcptinfoptrs           0400b0bf f   LIBCMT:winsig.obj
 0001:0000a0c8       __initp_misc_winsig        0400b0c8 f   LIBCMT:winsig.obj
 0001:0000a189       _raise                     0400b189 f   LIBCMT:winsig.obj
 0001:0000a37e       _signal                    0400b37e f   LIBCMT:winsig.obj
 0001:0000a5d5       _strncpy_s                 0400b5d5 f   LIBCMT:strncpy_s.obj
 0001:0000a75d       __MallocaIsSizeInRange     0400b75d f i LIBCMT:a_loc.obj
 0001:0000a76e       __MarkAllocaS              0400b76e f i LIBCMT:a_loc.obj
 0001:0000a782       ___crtGetLocaleInfoA       0400b782 f   LIBCMT:a_loc.obj
 0001:0000a7bc       __freea                    0400b7bc f i LIBCMT:a_loc.obj
 0001:0000a7da       _GetTableIndexFromLcid     0400b7da f   LIBCMT:winapinls.obj
 0001:0000a80f       _GetTableIndexFromLocaleName 0400b80f f   LIBCMT:winapinls.obj
 0001:0000a85d       ___crtCompareStringEx      0400b85d f   LIBCMT:winapinls.obj
 0001:0000a8a9       ___crtDownlevelLCIDToLocaleName 0400b8a9 f   LIBCMT:winapinls.obj
 0001:0000a925       ___crtDownlevelLocaleNameToLCID 0400b925 f   LIBCMT:winapinls.obj
 0001:0000a963       ___crtEnumSystemLocalesEx  0400b963 f   LIBCMT:winapinls.obj
 0001:0000a9a0       ___crtGetDateFormatEx      0400b9a0 f   LIBCMT:winapinls.obj
 0001:0000a9e9       ___crtGetLocaleInfoEx      0400b9e9 f   LIBCMT:winapinls.obj
 0001:0000aa18       ___crtGetTimeFormatEx      0400ba18 f   LIBCMT:winapinls.obj
 0001:0000aa4d       ___crtGetUserDefaultLocaleName 0400ba4d f   LIBCMT:winapinls.obj
 0001:0000aa78       ___crtIsValidLocaleName    0400ba78 f   LIBCMT:winapinls.obj
 0001:0000aaa3       ___crtLCMapStringEx        0400baa3 f   LIBCMT:winapinls.obj
 0001:0000aaef       ___wcsnicmp_ascii          0400baef f   LIBCMT:winapinls.obj
 0001:0000ab5d       __FF_MSGBANNER             0400bb5d f   LIBCMT:crt0msg.obj
 0001:0000ab96       __GET_RTERRMSG             0400bb96 f   LIBCMT:crt0msg.obj
 0001:0000abba       __NMSG_WRITE               0400bbba f   LIBCMT:crt0msg.obj
 0001:0000ad77       __lock                     0400bd77 f   LIBCMT:mlock.obj
 0001:0000adab       __lockerr_exit             0400bdab f   LIBCMT:mlock.obj
 0001:0000adcb       __mtdeletelocks            0400bdcb f   LIBCMT:mlock.obj
 0001:0000ae1f       __mtinitlocknum            0400be1f f   LIBCMT:mlock.obj
 0001:0000aec8       __mtinitlocks              0400bec8 f   LIBCMT:mlock.obj
 0001:0000af01       __unlock                   0400bf01 f   LIBCMT:mlock.obj
 0001:0000af20       __FindPESection            0400bf20 f   LIBCMT:pesect.obj
 0001:0000af70       __IsNonwritableInCurrentImage 0400bf70 f   LIBCMT:pesect.obj
 0001:0000b030       __ValidateImageBase        0400c030 f   LIBCMT:pesect.obj
 0001:0000b061       __initp_misc_rand_s        0400c061 f   LIBCMT:rand_s.obj
 0001:0000b06e       _rand_s                    0400c06e f   LIBCMT:rand_s.obj
 0001:0000b174       ___initmbctable            0400c174 f   LIBCMT:mbctype.obj
 0001:0000b42b       ___updatetmbcinfo          0400c42b f   LIBCMT:mbctype.obj
 0001:0000b4d1       __getmbcp                  0400c4d1 f   LIBCMT:mbctype.obj
 0001:0000b502       __setmbcp                  0400c502 f   LIBCMT:mbctype.obj
 0001:0000b6aa       __setmbcp_nolock           0400c6aa f   LIBCMT:mbctype.obj
 0001:0000b895       __ftbuf                    0400c895 f   LIBCMT:_sftbuf.obj
 0001:0000b8c6       __stbuf                    0400c8c6 f   LIBCMT:_sftbuf.obj
 0001:0000b96c       _realloc                   0400c96c f   LIBCMT:realloc.obj
 0001:0000ba17       __recalloc                 0400ca17 f   LIBCMT:recalloc.obj
 0001:0000ba80       __calloc_impl              0400ca80 f   LIBCMT:calloc_impl.obj
 0001:0000bb00       __local_unwind4            0400cb00 f   LIBCMT:exsup4.obj
 0001:0000bbd6       __seh_longjmp_unwind4@4    0400cbd6 f   LIBCMT:exsup4.obj
 0001:0000bbf2       @_EH4_CallFilterFunc@8     0400cbf2 f   LIBCMT:exsup4.obj
 0001:0000bc09       @_EH4_TransferToHandler@8  0400cc09 f   LIBCMT:exsup4.obj
 0001:0000bc22       @_EH4_GlobalUnwind2@8      0400cc22 f   LIBCMT:exsup4.obj
 0001:0000bc3b       @_EH4_LocalUnwind@16       0400cc3b f   LIBCMT:exsup4.obj
 0001:0000bc52       __crt_debugger_hook        0400cc52 f   LIBCMT:dbghook.obj
 0001:0000bc60       _memset                    0400cc60 f   LIBCMT:memset.obj
 0001:0000bcf0       ___initstdio               0400ccf0 f   LIBCMT:_file.obj
 0001:0000bd63       ___endstdio                0400cd63 f   LIBCMT:_file.obj
 0001:0000bd8a       ___iob_func                0400cd8a f   LIBCMT:_file.obj
 0001:0000bd90       __lock_file                0400cd90 f   LIBCMT:_file.obj
 0001:0000bdcf       __lock_file2               0400cdcf f   LIBCMT:_file.obj
 0001:0000bdff       __unlock_file              0400cdff f   LIBCMT:_file.obj
 0001:0000be39       __unlock_file2             0400ce39 f   LIBCMT:_file.obj
 0001:0000be66       __fileno                   0400ce66 f   LIBCMT:fileno.obj
 0001:0000be8a       __isatty                   0400ce8a f   LIBCMT:isatty.obj
 0001:0000bede       __write                    0400cede f   LIBCMT:write.obj
 0001:0000bfcd       __write_nolock             0400cfcd f   LIBCMT:write.obj
 0001:0000c832       __lseeki64                 0400d832 f   LIBCMT:lseeki64.obj
 0001:0000c92e       __lseeki64_nolock          0400d92e f   LIBCMT:lseeki64.obj
 0001:0000c9a1       __getbuf                   0400d9a1 f   LIBCMT:_getbuf.obj
 0001:0000c9e7       __output_p_l               0400d9e7 f   LIBCMT:outputp.obj
 0001:0000dd1f       __validate_param_reuseA    0400ed1f f   LIBCMT:outputp.obj
 0001:0000de55       _get_crtdouble_arg         0400ee55 f i LIBCMT:outputp.obj
 0001:0000df54       __output_s_l               0400ef54 f   LIBCMT:outputs.obj
 0001:0000ebdc       ___addlocaleref            0400fbdc f   LIBCMT:localref.obj
 0001:0000ec71       ___freetlocinfo            0400fc71 f   LIBCMT:localref.obj
 0001:0000edcb       ___removelocaleref         0400fdcb f   LIBCMT:localref.obj
 0001:0000ee6b       ___updatetlocinfo          0400fe6b f   LIBCMT:localref.obj
 0001:0000eeeb       __updatetlocinfoEx_nolock  0400feeb f   LIBCMT:localref.obj
 0001:0000ef36       ___iswcsym                 0400ff36 f i LIBCMT:_wctype.obj
 0001:0000ef5a       ___iswcsymf                0400ff5a f i LIBCMT:_wctype.obj
 0001:0000ef7e       __isleadbyte_l             0400ff7e f i LIBCMT:_wctype.obj
 0001:0000efb8       __iswalnum_l               0400ffb8 f i LIBCMT:_wctype.obj
 0001:0000efcc       __iswalpha_l               0400ffcc f i LIBCMT:_wctype.obj
 0001:0000efe0       __iswblank_l               0400ffe0 f i LIBCMT:_wctype.obj
 0001:0000effb       __iswcntrl_l               0400fffb f i LIBCMT:_wctype.obj
 0001:0000f00c       __iswcsym_l                0401000c f i LIBCMT:_wctype.obj
 0001:0000f030       __iswcsymf_l               04010030 f i LIBCMT:_wctype.obj
 0001:0000f054       __iswdigit_l               04010054 f i LIBCMT:_wctype.obj
 0001:0000f065       __iswgraph_l               04010065 f i LIBCMT:_wctype.obj
 0001:0000f079       __iswlower_l               04010079 f i LIBCMT:_wctype.obj
 0001:0000f08a       __iswprint_l               0401008a f i LIBCMT:_wctype.obj
 0001:0000f09e       __iswpunct_l               0401009e f i LIBCMT:_wctype.obj
 0001:0000f0af       __iswspace_l               040100af f i LIBCMT:_wctype.obj
 0001:0000f0c0       __iswupper_l               040100c0 f i LIBCMT:_wctype.obj
 0001:0000f0d1       __iswxdigit_l              040100d1 f i LIBCMT:_wctype.obj
 0001:0000f0e5       _isleadbyte                040100e5 f i LIBCMT:_wctype.obj
 0001:0000f0f6       _iswalnum                  040100f6 f i LIBCMT:_wctype.obj
 0001:0000f10a       _iswalpha                  0401010a f i LIBCMT:_wctype.obj
 0001:0000f11e       _iswascii                  0401011e f i LIBCMT:_wctype.obj
 0001:0000f130       _iswblank                  04010130 f i LIBCMT:_wctype.obj
 0001:0000f14b       _iswcntrl                  0401014b f i LIBCMT:_wctype.obj
 0001:0000f15c       _iswdigit                  0401015c f i LIBCMT:_wctype.obj
 0001:0000f16d       _iswgraph                  0401016d f i LIBCMT:_wctype.obj
 0001:0000f181       _iswlower                  04010181 f i LIBCMT:_wctype.obj
 0001:0000f192       _iswprint                  04010192 f i LIBCMT:_wctype.obj
 0001:0000f1a6       _iswpunct                  040101a6 f i LIBCMT:_wctype.obj
 0001:0000f1b7       _iswspace                  040101b7 f i LIBCMT:_wctype.obj
 0001:0000f1c8       _iswupper                  040101c8 f i LIBCMT:_wctype.obj
 0001:0000f1d9       _iswxdigit                 040101d9 f i LIBCMT:_wctype.obj
 0001:0000f1ed       __get_printf_count_output  040101ed f   LIBCMT:printf.obj
 0001:0000f202       __printf_l                 04010202 f   LIBCMT:printf.obj
 0001:0000f219       __printf_p                 04010219 f   LIBCMT:printf.obj
 0001:0000f22f       __printf_p_l               0401022f f   LIBCMT:printf.obj
 0001:0000f246       __printf_s_l               04010246 f   LIBCMT:printf.obj
 0001:0000f25d       __set_printf_count_output  0401025d f   LIBCMT:printf.obj
 0001:0000f285       _printf                    04010285 f   LIBCMT:printf.obj
 0001:0000f334       _printf_s                  04010334 f   LIBCMT:printf.obj
 0001:0000f34a       __wctomb_l                 0401034a f   LIBCMT:wctomb.obj
 0001:0000f399       __wctomb_s_l               04010399 f   LIBCMT:wctomb.obj
 0001:0000f4bd       _wctomb                    040104bd f   LIBCMT:wctomb.obj
 0001:0000f4f0       _wctomb_s                  040104f0 f   LIBCMT:wctomb.obj
 0001:0000f510       __aulldvrm                 04010510 f   LIBCMT:ulldvrm.obj
 0001:0000f5b0       __trandisp1                040105b0 f   LIBCMT:87disp.obj
 0001:0000f617       __trandisp2                04010617 f   LIBCMT:87disp.obj
 0001:0000f6a3       __rttospopde               040106a3     LIBCMT:87disp.obj
 0001:0000f6a8       __rttospop                 040106a8     LIBCMT:87disp.obj
 0001:0000f6aa       __rtnospop                 040106aa     LIBCMT:87disp.obj
 0001:0000f6ac       __rttosnpop                040106ac     LIBCMT:87disp.obj
 0001:0000f6ad       __rtnospopde               040106ad     LIBCMT:87disp.obj
 0001:0000f6b4       __rtzeropop                040106b4     LIBCMT:87disp.obj
 0001:0000f6b6       __rtzeronpop               040106b6     LIBCMT:87disp.obj
 0001:0000f6bb       __rtonepop                 040106bb     LIBCMT:87disp.obj
 0001:0000f6bd       __rtonenpop                040106bd     LIBCMT:87disp.obj
 0001:0000f6c2       __tosnan1                  040106c2     LIBCMT:87disp.obj
 0001:0000f6ed       __nosnan2                  040106ed     LIBCMT:87disp.obj
 0001:0000f6ef       __tosnan2                  040106ef     LIBCMT:87disp.obj
 0001:0000f717       __nan2                     04010717     LIBCMT:87disp.obj
 0001:0000f756       __rtindfpop                04010756     LIBCMT:87disp.obj
 0001:0000f758       __rtindfnpop               04010758     LIBCMT:87disp.obj
 0001:0000f769       __rttosnpopde              04010769     LIBCMT:87disp.obj
 0001:0000f773       __rtchsifneg               04010773     LIBCMT:87disp.obj
 0001:0000f780       __startTwoArgErrorHandling 04010780 f   LIBCMT:genexcep.obj
 0001:0000f797       __startOneArgErrorHandling 04010797 f   LIBCMT:genexcep.obj
 0001:0000f7e0       __twoToTOS                 040107e0 f   LIBCMT:common.obj
 0001:0000f7f5       __load_CW                  040107f5 f   LIBCMT:common.obj
 0001:0000f80c       __convertTOStoQNaN         0401080c f   LIBCMT:common.obj
 0001:0000f825       __fload_withFB             04010825 f   LIBCMT:common.obj
 0001:0000f868       __checkTOS_withFB          04010868 f   LIBCMT:common.obj
 0001:0000f87e       __fast_exit                0401087e f   LIBCMT:common.obj
 0001:0000f88b       __math_exit                0401088b f   LIBCMT:common.obj
 0001:0000f8b5       __check_overflow_exit      040108b5 f   LIBCMT:common.obj
 0001:0000f8c9       __check_range_exit         040108c9 f   LIBCMT:common.obj
 0001:0000f96c       __matherr                  0401096c f   LIBCMT:matherr.obj
 0001:0000f970       __global_unwind2           04010970 f   LIBCMT:exsup.obj
 0001:0000f9d5       __local_unwind2            040109d5 f   LIBCMT:exsup.obj
 0001:0000fa59       __abnormal_termination     04010a59 f   LIBCMT:exsup.obj
 0001:0000fa7c       __NLG_Notify1              04010a7c f   LIBCMT:exsup.obj
 0001:0000fa85       __NLG_Notify               04010a85 f   LIBCMT:exsup.obj
 0001:0000fa9c       __NLG_Dispatch2            04010a9c     LIBCMT:exsup.obj
 0001:0000fa9c       __NLG_Dispatch             04010a9c     LIBCMT:exsup.obj
 0001:0000faa4       __NLG_Call                 04010aa4 f   LIBCMT:exsup.obj
 0001:0000faa6       __NLG_Return2              04010aa6     LIBCMT:exsup.obj
 0001:0000faa7       ?_ValidateExecute@@YAHP6GHXZ@Z 04010aa7 f   LIBCMT:validate.obj
 0001:0000fab6       ?_ValidateRead@@YAHPBXI@Z  04010ab6 f   LIBCMT:validate.obj
 0001:0000fac5       ?_ValidateWrite@@YAHPAXI@Z 04010ac5 f   LIBCMT:validate.obj
 0001:0000fad4       ??0Block@_HeapManager@@QAE@XZ 04010ad4 f i LIBCMT:undname.obj
 0001:0000fada       ??0DName@@QAE@AAPBDD@Z     04010ada f   LIBCMT:undname.obj
 0001:0000fb93       ??0DName@@QAE@ABV0@@Z      04010b93 f i LIBCMT:undname.obj
 0001:0000fba9       ??0DName@@QAE@D@Z          04010ba9 f   LIBCMT:undname.obj
 0001:0000fbd5       ??0DName@@QAE@PAV0@@Z      04010bd5 f   LIBCMT:undname.obj
 0001:0000fc22       ??0DName@@QAE@PBD@Z        04010c22 f   LIBCMT:undname.obj
 0001:0000fc5c       ??0DName@@QAE@W4DNameStatus@@@Z 04010c5c f   LIBCMT:undname.obj
 0001:0000fc9f       ??0DName@@QAE@XZ           04010c9f f i LIBCMT:undname.obj
 0001:0000fcb0       ??0DName@@QAE@_J@Z         04010cb0 f   LIBCMT:undname.obj
 0001:0000fd43       ??0DName@@QAE@_K@Z         04010d43 f   LIBCMT:undname.obj
 0001:0000fdb0       ??0DNameNode@@IAE@XZ       04010db0 f   LIBCMT:undname.obj
 0001:0000fdb9       ??0DNameStatusNode@@AAE@W4DNameStatus@@@Z 04010db9 f   LIBCMT:undname.obj
 0001:0000fddc       ??0Replicator@@QAE@XZ      04010ddc f i LIBCMT:undname.obj
 0001:0000fde2       ??0UnDecorator@@QAE@PADPBDHP6APADJ@ZK@Z 04010de2 f i LIBCMT:undname.obj
 0001:0000fe4b       ??0charNode@@QAE@D@Z       04010e4b f   LIBCMT:undname.obj
 0001:0000fe60       ??0pDNameNode@@QAE@PAVDName@@@Z 04010e60 f   LIBCMT:undname.obj
 0001:0000fe88       ??0pairNode@@QAE@PAVDNameNode@@0@Z 04010e88 f   LIBCMT:undname.obj
 0001:0000fea7       ??0pcharNode@@QAE@PBDH@Z   04010ea7 f   LIBCMT:undname.obj
 0001:0000fefe       ??2@YAPAXIAAV_HeapManager@@H@Z 04010efe f i LIBCMT:undname.obj
 0001:0000ff13       ??4DName@@QAEAAV0@ABV0@@Z  04010f13 f   LIBCMT:undname.obj
 0001:0000ff29       ??4DName@@QAEAAV0@D@Z      04010f29 f i LIBCMT:undname.obj
 0001:0000ff55       ??4DName@@QAEAAV0@PAV0@@Z  04010f55 f   LIBCMT:undname.obj
 0001:0000ff9e       ??4DName@@QAEAAV0@PBD@Z    04010f9e f   LIBCMT:undname.obj
 0001:0000ffd0       ??4DName@@QAEAAV0@W4DNameStatus@@@Z 04010fd0 f   LIBCMT:undname.obj
 0001:00010005       ??AReplicator@@QBE?AVDName@@H@Z 04011005 f   LIBCMT:undname.obj
 0001:00010041       ??BUnDecorator@@QAEPADXZ   04011041 f i LIBCMT:undname.obj
 0001:000101c0       ??H@YA?AVDName@@DABV0@@Z   040111c0 f i LIBCMT:undname.obj
 0001:000101e4       ??H@YA?AVDName@@PBDABV0@@Z 040111e4 f i LIBCMT:undname.obj
 0001:00010208       ??H@YA?AVDName@@W4DNameStatus@@ABV0@@Z 04011208 f i LIBCMT:undname.obj
 0001:0001022c       ??HDName@@QBE?AV0@ABV0@@Z  0401122c f   LIBCMT:undname.obj
 0001:0001024e       ??HDName@@QBE?AV0@D@Z      0401124e f   LIBCMT:undname.obj
 0001:00010270       ??HDName@@QBE?AV0@PAV0@@Z  04011270 f   LIBCMT:undname.obj
 0001:00010292       ??HDName@@QBE?AV0@PBD@Z    04011292 f   LIBCMT:undname.obj
 0001:000102b4       ??HDName@@QBE?AV0@W4DNameStatus@@@Z 040112b4 f   LIBCMT:undname.obj
 0001:000102d6       ??YDName@@QAEAAV0@ABV0@@Z  040112d6 f   LIBCMT:undname.obj
 0001:00010319       ??YDName@@QAEAAV0@D@Z      04011319 f   LIBCMT:undname.obj
 0001:00010369       ??YDName@@QAEAAV0@PAV0@@Z  04011369 f   LIBCMT:undname.obj
 0001:000103ce       ??YDName@@QAEAAV0@PBD@Z    040113ce f   LIBCMT:undname.obj
 0001:0001042f       ??YDName@@QAEAAV0@W4DNameStatus@@@Z 0401142f f   LIBCMT:undname.obj
 0001:0001046f       ??YReplicator@@QAEAAV0@ABVDName@@@Z 0401146f f   LIBCMT:undname.obj
 0001:000104b9       ??_5DName@@QAEAAV0@ABV0@@Z 040114b9 f   LIBCMT:undname.obj
 0001:000104d5       ?Constructor@_HeapManager@@QAEXP6APAXI@ZP6AXPAX@Z@Z 040114d5 f i LIBCMT:undname.obj
 0001:000104f2       ?Destructor@_HeapManager@@QAEXXZ 040114f2 f i LIBCMT:undname.obj
 0001:00010518       ?UScore@UnDecorator@@SAPBDW4Tokens@@@Z 04011518 f   LIBCMT:undname.obj
 0001:00010535       ?append@DName@@AAEXPAVDNameNode@@@Z 04011535 f   LIBCMT:undname.obj
 0001:0001057b       ?composeDeclaration@UnDecorator@@CA?AVDName@@ABV2@@Z 0401157b f i LIBCMT:undname.obj
 0001:000112b1       ?doAccessSpecifiers@UnDecorator@@SAHXZ 040122b1 f i LIBCMT:undname.obj
 0001:000112bf       ?doAllocationLanguage@UnDecorator@@SAHXZ 040122bf f i LIBCMT:undname.obj
 0001:000112cd       ?doAllocationModel@UnDecorator@@SAHXZ 040122cd f i LIBCMT:undname.obj
 0001:000112db       ?doEcsu@UnDecorator@@SAHXZ 040122db f i LIBCMT:undname.obj
 0001:000112e9       ?doEllipsis@UnDecorator@@SAHXZ 040122e9 f i LIBCMT:undname.obj
 0001:000112f7       ?doFunctionReturns@UnDecorator@@SAHXZ 040122f7 f i LIBCMT:undname.obj
 0001:00011305       ?doMSKeywords@UnDecorator@@SAHXZ 04012305 f i LIBCMT:undname.obj
 0001:00011312       ?doMemberTypes@UnDecorator@@SAHXZ 04012312 f i LIBCMT:undname.obj
 0001:00011320       ?doNameOnly@UnDecorator@@SAHXZ 04012320 f i LIBCMT:undname.obj
 0001:0001132b       ?doNoIdentCharCheck@UnDecorator@@SAHXZ 0401232b f i LIBCMT:undname.obj
 0001:00011336       ?doPchar@DName@@AAEXPBDH@Z 04012336 f   LIBCMT:undname.obj
 0001:000113be       ?doPtr64@UnDecorator@@SAHXZ 040123be f i LIBCMT:undname.obj
 0001:000113cc       ?doRestrictionSpec@UnDecorator@@SAHXZ 040123cc f i LIBCMT:undname.obj
 0001:000113da       ?doThisTypes@UnDecorator@@SAHXZ 040123da f i LIBCMT:undname.obj
 0001:000113ec       ?doThrowTypes@UnDecorator@@SAHXZ 040123ec f i LIBCMT:undname.obj
 0001:000113fa       ?doTypeOnly@UnDecorator@@SAHXZ 040123fa f i LIBCMT:undname.obj
 0001:00011405       ?doUnderScore@UnDecorator@@SAHXZ 04012405 f i LIBCMT:undname.obj
 0001:00011410       ?getArgumentList@UnDecorator@@CA?AVDName@@XZ 04012410 f   LIBCMT:undname.obj
 0001:0001151c       ?getArgumentTypes@UnDecorator@@CA?AVDName@@XZ 0401251c f   LIBCMT:undname.obj
 0001:000115fa       ?getArrayType@UnDecorator@@CA?AVDName@@ABV2@@Z 040125fa f i LIBCMT:undname.obj
 0001:000117fc       ?getBasedType@UnDecorator@@CA?AVDName@@XZ 040127fc f   LIBCMT:undname.obj
 0001:00011893       ?getBasicDataType@UnDecorator@@CA?AVDName@@ABV2@@Z 04012893 f   LIBCMT:undname.obj
 0001:00011c6a       ?getCallIndex@UnDecorator@@CA?AVDName@@XZ 04012c6a f i LIBCMT:undname.obj
 0001:00011c7e       ?getCallingConvention@UnDecorator@@CA?AVDName@@XZ 04012c7e f   LIBCMT:undname.obj
 0001:00011d3d       ?getDataIndirectType@UnDecorator@@CA?AVDName@@ABV2@PBD0H@Z 04012d3d f   LIBCMT:undname.obj
 0001:000122da       ?getDataIndirectType@UnDecorator@@CA?AVDName@@XZ 040132da f i LIBCMT:undname.obj
 0001:00012313       ?getDataType@UnDecorator@@CA?AVDName@@PAV2@@Z 04013313 f   LIBCMT:undname.obj
 0001:000123e5       ?getDecoratedName@UnDecorator@@CA?AVDName@@XZ 040133e5 f   LIBCMT:undname.obj
 0001:00012631       ?getDimension@UnDecorator@@CA?AVDName@@_N@Z 04013631 f   LIBCMT:undname.obj
 0001:00012768       ?getDispatchTarget@UnDecorator@@CA?AVDName@@XZ 04013768 f   LIBCMT:undname.obj
 0001:000127c3       ?getDisplacement@UnDecorator@@CA?AVDName@@XZ 040137c3 f i LIBCMT:undname.obj
 0001:000127d7       ?getECSUDataType@UnDecorator@@CA?AVDName@@XZ 040137d7 f   LIBCMT:undname.obj
 0001:000128ea       ?getECSUName@UnDecorator@@CA?AVDName@@XZ 040138ea f i LIBCMT:undname.obj
 0001:000128fb       ?getEnumType@UnDecorator@@CA?AVDName@@XZ 040138fb f i LIBCMT:undname.obj
 0001:000129df       ?getExtendedDataIndirectType@UnDecorator@@CA?AVDName@@AAPBDAA_NH@Z 040139df f   LIBCMT:undname.obj
 0001:00012b84       ?getExternalDataType@UnDecorator@@CA?AVDName@@ABV2@@Z 04013b84 f i LIBCMT:undname.obj
 0001:00012bfd       ?getFunctionIndirectType@UnDecorator@@CA?AVDName@@ABV2@@Z 04013bfd f   LIBCMT:undname.obj
 0001:00012ff3       ?getGuardNumber@UnDecorator@@CA?AVDName@@XZ 04013ff3 f i LIBCMT:undname.obj
 0001:00013007       ?getLastChar@DName@@QBEDXZ 04014007 f i LIBCMT:undname.obj
 0001:00013015       ?getLastChar@DNameStatusNode@@UBEDXZ 04014015 f i LIBCMT:undname.obj
 0001:00013021       ?getLastChar@charNode@@UBEDXZ 04014021 f i LIBCMT:undname.obj
 0001:00013025       ?getLastChar@pDNameNode@@UBEDXZ 04014025 f i LIBCMT:undname.obj
 0001:0001303a       ?getLastChar@pairNode@@UBEDXZ 0401403a f i LIBCMT:undname.obj
 0001:00013054       ?getLastChar@pcharNode@@UBEDXZ 04014054 f i LIBCMT:undname.obj
 0001:00013066       ?getLexicalFrame@UnDecorator@@CA?AVDName@@XZ 04014066 f i LIBCMT:undname.obj
 0001:000130a3       ?getMemory@_HeapManager@@QAEPAXIH@Z 040140a3 f   LIBCMT:undname.obj
 0001:00013128       ?getNumberOfDimensions@UnDecorator@@CAHXZ 04014128 f   LIBCMT:undname.obj
 0001:00013189       ?getOperatorName@UnDecorator@@CA?AVDName@@_NPA_N@Z 04014189 f i LIBCMT:undname.obj
 0001:00013763       ?getPointerType@UnDecorator@@CA?AVDName@@ABV2@0@Z 04014763 f i LIBCMT:undname.obj
 0001:00013781       ?getPointerTypeArray@UnDecorator@@CA?AVDName@@ABV2@0@Z 04014781 f i LIBCMT:undname.obj
 0001:0001379f       ?getPrimaryDataType@UnDecorator@@CA?AVDName@@ABV2@@Z 0401479f f   LIBCMT:undname.obj
 0001:00013957       ?getPtrRefDataType@UnDecorator@@CA?AVDName@@ABV2@H@Z 04014957 f i LIBCMT:undname.obj
 0001:00013a41       ?getPtrRefType@UnDecorator@@CA?AVDName@@ABV2@0PBD@Z 04014a41 f   LIBCMT:undname.obj
 0001:00013b3d       ?getReferenceType@UnDecorator@@CA?AVDName@@ABV2@0PBD@Z 04014b3d f i LIBCMT:undname.obj
 0001:00013b59       ?getRestrictionSpec@UnDecorator@@CA?AVDName@@XZ 04014b59 f   LIBCMT:undname.obj
 0001:00013c47       ?getReturnType@UnDecorator@@CA?AVDName@@PAV2@@Z 04014c47 f   LIBCMT:undname.obj
 0001:00013c76       ?getScope@UnDecorator@@CA?AVDName@@XZ 04014c76 f   LIBCMT:undname.obj
 0001:0001404d       ?getScopedName@UnDecorator@@CA?AVDName@@XZ 0401504d f   LIBCMT:undname.obj
 0001:00014148       ?getSignedDimension@UnDecorator@@CA?AVDName@@XZ 04015148 f   LIBCMT:undname.obj
 0001:0001419b       ?getStorageConvention@UnDecorator@@CA?AVDName@@XZ 0401519b f i LIBCMT:undname.obj
 0001:000141ac       ?getString@DName@@QBEPADPAD0@Z 040151ac f i LIBCMT:undname.obj
 0001:000141c2       ?getString@DName@@QBEPADPADH@Z 040151c2 f i LIBCMT:undname.obj
 0001:00014220       ?getString@DNameStatusNode@@UBEPADPAD0@Z 04015220 f i LIBCMT:undname.obj
 0001:00014247       ?getString@charNode@@UBEPADPAD0@Z 04015247 f i LIBCMT:undname.obj
 0001:0001425c       ?getString@pDNameNode@@UBEPADPAD0@Z 0401525c f i LIBCMT:undname.obj
 0001:00014279       ?getString@pairNode@@UBEPADPAD0@Z 04015279 f i LIBCMT:undname.obj
 0001:000142a3       ?getString@pcharNode@@UBEPADPAD0@Z 040152a3 f i LIBCMT:undname.obj
 0001:000142be       ?getStringEncoding@UnDecorator@@CA?AVDName@@PADH@Z 040152be f   LIBCMT:undname.obj
 0001:00014361       ?getStringHelper@@YAPADPAD00H@Z 04015361 f i LIBCMT:undname.obj
 0001:00014396       ?getSymbolName@UnDecorator@@CA?AVDName@@XZ 04015396 f i LIBCMT:undname.obj
 0001:000143de       ?getTemplateArgumentList@UnDecorator@@CA?AVDName@@XZ 040153de f   LIBCMT:undname.obj
 0001:00014657       ?getTemplateConstant@UnDecorator@@CA?AVDName@@XZ 04015657 f   LIBCMT:undname.obj
 0001:00014957       ?getTemplateName@UnDecorator@@CA?AVDName@@_N@Z 04015957 f   LIBCMT:undname.obj
 0001:00014ab1       ?getThisType@UnDecorator@@CA?AVDName@@XZ 04015ab1 f i LIBCMT:undname.obj
 0001:00014aeb       ?getThrowTypes@UnDecorator@@CA?AVDName@@XZ 04015aeb f   LIBCMT:undname.obj
 0001:00014b75       ?getTypeEncoding@UnDecorator@@CAHXZ 04015b75 f i LIBCMT:undname.obj
 0001:00015065       ?getVCallThunkType@UnDecorator@@CA?AVDName@@XZ 04016065 f i LIBCMT:undname.obj
 0001:000150a0       ?getVbTableType@UnDecorator@@CA?AVDName@@ABV2@@Z 040160a0 f i LIBCMT:undname.obj
 0001:000150b5       ?getVdispMapType@UnDecorator@@CA?AVDName@@ABV2@@Z 040160b5 f i LIBCMT:undname.obj
 0001:0001510b       ?getVfTableType@UnDecorator@@CA?AVDName@@ABV2@@Z 0401610b f i LIBCMT:undname.obj
 0001:00015270       ?getZName@UnDecorator@@CA?AVDName@@_N0@Z 04016270 f   LIBCMT:undname.obj
 0001:0001549a       ?haveTemplateParameters@UnDecorator@@SAHXZ 0401649a f i LIBCMT:undname.obj
 0001:000154a5       ?isArray@DName@@QBEHXZ     040164a5 f i LIBCMT:undname.obj
 0001:000154af       ?isComArray@DName@@QBEHXZ  040164af f i LIBCMT:undname.obj
 0001:000154b9       ?isEmpty@DName@@QBEHXZ     040164b9 f i LIBCMT:undname.obj
 0001:000154c1       ?isFull@Replicator@@QBEHXZ 040164c1 f i LIBCMT:undname.obj
 0001:000154ca       ?isNoTE@DName@@QBEHXZ      040164ca f i LIBCMT:undname.obj
 0001:000154d4       ?isPinPtr@DName@@QBEHXZ    040164d4 f i LIBCMT:undname.obj
 0001:000154de       ?isPtrRef@DName@@QBEHXZ    040164de f i LIBCMT:undname.obj
 0001:000154e8       ?isUDC@DName@@QBEHXZ       040164e8 f i LIBCMT:undname.obj
 0001:000154f9       ?isUDTThunk@DName@@QBEHXZ  040164f9 f i LIBCMT:undname.obj
 0001:0001550a       ?isVCallThunk@DName@@QBEHXZ 0401650a f i LIBCMT:undname.obj
 0001:00015514       ?isValid@DName@@QBEHXZ     04016514 f i LIBCMT:undname.obj
 0001:0001551e       ?length@DName@@QBEHXZ      0401651e f i LIBCMT:undname.obj
 0001:0001552b       ?length@DNameStatusNode@@UBEHXZ 0401652b f i LIBCMT:undname.obj
 0001:0001552f       ?length@charNode@@UBEHXZ   0401652f f i LIBCMT:undname.obj
 0001:00015533       ?length@pDNameNode@@UBEHXZ 04016533 f i LIBCMT:undname.obj
 0001:00015547       ?length@pairNode@@UBEHXZ   04016547 f i LIBCMT:undname.obj
 0001:00015570       ?length@pcharNode@@UBEHXZ  04016570 f i LIBCMT:undname.obj
 0001:00015574       ?make@DNameStatusNode@@SAPAV1@W4DNameStatus@@@Z 04016574 f i LIBCMT:undname.obj
 0001:000155fa       ?setIsArray@DName@@QAEXXZ  040165fa f i LIBCMT:undname.obj
 0001:00015602       ?setIsComArray@DName@@QAEXXZ 04016602 f i LIBCMT:undname.obj
 0001:0001560a       ?setIsNoTE@DName@@QAEXXZ   0401660a f i LIBCMT:undname.obj
 0001:00015612       ?setIsPinPtr@DName@@QAEXXZ 04016612 f i LIBCMT:undname.obj
 0001:0001561a       ?setIsUDC@DName@@QAEXXZ    0401661a f i LIBCMT:undname.obj
 0001:00015627       ?setIsVCallThunk@DName@@QAEXXZ 04016627 f i LIBCMT:undname.obj
 0001:0001562f       ?setPtrRef@DName@@QAEAAV1@XZ 0401662f f i LIBCMT:undname.obj
 0001:00015639       ?status@DName@@QBE?AW4DNameStatus@@XZ 04016639 f i LIBCMT:undname.obj
 0001:000156a1       ___unDName                 040166a1 f   LIBCMT:undname.obj
 0001:00015744       ___unDNameEx               04016744 f   LIBCMT:undname.obj
 0001:000157e5       ___isascii                 040167e5 f i LIBCMT:_ctype.obj
 0001:000157f5       ___iscsym                  040167f5 f i LIBCMT:_ctype.obj
 0001:00015815       ___iscsymf                 04016815 f i LIBCMT:_ctype.obj
 0001:00015832       ___toascii                 04016832 f i LIBCMT:_ctype.obj
 0001:0001583d       __isalnum_l                0401683d f i LIBCMT:_ctype.obj
 0001:00015895       __isalpha_l                04016895 f i LIBCMT:_ctype.obj
 0001:000158ed       __isblank_l                040168ed f i LIBCMT:_ctype.obj
 0001:00015947       __iscntrl_l                04016947 f i LIBCMT:_ctype.obj
 0001:00015999       __iscsym_l                 04016999 f i LIBCMT:_ctype.obj
 0001:000159ba       __iscsymf_l                040169ba f i LIBCMT:_ctype.obj
 0001:000159db       __isdigit_l                040169db f i LIBCMT:_ctype.obj
 0001:00015a2d       __isgraph_l                04016a2d f i LIBCMT:_ctype.obj
 0001:00015a85       __islower_l                04016a85 f i LIBCMT:_ctype.obj
 0001:00015ad7       __isprint_l                04016ad7 f i LIBCMT:_ctype.obj
 0001:00015b2f       __ispunct_l                04016b2f f i LIBCMT:_ctype.obj
 0001:00015b81       __isspace_l                04016b81 f i LIBCMT:_ctype.obj
 0001:00015bd3       __isupper_l                04016bd3 f i LIBCMT:_ctype.obj
 0001:00015c25       __isxdigit_l               04016c25 f i LIBCMT:_ctype.obj
 0001:00015c7d       _isalnum                   04016c7d f i LIBCMT:_ctype.obj
 0001:00015caa       _isalpha                   04016caa f i LIBCMT:_ctype.obj
 0001:00015cd7       _isblank                   04016cd7 f i LIBCMT:_ctype.obj
 0001:00015d0c       _iscntrl                   04016d0c f i LIBCMT:_ctype.obj
 0001:00015d37       _isdigit                   04016d37 f i LIBCMT:_ctype.obj
 0001:00015d62       _isgraph                   04016d62 f i LIBCMT:_ctype.obj
 0001:00015d8f       _islower                   04016d8f f i LIBCMT:_ctype.obj
 0001:00015dba       _isprint                   04016dba f i LIBCMT:_ctype.obj
 0001:00015de7       _ispunct                   04016de7 f i LIBCMT:_ctype.obj
 0001:00015e12       _isspace                   04016e12 f i LIBCMT:_ctype.obj
 0001:00015e3d       _isupper                   04016e3d f i LIBCMT:_ctype.obj
 0001:00015e68       _isxdigit                  04016e68 f i LIBCMT:_ctype.obj
 0001:00015e95       __tolower                  04016e95 f   LIBCMT:tolower.obj
 0001:00015ea0       __tolower_l                04016ea0 f   LIBCMT:tolower.obj
 0001:00015fe3       _tolower                   04016fe3 f   LIBCMT:tolower.obj
 0001:00016010       _strrchr                   04017010 f   LIBCMT:strrchr.obj
 0001:00016147       __fptostr                  04017147 f   LIBCMT:_fptostr.obj
 0001:000161f7       ___crt_atoflt_l            040171f7 f   LIBCMT:atodbl.obj
 0001:0001629b       __atodbl                   0401729b f   LIBCMT:atodbl.obj
 0001:000162b0       __atodbl_l                 040172b0 f   LIBCMT:atodbl.obj
 0001:0001633e       __atoflt                   0401733e f   LIBCMT:atodbl.obj
 0001:00016353       __atoflt_l                 04017353 f   LIBCMT:atodbl.obj
 0001:0001636b       __atoldbl                  0401736b f   LIBCMT:atodbl.obj
 0001:00016380       __atoldbl_l                04017380 f   LIBCMT:atodbl.obj
 0001:0001640f       ___dtold                   0401740f f   LIBCMT:cfout.obj
 0001:000164d7       __fltout2                  040174d7 f   LIBCMT:cfout.obj
 0001:00016570       __alldvrm                  04017570 f   LIBCMT:lldvrm.obj
 0001:00016650       __aullshr                  04017650 f   LIBCMT:ullshr.obj
 0001:0001666f       __get_output_format        0401766f f   LIBCMT:outputformat.obj
 0001:00016675       __set_output_format        04017675 f   LIBCMT:outputformat.obj
 0001:000166a7       __controlfp_s              040176a7 f   LIBCMT:contrlfp.obj
 0001:00016704       __fptrap                   04017704 f   LIBCMT:crt0fp.obj
 0001:00016767       __ismbbalnum               04017767 f   LIBCMT:ismbbyte.obj
 0001:00016780       __ismbbalnum_l             04017780 f   LIBCMT:ismbbyte.obj
 0001:0001679a       __ismbbalpha               0401779a f   LIBCMT:ismbbyte.obj
 0001:000167b3       __ismbbalpha_l             040177b3 f   LIBCMT:ismbbyte.obj
 0001:000167cd       __ismbbblank               040177cd f   LIBCMT:ismbbyte.obj
 0001:000167ee       __ismbbblank_l             040177ee f   LIBCMT:ismbbyte.obj
 0001:00016810       __ismbbgraph               04017810 f   LIBCMT:ismbbyte.obj
 0001:00016829       __ismbbgraph_l             04017829 f   LIBCMT:ismbbyte.obj
 0001:00016843       __ismbbkalnum              04017843 f   LIBCMT:ismbbyte.obj
 0001:00016859       __ismbbkalnum_l            04017859 f   LIBCMT:ismbbyte.obj
 0001:00016870       __ismbbkana                04017870 f   LIBCMT:ismbbyte.obj
 0001:00016881       __ismbbkana_l              04017881 f   LIBCMT:ismbbyte.obj
 0001:000168cd       __ismbbkprint              040178cd f   LIBCMT:ismbbyte.obj
 0001:000168e3       __ismbbkprint_l            040178e3 f   LIBCMT:ismbbyte.obj
 0001:000168fa       __ismbbkpunct              040178fa f   LIBCMT:ismbbyte.obj
 0001:00016910       __ismbbkpunct_l            04017910 f   LIBCMT:ismbbyte.obj
 0001:00016927       __ismbblead                04017927 f   LIBCMT:ismbbyte.obj
 0001:0001693d       __ismbblead_l              0401793d f   LIBCMT:ismbbyte.obj
 0001:00016954       __ismbbprint               04017954 f   LIBCMT:ismbbyte.obj
 0001:0001696d       __ismbbprint_l             0401796d f   LIBCMT:ismbbyte.obj
 0001:00016987       __ismbbpunct               04017987 f   LIBCMT:ismbbyte.obj
 0001:0001699d       __ismbbpunct_l             0401799d f   LIBCMT:ismbbyte.obj
 0001:000169b4       __ismbbtrail               040179b4 f   LIBCMT:ismbbyte.obj
 0001:000169ca       __ismbbtrail_l             040179ca f   LIBCMT:ismbbyte.obj
 0001:000169f0       __alloca_probe_16          040179f0 f   LIBCMT:alloca16.obj
 0001:00016a06       __alloca_probe_8           04017a06     LIBCMT:alloca16.obj
 0001:00016a1c       _wcscpy_s                  04017a1c f   LIBCMT:wcscpy_s.obj
 0001:00016a78       _wcsnlen                   04017a78 f   LIBCMT:wcslen_s.obj
 0001:00016a97       _wcscat_s                  04017a97 f   LIBCMT:wcscat_s.obj
 0001:00016b03       _wcslen                    04017b03 f   LIBCMT:wcslen.obj
 0001:00016b1c       _wcsncpy_s                 04017b1c f   LIBCMT:wcsncpy_s.obj
 0001:00016bda       ___set_app_type            04017bda f   LIBCMT:errmode.obj
 0001:00016be7       __set_error_mode           04017be7 f   LIBCMT:errmode.obj
 0001:00016c27       ___crtMessageBoxW          04017c27 f   LIBCMT:crtmboxw.obj
 0001:00016e0d       ___crtMessageBoxWaitThreadW@4 04017e0d f   LIBCMT:crtmboxw.obj
 0001:0001704f       ___crtLCMapStringA         0401804f f   LIBCMT:a_map.obj
 0001:0001718d       ___crtGetStringTypeA       0401818d f   LIBCMT:a_str.obj
 0001:000171cd       __fflush_nolock            040181cd f   LIBCMT:fflush.obj
 0001:00017213       __flush                    04018213 f   LIBCMT:fflush.obj
 0001:00017277       __flushall                 04018277 f   LIBCMT:fflush.obj
 0001:00017280       _fflush                    04018280 f   LIBCMT:fflush.obj
 0001:000173bd       __VEC_memset               040183bd f   LIBCMT:p4_memset.obj
 0001:00017485       __fcloseall                04018485 f   LIBCMT:closeall.obj
 0001:00017522       ___lock_fhandle            04018522 f   LIBCMT:osfinfo.obj
 0001:000175b0       __alloc_osfhnd             040185b0 f   LIBCMT:osfinfo.obj
 0001:00017759       __free_osfhnd              04018759 f   LIBCMT:osfinfo.obj
 0001:000177df       __get_osfhandle            040187df f   LIBCMT:osfinfo.obj
 0001:00017846       __open_osfhandle           04018846 f   LIBCMT:osfinfo.obj
 0001:0001795c       __set_osfhnd               0401895c f   LIBCMT:osfinfo.obj
 0001:000179de       __unlock_fhandle           040189de f   LIBCMT:osfinfo.obj
 0001:00017a04       __mbtowc_l                 04018a04 f   LIBCMT:mbtowc.obj
 0001:00017af9       _mbtowc                    04018af9 f   LIBCMT:mbtowc.obj
 0001:00017b11       __putwch                   04018b11 f   LIBCMT:putwch.obj
 0001:00017b5d       __putwch_nolock            04018b5d f   LIBCMT:putwch.obj
 0001:00017ba0       __chkstk                   04018ba0 f   LIBCMT:chkstk.obj
 0001:00017ba0       __alloca_probe             04018ba0 f   LIBCMT:chkstk.obj
 0001:00017df1       __strtol_l                 04018df1 f   LIBCMT:strtol.obj
 0001:00017e0c       __strtoul_l                04018e0c f   LIBCMT:strtol.obj
 0001:00017e27       _strtol                    04018e27 f   LIBCMT:strtol.obj
 0001:00017e51       _strtoul                   04018e51 f   LIBCMT:strtol.obj
 0001:00017e7b       ___free_lconv_mon          04018e7b f   LIBCMT:initmon.obj
 0001:00017f77       ___init_monetary           04018f77 f   LIBCMT:initmon.obj
 0001:00018350       ___free_lconv_num          04019350 f   LIBCMT:initnum.obj
 0001:000183b7       ___init_numeric            040193b7 f   LIBCMT:initnum.obj
 0001:000185f5       ___free_lc_time            040195f5 f   LIBCMT:inittime.obj
 0001:00018975       ___init_time               04019975 f   LIBCMT:inittime.obj
 0001:000191e4       _localeconv                0401a1e4 f   LIBCMT:lconv.obj
 0001:0001920a       __iswctype_l               0401a20a f   LIBCMT:iswctype.obj
 0001:0001921c       _is_wctype                 0401a21c f   LIBCMT:iswctype.obj
 0001:00019225       _iswctype                  0401a225 f   LIBCMT:iswctype.obj
[...]
 0001:00015672       ?und_strncmp@@YAIPBD0I@Z   04016672 f   LIBCMT:undname.obj
 0001:00016010       $$000000                   04017010     LIBCMT:strrchr.obj
 0001:00016570       $$000000                   04017570     LIBCMT:lldvrm.obj
 0001:00016650       $$000000                   04017650     LIBCMT:ullshr.obj
 0001:0001670d       ?x_ismbbtype_l@@YAHPAUlocaleinfo_struct@@IHH@Z 0401770d f   LIBCMT:ismbbyte.obj
 0001:000169f0       $$000000                   040179f0     LIBCMT:alloca16.obj
 0001:00016e2b       ?__crtLCMapStringA_stat@@YAHPAUlocaleinfo_struct@@PB_WKPBDHPADHHH@Z 04017e2b f   LIBCMT:a_map.obj
 0001:0001702f       ?strncnt@@YAHPBDH@Z        0401802f f   LIBCMT:a_map.obj
 0001:00017095       ?__crtGetStringTypeA_stat@@YAHPAUlocaleinfo_struct@@KPBDHPAGHH@Z 04018095 f   LIBCMT:a_str.obj
 0001:000172d9       _flsall                    040182d9 f   LIBCMT:fflush.obj
 0001:00017ba0       $$000000                   04018ba0     LIBCMT:chkstk.obj
 0001:00017bcb       ?strtoxl@@YAKPAUlocaleinfo_struct@@PBDPAPBDHH@Z 04018bcb f   LIBCMT:strtol.obj
 0001:00018318       _fix_grouping              04019318 f   LIBCMT:initmon.obj
 0001:000185bd       _fix_grouping              040195bd f   LIBCMT:initnum.obj
 0001:000189f1       __get_lc_time              040199f1 f   LIBCMT:inittime.obj
 0001:00019d67       __copytlocinfo_nolock      0401ad67 f   LIBCMT:wsetloca.obj
 0001:0001a4e5       __wsetlocale_get_all       0401b4e5 f   LIBCMT:wsetloca.obj
 0001:0001a652       __wsetlocale_nolock        0401b652 f   LIBCMT:wsetloca.obj
 0001:0001a8db       __wsetlocale_set_cat       0401b8db f   LIBCMT:wsetloca.obj
 0001:0001ac85       _sync_legacy_variables_lk  0401bc85 f   LIBCMT:wsetloca.obj
 0001:0001cec1       $LN333                     0401dec1     LIBCMT:strgtold.obj
 0001:0001d937       ___abstract_cw_sse2        0401e937 f   LIBCMT:ieee87.obj
 0001:0001d9e0       ___abstract_sw_sse2        0401e9e0 f   LIBCMT:ieee87.obj
 0001:0001da21       ___clearfp_sse2            0401ea21 f   LIBCMT:ieee87.obj
 0001:0001dd8b       ___control87_sse2          0401ed8b f   LIBCMT:ieee87.obj
 0001:0001df0e       ___fpreset_sse2            0401ef0e f   LIBCMT:ieee87.obj
 0001:0001df1a       ___hw_cw_sse2              0401ef1a f   LIBCMT:ieee87.obj
 0001:0001dfc3       ___statusfp_sse2           0401efc3 f   LIBCMT:ieee87.obj
 0001:0001e004       __abstract_cw              0401f004 f   LIBCMT:ieee87.obj
 0001:0001e0a3       __abstract_sw              0401f0a3 f   LIBCMT:ieee87.obj
 0001:0001e808       __hw_cw                    0401f808 f   LIBCMT:ieee87.obj
 0001:0001ec0d       ?strtoxq@@YA_KPAUlocaleinfo_struct@@PBDPAPBDHH@Z 0401fc0d f   LIBCMT:strtoq.obj
 0001:0001efa3       _cmpBYTE                   0401ffa3 f   LIBCMT:memcmp.obj
 0001:0001efc8       _cmpDWORD                  0401ffc8 f   LIBCMT:memcmp.obj
 0001:0001f053       _cmpResult                 04020053 f   LIBCMT:memcmp.obj
 0001:0001f06f       _cmpWORD                   0402006f f   LIBCMT:memcmp.obj
 0001:000207b8       $LN1281                    040217b8     LIBCMT:memcmp.obj
 0001:00020838       _unaligned_memcmp          04021838 f   LIBCMT:memcmp.obj
 0001:00021f54       $LN1269                    04022f54     LIBCMT:memcmp.obj
 0001:000220d5       _GetLocaleNameFromDefault  040230d5 f   LIBCMT:getqloc.obj
 0001:0002214e       _GetLocaleNameFromLangCountry 0402314e f   LIBCMT:getqloc.obj
 0001:000221c2       _GetLocaleNameFromLanguage 040231c2 f   LIBCMT:getqloc.obj
 0001:0002220c       _GetPrimaryLen             0402320c f   LIBCMT:getqloc.obj
 0001:0002223e       _LangCountryEnumProcEx@12  0402323e f   LIBCMT:getqloc.obj
 0001:0002245e       _LanguageEnumProcEx@12     0402345e f   LIBCMT:getqloc.obj
 0001:00022511       _ProcessCodePage           04023511 f   LIBCMT:getqloc.obj
 0001:000225a6       _TestDefaultCountry        040235a6 f   LIBCMT:getqloc.obj
 0001:000225f2       _TestDefaultLanguage       040235f2 f   LIBCMT:getqloc.obj
 0001:0002262d       _TranslateName             0402362d f   LIBCMT:getqloc.obj
 0001:0002285b       _CountryEnumProc@4         0402385b f   LIBCMT:getqloc_downlevel.obj
 0001:0002290b       _GetLcidFromCountry        0402390b f   LIBCMT:getqloc_downlevel.obj
 0001:0002294b       _GetLcidFromDefault        0402394b f   LIBCMT:getqloc_downlevel.obj
 0001:00022967       _GetLcidFromLangCountry    04023967 f   LIBCMT:getqloc_downlevel.obj
 0001:000229e4       _GetLcidFromLanguage       040239e4 f   LIBCMT:getqloc_downlevel.obj
 0001:00022a3d       _GetPrimaryLen             04023a3d f   LIBCMT:getqloc_downlevel.obj
 0001:00022a67       _LangCountryEnumProc@4     04023a67 f   LIBCMT:getqloc_downlevel.obj
 0001:00022c5c       _LanguageEnumProc@4        04023c5c f   LIBCMT:getqloc_downlevel.obj
 0001:00022d37       _LcidFromHexString         04023d37 f   LIBCMT:getqloc_downlevel.obj
 0001:00022d86       _ProcessCodePage           04023d86 f   LIBCMT:getqloc_downlevel.obj
 0001:00022e11       _TestDefaultCountry        04023e11 f   LIBCMT:getqloc_downlevel.obj
 0001:00022e33       _TestDefaultLanguage       04023e33 f   LIBCMT:getqloc_downlevel.obj
 0001:00022e9d       _TranslateName             04023e9d f   LIBCMT:getqloc_downlevel.obj
 0001:000235e0       $$000000                   040245e0     LIBCMT:llmul.obj
 0001:00023614       @x64tow_s@24               04024614 f   LIBCMT:xtows.obj
 0001:000237e7       _xtow_s@20                 040247e7 f   LIBCMT:xtows.obj
 0001:00023de0       ?wcstoxl@@YAKPB_WPAPB_WHH@Z 04024de0 f   LIBCMT:wcstol.obj
 0001:00024021       ?wcstoxq@@YA_KPAUlocaleinfo_struct@@PB_WPAPB_WHH@Z 04025021 f   LIBCMT:wcstoq.obj
 0001:00025161       $LN323                     04026161     LIBCMT:wstrgtold.obj
 0001:00025360       __ehhandler$?_Copy@?$basic_string@DU?$char_traits@D@std@@V?$allocator@D@2@@std@@QAEXII@Z 04026360 f   MQ2Chat.obj
 0001:0002536a       __ehhandler$?CallUnexpected@@YAXPBU_s_ESTypeList@@@Z 0402636a f   LIBCMT:frame.obj
 0001:00025390       ??__F?_Generic_object@?$_Error_objects@H@std@@2V_Generic_error_category@2@A@@YAXXZ 04026390 f   MQ2Chat.obj
 0001:000253a0       ??__F?_Iostream_object@?$_Error_objects@H@std@@2V_Iostream_error_category@2@A@@YAXXZ 040263a0 f   MQ2Chat.obj
 0001:000253b0       ??__F?_System_object@?$_Error_objects@H@std@@2V_System_error_category@2@A@@YAXXZ 040263b0 f   MQ2Chat.obj
 0001:000253bb       ??__F?_Generic_object@?$_Error_objects@H@std@@2V_Generic_error_category@2@A@@YAXXZ 040263bb f   libcpmt:xthrow.obj
 0001:000253c6       ??__F?_Iostream_object@?$_Error_objects@H@std@@2V_Iostream_error_category@2@A@@YAXXZ 040263c6 f   libcpmt:xthrow.obj
 0001:000253d1       ??__F?_System_object@?$_Error_objects@H@std@@2V_System_error_category@2@A@@YAXXZ 040263d1 f   libcpmt:xthrow.obj
 0001:000253dc       ??__F?_Generic_object@?$_Error_objects@H@std@@2V_Generic_error_category@2@A@@YAXXZ 040263dc f   libcpmt:syserror.obj
 0001:000253e7       ??__F?_Iostream_object@?$_Error_objects@H@std@@2V_Iostream_error_category@2@A@@YAXXZ 040263e7 f   libcpmt:syserror.obj
 0001:000253f2       ??__F?_System_object@?$_Error_objects@H@std@@2V_System_error_category@2@A@@YAXXZ 040263f2 f   libcpmt:syserror.obj
 0002:00000158       ?_Generic_object$initializer$@?$_Error_objects@H@std@@2P6AXXZA 04027158     MQ2Chat.obj
 0002:0000015c       ?_Iostream_object$initializer$@?$_Error_objects@H@std@@2P6AXXZA 0402715c     MQ2Chat.obj
 0002:00000160       ?_System_object$initializer$@?$_Error_objects@H@std@@2P6AXXZA 04027160     MQ2Chat.obj
 0002:0000016c       _pinit                     0402716c     LIBCMT:onexit.obj
 0002:00000170       _pinit                     04027170     LIBCMT:cpu_disp.obj
 0002:00000174       _pinit                     04027174     LIBCMT:mbctype.obj
 0002:00000178       _pinit                     04027178     LIBCMT:_file.obj
 0002:00000184       _pterm                     04027184     LIBCMT:wsetloca.obj
 0002:00000188       _pterm                     04027188     LIBCMT:initcon.obj
 0002:0000018c       _pterm                     0402718c     LIBCMT:_file.obj
 0002:00000e90       __Win_errtab               04027e90     libcpmt:syserror.obj
 0002:000010e8       __Sys_errtab               040280e8     libcpmt:syserror.obj
 0002:00001bf0       ?ExceptionTemplate@?1??_CxxThrowException@@9@8@4UEHExceptionRecord@@B 04028bf0     LIBCMT:throw.obj
 0002:00002188       _GS_ExceptionPointers      04029188     LIBCMT:gs_report.obj
 0002:00004248       _rterrs                    0402b248     LIBCMT:crt0msg.obj
 0002:00004cdc       __mb_locale_names          0402bcdc     LIBCMT:mbctype.obj
 0002:000050b4       One                        0402c0b4     LIBCMT:87disp.obj
 0002:000050bc       XAMtoTagTab                0402c0bc     LIBCMT:87disp.obj
 0002:000050d0       One                        0402c0d0     LIBCMT:common.obj
 0002:000050e4       DblMax                     0402c0e4     LIBCMT:common.obj
 0002:000050ec       DblMin                     0402c0ec     LIBCMT:common.obj
 0002:000050f4       IeeeAdjO                   0402c0f4     LIBCMT:common.obj
 0002:000050fc       IeeeAdjU                   0402c0fc     LIBCMT:common.obj
 0002:00005104       _infinity                  0402c104     LIBCMT:common.obj
 0002:0000510c       _zero                      0402c10c     LIBCMT:common.obj
 0002:00005118       _tokenTable                0402c118     LIBCMT:undname.obj
 0002:00005150       _nameTable                 0402c150     LIBCMT:undname.obj
 0002:00005290       _rttiTable                 0402c290     LIBCMT:undname.obj
 0002:00006580       __first_127char            0402d580     LIBCMT:wsetloca.obj
 0002:00007c70       __catchsym$?_Copy@?$basic_string@DU?$char_traits@D@std@@V?$allocator@D@2@@std@@QAEXII@Z$5 0402ec70     MQ2Chat.obj
 0002:00007c80       __catchsym$?_Copy@?$basic_string@DU?$char_traits@D@std@@V?$allocator@D@2@@std@@QAEXII@Z$4 0402ec80     MQ2Chat.obj
 0002:00007c90       __unwindtable$?_Copy@?$basic_string@DU?$char_traits@D@std@@V?$allocator@D@2@@std@@QAEXII@Z 0402ec90     MQ2Chat.obj
 0002:00007cb0       __ehfuncinfo$?_Copy@?$basic_string@DU?$char_traits@D@std@@V?$allocator@D@2@@std@@QAEXII@Z 0402ecb0     MQ2Chat.obj
 0002:00007cd4       __tryblocktable$?_Copy@?$basic_string@DU?$char_traits@D@std@@V?$allocator@D@2@@std@@QAEXII@Z 0402ecd4     MQ2Chat.obj
 0002:00007f08       __sehtable$__onexit        0402ef08     LIBCMT:onexit.obj
 0002:00007f28       __sehtable$__CRT_INIT@12   0402ef28     LIBCMT:dllcrt0.obj
 0002:00007f48       __sehtable$___DllMainCRTStartup 0402ef48     LIBCMT:dllcrt0.obj
 0002:00007f68       __sehtable$_doexit         0402ef68     LIBCMT:crt0dat.obj
 0002:00007f88       __sehtable$___set_fpsr_sse2 0402ef88     LIBCMT:fpctrl.obj
 0002:00007fa8       __sehtable$__freefls@4     0402efa8     LIBCMT:tidtable.obj
 0002:00007fd0       __sehtable$__initptd       0402efd0     LIBCMT:tidtable.obj
 0002:00007ff8       __sehtable$?terminate@@YAXXZ 0402eff8     LIBCMT:hooks.obj
 0002:00008018       __sehtable$?_inconsistency@@YAXXZ 0402f018     LIBCMT:hooks.obj
 0002:00008038       __sehtable$___FrameUnwindToState 0402f038     LIBCMT:frame.obj
 0002:00008060       __sehtable$?CallCatchBlock@@YAPAXPAUEHExceptionRecord@@PAUEHRegistrationNode@@PAU_CONTEXT@@PBU_s_FuncInfo@@PAXHK@Z 0402f060     LIBCMT:frame.obj
 0002:00008088       __sehtable$___BuildCatchObject 0402f088     LIBCMT:frame.obj
 0002:000080a8       __sehtable$___DestructExceptionObject 0402f0a8     LIBCMT:frame.obj
 0002:000080c4       __catchsym$?CallUnexpected@@YAXPBU_s_ESTypeList@@@Z$2 0402f0c4     LIBCMT:frame.obj
 0002:000080d4       __unwindtable$?CallUnexpected@@YAXPBU_s_ESTypeList@@@Z 0402f0d4     LIBCMT:frame.obj
 0002:000080e4       __tryblocktable$?CallUnexpected@@YAXPBU_s_ESTypeList@@@Z 0402f0e4     LIBCMT:frame.obj
 0002:000080f8       __ehfuncinfo$?CallUnexpected@@YAXPBU_s_ESTypeList@@@Z 0402f0f8     LIBCMT:frame.obj
 0002:00008120       __sehtable$___BuildCatchObjectHelper 0402f120     LIBCMT:frame.obj
 0002:00008178       __sehtable$?_Name_base@type_info@@CAPBDPBV1@PAU__type_info_node@@@Z 0402f178     LIBCMT:typname.obj
 0002:00008198       __sehtable$?_Type_info_dtor@type_info@@CAXPAV1@@Z 0402f198     LIBCMT:typname.obj
 0002:000081b8       __sehtable$?_Name_base_internal@type_info@@CAPBDPBV1@PAU__type_info_node@@@Z 0402f1b8     LIBCMT:typname.obj
 0002:000081d8       __sehtable$?_Type_info_dtor_internal@type_info@@CAXPAV1@@Z 0402f1d8     LIBCMT:typname.obj
 0002:000081f8       __sehtable$___clean_type_info_names_internal 0402f1f8     LIBCMT:typname.obj
 0002:00008218       __sehtable$__ioinit        0402f218     LIBCMT:ioinit.obj
 0002:00008238       __sehtable$_signal         0402f238     LIBCMT:winsig.obj
 0002:00008258       __sehtable$_raise          0402f258     LIBCMT:winsig.obj
 0002:00008278       __sehtable$_ctrlevent_capture@4 0402f278     LIBCMT:winsig.obj
 0002:00008298       __sehtable$__mtinitlocknum 0402f298     LIBCMT:mlock.obj
 0002:000082b8       __sehtable$__IsNonwritableInCurrentImage 0402f2b8     LIBCMT:pesect.obj
 0002:000082d8       __sehtable$___updatetmbcinfo 0402f2d8     LIBCMT:mbctype.obj
 0002:000082f8       __sehtable$__setmbcp       0402f2f8     LIBCMT:mbctype.obj
 0002:00008318       __sehtable$__write         0402f318     LIBCMT:write.obj
 0002:00008338       __sehtable$__lseeki64      0402f338     LIBCMT:lseeki64.obj
 0002:00008358       __sehtable$___updatetlocinfo 0402f358     LIBCMT:localref.obj
 0002:00008378       __sehtable$_printf         0402f378     LIBCMT:printf.obj
 0002:00008398       __sehtable$___unDName      0402f398     LIBCMT:undname.obj
 0002:000083b8       __sehtable$___unDNameEx    0402f3b8     LIBCMT:undname.obj
 0002:000083d8       __sehtable$_fflush         0402f3d8     LIBCMT:fflush.obj
 0002:000083f8       __sehtable$_flsall         0402f3f8     LIBCMT:fflush.obj
 0002:00008420       __sehtable$__fcloseall     0402f420     LIBCMT:closeall.obj
 0002:00008440       __sehtable$__alloc_osfhnd  0402f440     LIBCMT:osfinfo.obj
 0002:00008468       __sehtable$___lock_fhandle 0402f468     LIBCMT:osfinfo.obj
 0002:00008488       __sehtable$__open_osfhandle 0402f488     LIBCMT:osfinfo.obj
 0002:000084a8       __sehtable$__putwch        0402f4a8     LIBCMT:putwch.obj
 0002:000084c8       __sehtable$_vprintf_helper 0402f4c8     LIBCMT:vprintf.obj
 0002:000084e8       __sehtable$__get_current_locale 0402f4e8     LIBCMT:wsetloca.obj
 0002:00008510       __sehtable$__free_locale   0402f510     LIBCMT:wsetloca.obj
 0002:00008538       __sehtable$__wsetlocale    0402f538     LIBCMT:wsetloca.obj
 0002:00008570       __sehtable$__locterm       0402f570     LIBCMT:wsetloca.obj
 0002:00008590       __sehtable$__commit        0402f590     LIBCMT:commit.obj
 0002:000085b0       __sehtable$_fclose         0402f5b0     LIBCMT:fclose.obj
 0002:000085d0       __sehtable$__close         0402f5d0     LIBCMT:close.obj
 0002:000085f0       .edata                     0402f5f0     MQ2Chat.exp
 0002:00008618       rgpv                       0402f618     MQ2Chat.exp
 0002:00008624       rgszName                   0402f624     MQ2Chat.exp
 0002:00008630       rgwOrd                     0402f630     MQ2Chat.exp
 0002:00008636       szName                     0402f636     MQ2Chat.exp
 0002:00008642       $N00001                    0402f642     MQ2Chat.exp
 0002:00008653       $N00002                    0402f653     MQ2Chat.exp
 0002:00008664       $N00003                    0402f664     MQ2Chat.exp
 0002:00008874       .idata$6                   0402f874     MQ2Main:MQ2Main.dll
 0002:00008dfa       .idata$6                   0402fdfa     kernel32:KERNEL32.dll
 0003:00000000       _ClassInfo                 04030000     MQ2Chat.obj
 0003:00000150       _errtable                  04030150     LIBCMT:dosmap.obj
 0003:000002b8       _ErrnoNoMem                040302b8     LIBCMT:dosmap.obj
 0003:000002bc       _DoserrorNoMem             040302bc     LIBCMT:dosmap.obj
 0003:000002c0       _NAME_                     040302c0     LIBCMT:sqrt.obj
 0003:000002f0       ?_names@?1??_get_fname@@9@9 040302f0     LIBCMT:fpexcept.obj
 0003:000003d8       _over                      040303d8     LIBCMT:fpctrl.obj
 0003:000003e4       _under                     040303e4     LIBCMT:fpctrl.obj
 0003:000003f0       ?__DAZ_ENABLED@?1??__set_fpsr_sse2@@9@9 040303f0     LIBCMT:fpctrl.obj
 0003:00000478       ?isPackaged@?1??__crtIsPackagedApp@@9@9 04030478     LIBCMT:winapisupp.obj
 0003:00000480       __locktable                04030480     LIBCMT:mlock.obj
 0003:000009c8       ___rgctypeflag             040309c8     LIBCMT:mbctype.obj
 0003:000009d0       ___rgcode_page_info        040309d0     LIBCMT:mbctype.obj
 0003:00001004       __ctype_loc_style          04031004     LIBCMT:wsetloca.obj
 0003:00001008       _DoubleFormat              04031008     LIBCMT:intrncvt.obj
 0003:00001020       _FloatFormat               04031020     LIBCMT:intrncvt.obj
 0003:00001744       __Tuple_alloc              04031744     MQ2Chat.obj
 0003:00001745       _ignore                    04031745     MQ2Chat.obj
 0003:00001746       _allocator_arg             04031746     MQ2Chat.obj
 0003:00001747       _piecewise_construct       04031747     MQ2Chat.obj
 0003:00001758       __Tuple_alloc              04031758     libcpmt:xthrow.obj
 0003:00001759       _ignore                    04031759     libcpmt:xthrow.obj
 0003:0000175a       _allocator_arg             0403175a     libcpmt:xthrow.obj
 0003:0000175b       _piecewise_construct       0403175b     libcpmt:xthrow.obj
 0003:0000175c       _allocator_arg             0403175c     libcpmt:syserror.obj
 0003:0000175d       _piecewise_construct       0403175d     libcpmt:syserror.obj
 0003:00001764       ___proc_attached           04031764     LIBCMT:dllcrt0.obj
 0003:000017c4       ___type_info_root_node     040317c4     LIBCMT:typname.obj
 0003:000018d0       ?_pgmname@?1??_setargv@@9@9 040318d0     LIBCMT:stdargv.obj
 0003:000019d8       _GS_ExceptionRecord        040319d8     LIBCMT:gs_report.obj
 0003:00001a28       _GS_ContextRecord          04031a28     LIBCMT:gs_report.obj
 0003:00001cf4       _DebuggerWasPresent        04031cf4     LIBCMT:gs_report.obj
 0003:00001cf8       _ctrlc_action              04031cf8     LIBCMT:winsig.obj
 0003:00001cfc       _ctrlbreak_action          04031cfc     LIBCMT:winsig.obj
 0003:00001d00       _abort_action              04031d00     LIBCMT:winsig.obj
 0003:00001d04       _term_action               04031d04     LIBCMT:winsig.obj
 0003:00001d08       _ConsoleCtrlHandler_Installed 04031d08     LIBCMT:winsig.obj
 0003:00001d0c       ___crtCallProc             04031d0c     LIBCMT:winapinls.obj
 0003:00001d18       ?outmsg@?9??_NMSG_WRITE@@9@9 04031d18     LIBCMT:crt0msg.obj
 0003:00002348       _lclcritsects              04032348     LIBCMT:mlock.obj
 0003:00002498       _g_pfnRtlGenRandom         04032498     LIBCMT:rand_s.obj
 0003:000024b4       _fSystemSet                040324b4     LIBCMT:mbctype.obj
 0003:000024c4       ___enable_percent_n        040324c4     LIBCMT:printf.obj
 0003:000024f0       _heap                      040324f0     LIBCMT:undname.obj
 0003:00002540       ?pfnMessageBox@?1??__crtMessageBoxW@@9@9 04032540     LIBCMT:crtmboxw.obj
 0003:00002544       ?pfnGetActiveWindow@?1??__crtMessageBoxW@@9@9 04032544     LIBCMT:crtmboxw.obj
 0003:00002548       ?pfnGetLastActivePopup@?1??__crtMessageBoxW@@9@9 04032548     LIBCMT:crtmboxw.obj
 0003:0000254c       ?pfnGetProcessWindowStation@?1??__crtMessageBoxW@@9@9 0403254c     LIBCMT:crtmboxw.obj
 0003:00002550       ?pfnGetUserObjectInformation@?1??__crtMessageBoxW@@9@9 04032550     LIBCMT:crtmboxw.obj
 0004:00000060       $R000000                   04034060     * linker generated manifest res *

 Exports

  ordinal    name

        1    _InitializePlugin
               exported name: InitializePlugin
        2    _OnWriteChatColor
               exported name: OnWriteChatColor
        3    _ShutdownPlugin
               exported name: ShutdownPlugin
