 MQ2ItemDisplay

 Timestamp is 556ff573 (Wed Jun 03 23:51:31 2015)

 Preferred load address is 04000000

 Start         Length     Name                   Class
 0001:00000000 00000074H .text$di                CODE
 0001:00000080 00028e57H .text$mn                CODE
 0001:00028ee0 00000045H .text$x                 CODE
 0001:00028f30 0000006dH .text$yd                CODE
 0002:00000000 000001b0H .idata$5                DATA
 0002:000001b0 00000004H .CRT$XCA                DATA
 0002:000001b4 0000000cH .CRT$XCU                DATA
 0002:000001c0 00000004H .CRT$XCZ                DATA
 0002:000001c4 00000004H .CRT$XIA                DATA
 0002:000001c8 00000010H .CRT$XIC                DATA
 0002:000001d8 00000004H .CRT$XIZ                DATA
 0002:000001dc 00000004H .CRT$XPA                DATA
 0002:000001e0 00000008H .CRT$XPX                DATA
 0002:000001e8 00000004H .CRT$XPXA               DATA
 0002:000001ec 00000004H .CRT$XPZ                DATA
 0002:000001f0 00000004H .CRT$XTA                DATA
 0002:000001f4 00000004H .CRT$XTZ                DATA
 0002:00000200 00007b98H .rdata                  DATA
 0002:00007d98 00000070H .rdata$debug            DATA
 0002:00007e08 0000077cH .rdata$r                DATA
 0002:00008590 00000020H .rdata$sxdata           DATA
 0002:000085b0 00000004H .rtc$IAA                DATA
 0002:000085b4 00000004H .rtc$IZZ                DATA
 0002:000085b8 00000004H .rtc$TAA                DATA
 0002:000085bc 00000004H .rtc$TZZ                DATA
 0002:000085c0 000009acH .xdata$x                DATA
 0002:00008f70 00000080H .edata                  DATA
 0002:00008ff0 00000028H .idata$2                DATA
 0002:00009018 00000014H .idata$3                DATA
 0002:0000902c 000001b0H .idata$4                DATA
 0002:000091dc 0000081aH .idata$6                DATA
 0003:00000000 0000132cH .data                   DATA
 0003:0000132c 0000031fH .data$r                 DATA
 0003:00001660 00002780H .bss                    DATA
 0004:00000000 00000058H .rsrc$01                DATA
 0004:00000060 00000180H .rsrc$02                DATA

  Address         Publics by Value              Rva+Base       Lib:Object

 0000:00000000       ___guard_fids_count        00000000     <absolute>
 0000:00000000       __except_list              00000000     <absolute>
 0000:00000000       ___guard_fids_table        00000000     <absolute>
 0000:00000000       ___guard_flags             00000000     <absolute>
 0000:00000008       ___safe_se_handler_count   00000008     <absolute>
 0000:00000000       ___ImageBase               04000000     <linker-defined>
 0001:000001a0       _DllMain@12                040011a0 f   MQ2ItemDisplay.obj
 0001:00000210       ?Comment@@YAXPAU_SPAWNINFO@EQData@@PAD@Z 04001210 f   MQ2ItemDisplay.obj
 0001:000004b0       ?dataLastItem@@YAHPADAAU_MQ2TypeVar@MQ2Internal@@@Z 040014b0 f   MQ2ItemDisplay.obj
 0001:000004d0       ?SetSpell_Trampoline@ItemDisplayHook@@QAEXH_N@Z 040014d0 f   MQ2ItemDisplay.obj
 0001:000004f0       ?UpdateStrings_Trampoline@ItemDisplayHook@@QAEXXZ 040014f0 f   MQ2ItemDisplay.obj
 0001:00000510       ?Ireset@@YAXPAU_SPAWNINFO@EQData@@PAD@Z 04001510 f   MQ2ItemDisplay.obj
 0001:00000520       _InitializePlugin          04001520 f   MQ2ItemDisplay.obj
 0001:000005d0       _ShutdownPlugin            040015d0 f   MQ2ItemDisplay.obj
 0001:00000620       ??$?8DD@std@@YA_NABV?$allocator@D@0@0@Z 04001620 f i MQ2ItemDisplay.obj
 0001:00000630       ??$?8V?$allocator@D@std@@V01@@std@@YA_NABU?$_Wrap_alloc@V?$allocator@D@std@@@0@0@Z 04001630 f i MQ2ItemDisplay.obj
 0001:00000640       ??$?9V?$allocator@D@std@@V01@@std@@YA_NABU?$_Wrap_alloc@V?$allocator@D@std@@@0@0@Z 04001640 f i MQ2ItemDisplay.obj
 0001:00000650       ??$_Allocate@D@std@@YAPADIPAD@Z 04001650 f i MQ2ItemDisplay.obj
 0001:00000680       ??$addressof@D@std@@YAPADAAD@Z 04001680 f i MQ2ItemDisplay.obj
 0001:00000690       ??$assign@V?$_String_iterator@V?$_String_val@U?$_Simple_types@D@std@@@std@@@std@@@?$basic_string@DU?$char_traits@D@std@@V?$allocator@D@2@@std@@QAEAAV01@V?$_String_iterator@V?$_String_val@U?$_Simple_types@D@std@@@std@@@1@0@Z 04001690 f i MQ2ItemDisplay.obj
 0001:000006d0       ??$construct@PADAAPAD@?$_Wrap_alloc@V?$allocator@D@std@@@std@@QAEXPAPADAAPAD@Z 040016d0 f i MQ2ItemDisplay.obj
 0001:000006f0       ??$construct@PADAAPAD@?$allocator@D@std@@QAEXPAPADAAPAD@Z 040016f0 f i MQ2ItemDisplay.obj
 0001:00000710       ??$construct@PADAAPAD@?$allocator_traits@V?$allocator@D@std@@@std@@SAXAAV?$allocator@D@1@PAPADAAPAD@Z 04001710 f i MQ2ItemDisplay.obj
 0001:00000730       ??$destroy@PAD@?$_Wrap_alloc@V?$allocator@D@std@@@std@@QAEXPAPAD@Z 04001730 f i MQ2ItemDisplay.obj
 0001:00000740       ??$destroy@PAD@?$allocator@D@std@@QAEXPAPAD@Z 04001740 f i MQ2ItemDisplay.obj
 0001:00000750       ??$destroy@PAD@?$allocator_traits@V?$allocator@D@std@@@std@@SAXAAV?$allocator@D@1@PAPAD@Z 04001750 f i MQ2ItemDisplay.obj
 0001:00000760       ??$forward@AAPAD@std@@YAAAPADAAPAD@Z 04001760 f i MQ2ItemDisplay.obj
 0001:00000770       ??$forward@V?$basic_string@DU?$char_traits@D@std@@V?$allocator@D@2@@std@@@std@@YA$$QAV?$basic_string@DU?$char_traits@D@std@@V?$allocator@D@2@@0@AAV10@@Z 04001770 f i MQ2ItemDisplay.obj
 0001:00000780       ??0?$_String_alloc@$0A@U?$_String_base_types@DV?$allocator@D@std@@@std@@@std@@QAE@ABV?$allocator@D@1@@Z 04001780 f i MQ2ItemDisplay.obj
 0001:000007a0       ??0?$_String_const_iterator@V?$_String_val@U?$_Simple_types@D@std@@@std@@@std@@QAE@PBDPBU_Container_base0@1@@Z 040017a0 f i MQ2ItemDisplay.obj
 0001:000007b0       ??0?$_String_iterator@V?$_String_val@U?$_Simple_types@D@std@@@std@@@std@@QAE@PADPBU_Container_base0@1@@Z 040017b0 f i MQ2ItemDisplay.obj
 0001:000007c0       ??0?$_String_val@U?$_Simple_types@D@std@@@std@@QAE@XZ 040017c0 f i MQ2ItemDisplay.obj
 0001:000007e0       ??0?$_Wrap_alloc@V?$allocator@D@std@@@std@@QAE@XZ 040017e0 f i MQ2ItemDisplay.obj
 0001:000007f0       ??0?$allocator@D@std@@QAE@ABV01@@Z 040017f0 f i MQ2ItemDisplay.obj
 0001:00000800       ??0?$allocator@D@std@@QAE@XZ 04001800 f i MQ2ItemDisplay.obj
 0001:00000810       ??0?$basic_string@DU?$char_traits@D@std@@V?$allocator@D@2@@std@@QAE@ABV01@IIABV?$allocator@D@1@@Z 04001810 f i MQ2ItemDisplay.obj
 0001:00000840       ??0?$basic_string@DU?$char_traits@D@std@@V?$allocator@D@2@@std@@QAE@PBD@Z 04001840 f i MQ2ItemDisplay.obj
 0001:000008a0       ??0?$basic_string@DU?$char_traits@D@std@@V?$allocator@D@2@@std@@QAE@XZ 040018a0 f i MQ2ItemDisplay.obj
 0001:000008c0       ??0_Generic_error_category@std@@QAE@XZ 040018c0 f i MQ2ItemDisplay.obj
 0001:000008d0       ??0_Ignore@std@@QAE@XZ     040018d0 f i MQ2ItemDisplay.obj
 0001:000008e0       ??0_Iostream_error_category@std@@QAE@XZ 040018e0 f i MQ2ItemDisplay.obj
 0001:000008f0       ??0_System_error_category@std@@QAE@XZ 040018f0 f i MQ2ItemDisplay.obj
 0001:00000900       ??0error_category@std@@QAE@XZ 04001900 f i MQ2ItemDisplay.obj
 0001:00000910       ??0error_condition@std@@QAE@HABVerror_category@1@@Z 04001910 f i MQ2ItemDisplay.obj
 0001:00000930       ??0id@locale@std@@QAE@I@Z  04001930 f i MQ2ItemDisplay.obj
 0001:00000940       ??1?$basic_string@DU?$char_traits@D@std@@V?$allocator@D@2@@std@@QAE@XZ 04001940 f i MQ2ItemDisplay.obj
 0001:00000970       ??1_Generic_error_category@std@@UAE@XZ 04001970 f i MQ2ItemDisplay.obj
 0001:00000980       ??1_Iostream_error_category@std@@UAE@XZ 04001980 f i MQ2ItemDisplay.obj
 0001:00000990       ??1_System_error_category@std@@UAE@XZ 04001990 f i MQ2ItemDisplay.obj
 0001:000009a0       ??1error_category@std@@UAE@XZ 040019a0 f i MQ2ItemDisplay.obj
 0001:000009b0       ??2@YAPAXIPAX@Z            040019b0 f i MQ2ItemDisplay.obj
 0001:000009c0       ??3@YAXPAX0@Z              040019c0 f i MQ2ItemDisplay.obj
 0001:000009d0       ??4?$basic_string@DU?$char_traits@D@std@@V?$allocator@D@2@@std@@QAEAAV01@$$QAV01@@Z 040019d0 f i MQ2ItemDisplay.obj
 0001:00000a10       ??4?$basic_string@DU?$char_traits@D@std@@V?$allocator@D@2@@std@@QAEAAV01@PBD@Z 04001a10 f i MQ2ItemDisplay.obj
 0001:00000a50       ??8?$_String_const_iterator@V?$_String_val@U?$_Simple_types@D@std@@@std@@@std@@QBE_NABV01@@Z 04001a50 f i MQ2ItemDisplay.obj
 0001:00000a70       ??8error_category@std@@QBE_NABV01@@Z 04001a70 f i MQ2ItemDisplay.obj
 0001:00000a80       ??8error_condition@std@@QBE_NABV01@@Z 04001a80 f i MQ2ItemDisplay.obj
 0001:00000aa0       ??D?$_String_const_iterator@V?$_String_val@U?$_Simple_types@D@std@@@std@@@std@@QBEABDXZ 04001aa0 f i MQ2ItemDisplay.obj
 0001:00000ab0       ??D?$_String_iterator@V?$_String_val@U?$_Simple_types@D@std@@@std@@@std@@QBEAADXZ 04001ab0 f i MQ2ItemDisplay.obj
 0001:00000ac0       ??G?$_String_const_iterator@V?$_String_val@U?$_Simple_types@D@std@@@std@@@std@@QBEHABV01@@Z 04001ac0 f i MQ2ItemDisplay.obj
 0001:00000ad0       ??G?$_String_iterator@V?$_String_val@U?$_Simple_types@D@std@@@std@@@std@@QBEHABV?$_String_const_iterator@V?$_String_val@U?$_Simple_types@D@std@@@std@@@1@@Z 04001ad0 f i MQ2ItemDisplay.obj
 0001:00000ae0       ??_G_Generic_error_category@std@@UAEPAXI@Z 04001ae0 f i MQ2ItemDisplay.obj
 0001:00000ae0       ??_E_Generic_error_category@std@@UAEPAXI@Z 04001ae0 f i MQ2ItemDisplay.obj
 0001:00000b10       ??_G_Iostream_error_category@std@@UAEPAXI@Z 04001b10 f i MQ2ItemDisplay.obj
 0001:00000b10       ??_E_Iostream_error_category@std@@UAEPAXI@Z 04001b10 f i MQ2ItemDisplay.obj
 0001:00000b40       ??_G_System_error_category@std@@UAEPAXI@Z 04001b40 f i MQ2ItemDisplay.obj
 0001:00000b40       ??_E_System_error_category@std@@UAEPAXI@Z 04001b40 f i MQ2ItemDisplay.obj
 0001:00000b70       ??_Gerror_category@std@@UAEPAXI@Z 04001b70 f i MQ2ItemDisplay.obj
 0001:00000b70       ??_Eerror_category@std@@UAEPAXI@Z 04001b70 f i MQ2ItemDisplay.obj
 0001:00000ba0       ?GetDmgBonus@ItemDisplayHook@@QAEHPAPAU_CXSTR@EQData@@@Z 04001ba0 f i MQ2ItemDisplay.obj
 0001:00000d80       ?ItemSetSpell_Detour@ItemDisplayHook@@QAEXH_N@Z 04001d80 f i MQ2ItemDisplay.obj
 0001:000018e0       ?SetSpell_Detour@ItemDisplayHook@@QAEXH_N@Z 040028e0 f i MQ2ItemDisplay.obj
 0001:00002400       ?UpdateStrings_Detour@ItemDisplayHook@@QAEXXZ 04003400 f i MQ2ItemDisplay.obj
 0001:00003250       ?_Adopt@_Iterator_base0@std@@QAEXPBX@Z 04004250 f i MQ2ItemDisplay.obj
 0001:00003260       ?_Assign_rv@?$basic_string@DU?$char_traits@D@std@@V?$allocator@D@2@@std@@QAEX$$QAV12@@Z 04004260 f i MQ2ItemDisplay.obj
 0001:000032c0       ?_Change_alloc@?$_String_alloc@$0A@U?$_String_base_types@DV?$allocator@D@std@@@std@@@std@@QAEXABU?$_Wrap_alloc@V?$allocator@D@std@@@2@@Z 040042c0 f i MQ2ItemDisplay.obj
 0001:000032d0       ?_Compat@?$_String_const_iterator@V?$_String_val@U?$_Simple_types@D@std@@@std@@@std@@QBEXABV12@@Z 040042d0 f i MQ2ItemDisplay.obj
 0001:000032e0       ?_Copy@?$basic_string@DU?$char_traits@D@std@@V?$allocator@D@2@@std@@QAEXII@Z 040042e0 f i MQ2ItemDisplay.obj
 0001:00003430       ?_Eos@?$basic_string@DU?$char_traits@D@std@@V?$allocator@D@2@@std@@QAEXI@Z 04004430 f i MQ2ItemDisplay.obj
 0001:00003460       ?_Getal@?$_String_alloc@$0A@U?$_String_base_types@DV?$allocator@D@std@@@std@@@std@@QBE?AU?$_Wrap_alloc@V?$allocator@D@std@@@2@XZ 04004460 f i MQ2ItemDisplay.obj
 0001:00003470       ?_Grow@?$basic_string@DU?$char_traits@D@std@@V?$allocator@D@2@@std@@QAE_NI_N@Z 04004470 f i MQ2ItemDisplay.obj
 0001:00003530       ?_Inside@?$basic_string@DU?$char_traits@D@std@@V?$allocator@D@2@@std@@QAE_NPBD@Z 04004530 f i MQ2ItemDisplay.obj
 0001:00003570       ?_Myptr@?$_String_val@U?$_Simple_types@D@std@@@std@@QAEPADXZ 04004570 f i MQ2ItemDisplay.obj
 0001:00003580       ?_Myptr@?$_String_val@U?$_Simple_types@D@std@@@std@@QBEPBDXZ 04004580 f i MQ2ItemDisplay.obj
 0001:00003590       ?_Pdif@?$basic_string@DU?$char_traits@D@std@@V?$allocator@D@2@@std@@SAIV?$_String_const_iterator@V?$_String_val@U?$_Simple_types@D@std@@@std@@@2@0@Z 04004590 f i MQ2ItemDisplay.obj
 0001:000035b0       ?_Tidy@?$basic_string@DU?$char_traits@D@std@@V?$allocator@D@2@@std@@QAEX_NI@Z 040045b0 f i MQ2ItemDisplay.obj
 0001:00003600       ?_Xlen@?$basic_string@DU?$char_traits@D@std@@V?$allocator@D@2@@std@@QBEXXZ 04004600 f i MQ2ItemDisplay.obj
 0001:00003610       ?_Xran@?$basic_string@DU?$char_traits@D@std@@V?$allocator@D@2@@std@@QBEXXZ 04004610 f i MQ2ItemDisplay.obj
 0001:00003620       ?allocate@?$_Wrap_alloc@V?$allocator@D@std@@@std@@QAEPADI@Z 04004620 f i MQ2ItemDisplay.obj
 0001:00003650       ?allocate@?$allocator@D@std@@QAEPADI@Z 04004650 f i MQ2ItemDisplay.obj
 0001:00003680       ?assign@?$basic_string@DU?$char_traits@D@std@@V?$allocator@D@2@@std@@QAEAAV12@ABV12@II@Z 04004680 f i MQ2ItemDisplay.obj
 0001:000037b0       ?assign@?$basic_string@DU?$char_traits@D@std@@V?$allocator@D@2@@std@@QAEAAV12@PBD@Z 040047b0 f i MQ2ItemDisplay.obj
 0001:000037f0       ?assign@?$basic_string@DU?$char_traits@D@std@@V?$allocator@D@2@@std@@QAEAAV12@PBDI@Z 040047f0 f i MQ2ItemDisplay.obj
 0001:000038f0       ?assign@?$char_traits@D@std@@SAXAADABD@Z 040048f0 f i MQ2ItemDisplay.obj
 0001:00003900       ?begin@?$basic_string@DU?$char_traits@D@std@@V?$allocator@D@2@@std@@QAE?AV?$_String_iterator@V?$_String_val@U?$_Simple_types@D@std@@@std@@@2@XZ 04004900 f i MQ2ItemDisplay.obj
 0001:00003920       ?c_str@?$basic_string@DU?$char_traits@D@std@@V?$allocator@D@2@@std@@QBEPBDXZ 04004920 f i MQ2ItemDisplay.obj
 0001:00003930       ?category@error_code@std@@QBEABVerror_category@2@XZ 04004930 f i MQ2ItemDisplay.obj
 0001:00003940       ?category@error_condition@std@@QBEABVerror_category@2@XZ 04004940 f i MQ2ItemDisplay.obj
 0001:00003950       ?compare@?$char_traits@D@std@@SAHPBD0I@Z 04004950 f i MQ2ItemDisplay.obj
 0001:000039c0       ?copy@?$char_traits@D@std@@SAPADPADPBDI@Z 040049c0 f i MQ2ItemDisplay.obj
 0001:000039e0       ?deallocate@?$_Wrap_alloc@V?$allocator@D@std@@@std@@QAEXPADI@Z 040049e0 f i MQ2ItemDisplay.obj
 0001:00003a00       ?deallocate@?$allocator@D@std@@QAEXPADI@Z 04004a00 f i MQ2ItemDisplay.obj
 0001:00003a20       ?default_error_condition@_System_error_category@std@@UBE?AVerror_condition@2@H@Z 04004a20 f i MQ2ItemDisplay.obj
 0001:00003a60       ?default_error_condition@error_category@std@@UBE?AVerror_condition@2@H@Z 04004a60 f i MQ2ItemDisplay.obj
 0001:00003a80       ?end@?$basic_string@DU?$char_traits@D@std@@V?$allocator@D@2@@std@@QAE?AV?$_String_iterator@V?$_String_val@U?$_Simple_types@D@std@@@std@@@2@XZ 04004a80 f i MQ2ItemDisplay.obj
 0001:00003ab0       ?equivalent@error_category@std@@UBE_NABVerror_code@2@H@Z 04004ab0 f i MQ2ItemDisplay.obj
 0001:00003ad0       ?equivalent@error_category@std@@UBE_NHABVerror_condition@2@@Z 04004ad0 f i MQ2ItemDisplay.obj
 0001:00003b10       ?erase@?$basic_string@DU?$char_traits@D@std@@V?$allocator@D@2@@std@@QAEAAV12@I@Z 04004b10 f i MQ2ItemDisplay.obj
 0001:00003b50       ?erase@?$basic_string@DU?$char_traits@D@std@@V?$allocator@D@2@@std@@QAEAAV12@II@Z 04004b50 f i MQ2ItemDisplay.obj
 0001:00003bf0       ?find@?$basic_string@DU?$char_traits@D@std@@V?$allocator@D@2@@std@@QBEIPBDI@Z 04004bf0 f i MQ2ItemDisplay.obj
 0001:00003c30       ?find@?$basic_string@DU?$char_traits@D@std@@V?$allocator@D@2@@std@@QBEIPBDII@Z 04004c30 f i MQ2ItemDisplay.obj
 0001:00003cd0       ?find@?$char_traits@D@std@@SAPBDPBDIABD@Z 04004cd0 f i MQ2ItemDisplay.obj
 0001:00003d00       ?generic_category@std@@YAABVerror_category@1@XZ 04004d00 f i MQ2ItemDisplay.obj
 0001:00003d10       ?get_allocator@?$basic_string@DU?$char_traits@D@std@@V?$allocator@D@2@@std@@QBE?AV?$allocator@D@2@XZ 04004d10 f i MQ2ItemDisplay.obj
 0001:00003d20       ?length@?$char_traits@D@std@@SAIPBD@Z 04004d20 f i MQ2ItemDisplay.obj
 0001:00003d40       ?max_size@?$_Wrap_alloc@V?$allocator@D@std@@@std@@QBEIXZ 04004d40 f i MQ2ItemDisplay.obj
 0001:00003d50       ?max_size@?$allocator@D@std@@QBEIXZ 04004d50 f i MQ2ItemDisplay.obj
 0001:00003d60       ?max_size@?$allocator_traits@V?$allocator@D@std@@@std@@SAIABV?$allocator@D@2@@Z 04004d60 f i MQ2ItemDisplay.obj
 0001:00003d70       ?max_size@?$basic_string@DU?$char_traits@D@std@@V?$allocator@D@2@@std@@QBEIXZ 04004d70 f i MQ2ItemDisplay.obj
 0001:00003d80       ?message@_Generic_error_category@std@@UBE?AV?$basic_string@DU?$char_traits@D@std@@V?$allocator@D@2@@2@H@Z 04004d80 f i MQ2ItemDisplay.obj
 0001:00003df0       ?message@_Iostream_error_category@std@@UBE?AV?$basic_string@DU?$char_traits@D@std@@V?$allocator@D@2@@2@H@Z 04004df0 f i MQ2ItemDisplay.obj
 0001:00003e40       ?message@_System_error_category@std@@UBE?AV?$basic_string@DU?$char_traits@D@std@@V?$allocator@D@2@@2@H@Z 04004e40 f i MQ2ItemDisplay.obj
 0001:00003eb0       ?move@?$char_traits@D@std@@SAPADPADPBDI@Z 04004eb0 f i MQ2ItemDisplay.obj
 0001:00003ed0       ?name@_Generic_error_category@std@@UBEPBDXZ 04004ed0 f i MQ2ItemDisplay.obj
 0001:00003ee0       ?name@_Iostream_error_category@std@@UBEPBDXZ 04004ee0 f i MQ2ItemDisplay.obj
 0001:00003ef0       ?name@_System_error_category@std@@UBEPBDXZ 04004ef0 f i MQ2ItemDisplay.obj
 0001:00003f00       ?replace@?$basic_string@DU?$char_traits@D@std@@V?$allocator@D@2@@std@@QAEAAV12@IIABV12@II@Z 04004f00 f i MQ2ItemDisplay.obj
 0001:00004250       ?replace@?$basic_string@DU?$char_traits@D@std@@V?$allocator@D@2@@std@@QAEAAV12@IIPBDI@Z 04005250 f i MQ2ItemDisplay.obj
 0001:000043d0       ?replace@?$basic_string@DU?$char_traits@D@std@@V?$allocator@D@2@@std@@QAEAAV12@V?$_String_const_iterator@V?$_String_val@U?$_Simple_types@D@std@@@std@@@2@0V?$_String_iterator@V?$_String_val@U?$_Simple_types@D@std@@@std@@@2@1@Z 040053d0 f i MQ2ItemDisplay.obj
 0001:00004460       ?size@?$basic_string@DU?$char_traits@D@std@@V?$allocator@D@2@@std@@QBEIXZ 04005460 f i MQ2ItemDisplay.obj
 0001:00004470       ?strstr@@YAPADPADPBD@Z     04005470 f i MQ2ItemDisplay.obj
 0001:00004480       ?substr@?$basic_string@DU?$char_traits@D@std@@V?$allocator@D@2@@std@@QBE?AV12@II@Z 04005480 f i MQ2ItemDisplay.obj
 0001:000044c0       ?system_category@std@@YAABVerror_category@1@XZ 040054c0 f i MQ2ItemDisplay.obj
 0001:000044d0       ?value@error_code@std@@QBEHXZ 040054d0 f i MQ2ItemDisplay.obj
 0001:000044e0       ?value@error_condition@std@@QBEHXZ 040054e0 f i MQ2ItemDisplay.obj
 0001:000044f0       _hypot                     040054f0 f i MQ2ItemDisplay.obj
 0001:00004516       _GetPrivateProfileStringA@24 04005516 f   kernel32:KERNEL32.dll
 0001:0000451c       _WritePrivateProfileStringA@16 0400551c f   kernel32:KERNEL32.dll
 0001:00004522       ??0bad_alloc@std@@QAE@ABV01@@Z 04005522 f i libcpmt:xthrow.obj
 0001:0000453d       ??0bad_alloc@std@@QAE@XZ   0400553d f i libcpmt:xthrow.obj
 0001:00004563       ??0bad_function_call@std@@QAE@ABV01@@Z 04005563 f i libcpmt:xthrow.obj
 0001:0000457e       ??0bad_function_call@std@@QAE@PBD@Z 0400557e f i libcpmt:xthrow.obj
 0001:00004592       ??0invalid_argument@std@@QAE@ABV01@@Z 04005592 f i libcpmt:xthrow.obj
 0001:000045ad       ??0invalid_argument@std@@QAE@PBD@Z 040055ad f i libcpmt:xthrow.obj
 0001:000045cf       ??0length_error@std@@QAE@ABV01@@Z 040055cf f i libcpmt:xthrow.obj
 0001:000045ea       ??0length_error@std@@QAE@PBD@Z 040055ea f i libcpmt:xthrow.obj
 0001:0000460c       ??0logic_error@std@@QAE@ABV01@@Z 0400560c f i libcpmt:xthrow.obj
 0001:00004627       ??0logic_error@std@@QAE@PBD@Z 04005627 f i libcpmt:xthrow.obj
 0001:00004643       ??0out_of_range@std@@QAE@ABV01@@Z 04005643 f i libcpmt:xthrow.obj
 0001:0000465e       ??0out_of_range@std@@QAE@PBD@Z 0400565e f i libcpmt:xthrow.obj
 0001:00004680       ??0overflow_error@std@@QAE@ABV01@@Z 04005680 f i libcpmt:xthrow.obj
 0001:0000469b       ??0overflow_error@std@@QAE@PBD@Z 0400569b f i libcpmt:xthrow.obj
 0001:000046bd       ??0regex_error@std@@QAE@ABV01@@Z 040056bd f i libcpmt:xthrow.obj
 0001:000046e1       ??0regex_error@std@@QAE@W4error_type@regex_constants@1@@Z 040056e1 f i libcpmt:xthrow.obj
 0001:00004711       ??0runtime_error@std@@QAE@ABV01@@Z 04005711 f i libcpmt:xthrow.obj
 0001:0000472c       ??0runtime_error@std@@QAE@PBD@Z 0400572c f i libcpmt:xthrow.obj
 0001:00004748       ??1bad_alloc@std@@UAE@XZ   04005748 f i libcpmt:xthrow.obj
 0001:00004753       ??1bad_function_call@std@@UAE@XZ 04005753 f i libcpmt:xthrow.obj
 0001:00004758       ??1invalid_argument@std@@UAE@XZ 04005758 f i libcpmt:xthrow.obj
 0001:0000475d       ??1length_error@std@@UAE@XZ 0400575d f i libcpmt:xthrow.obj
 0001:00004762       ??1logic_error@std@@UAE@XZ 04005762 f i libcpmt:xthrow.obj
 0001:00004767       ??1out_of_range@std@@UAE@XZ 04005767 f i libcpmt:xthrow.obj
 0001:0000476c       ??1overflow_error@std@@UAE@XZ 0400576c f i libcpmt:xthrow.obj
 0001:00004771       ??1regex_error@std@@UAE@XZ 04005771 f i libcpmt:xthrow.obj
 0001:00004776       ??1runtime_error@std@@UAE@XZ 04005776 f i libcpmt:xthrow.obj
 0001:0000477b       ??_Ebad_alloc@std@@UAEPAXI@Z 0400577b f i libcpmt:xthrow.obj
 0001:0000477b       ??_Gbad_alloc@std@@UAEPAXI@Z 0400577b f i libcpmt:xthrow.obj
 0001:000047a0       ??_Gbad_function_call@std@@UAEPAXI@Z 040057a0 f i libcpmt:xthrow.obj
 0001:000047a0       ??_Ebad_function_call@std@@UAEPAXI@Z 040057a0 f i libcpmt:xthrow.obj
 0001:000047bf       ??_Ginvalid_argument@std@@UAEPAXI@Z 040057bf f i libcpmt:xthrow.obj
 0001:000047bf       ??_Einvalid_argument@std@@UAEPAXI@Z 040057bf f i libcpmt:xthrow.obj
 0001:000047de       ??_Glength_error@std@@UAEPAXI@Z 040057de f i libcpmt:xthrow.obj
 0001:000047de       ??_Elength_error@std@@UAEPAXI@Z 040057de f i libcpmt:xthrow.obj
 0001:000047fd       ??_Elogic_error@std@@UAEPAXI@Z 040057fd f i libcpmt:xthrow.obj
 0001:000047fd       ??_Glogic_error@std@@UAEPAXI@Z 040057fd f i libcpmt:xthrow.obj
 0001:0000481c       ??_Eout_of_range@std@@UAEPAXI@Z 0400581c f i libcpmt:xthrow.obj
 0001:0000481c       ??_Gout_of_range@std@@UAEPAXI@Z 0400581c f i libcpmt:xthrow.obj
 0001:0000483b       ??_Goverflow_error@std@@UAEPAXI@Z 0400583b f i libcpmt:xthrow.obj
 0001:0000483b       ??_Eoverflow_error@std@@UAEPAXI@Z 0400583b f i libcpmt:xthrow.obj
 0001:0000485a       ??_Eregex_error@std@@UAEPAXI@Z 0400585a f i libcpmt:xthrow.obj
 0001:0000485a       ??_Gregex_error@std@@UAEPAXI@Z 0400585a f i libcpmt:xthrow.obj
 0001:00004879       ??_Eruntime_error@std@@UAEPAXI@Z 04005879 f i libcpmt:xthrow.obj
 0001:00004879       ??_Gruntime_error@std@@UAEPAXI@Z 04005879 f i libcpmt:xthrow.obj
 0001:00004898       ?_Stringify@regex_error@std@@CAPBDW4error_type@regex_constants@2@@Z 04005898 f i libcpmt:xthrow.obj
 0001:00004958       ?_Xbad_alloc@std@@YAXXZ    04005958 f   libcpmt:xthrow.obj
 0001:00004989       ?_Xbad_function_call@std@@YAXXZ 04005989 f   libcpmt:xthrow.obj
 0001:000049ad       ?_Xinvalid_argument@std@@YAXPBD@Z 040059ad f   libcpmt:xthrow.obj
 0001:000049db       ?_Xlength_error@std@@YAXPBD@Z 040059db f   libcpmt:xthrow.obj
 0001:00004a09       ?_Xout_of_range@std@@YAXPBD@Z 04005a09 f   libcpmt:xthrow.obj
 0001:00004a37       ?_Xoverflow_error@std@@YAXPBD@Z 04005a37 f   libcpmt:xthrow.obj
 0001:00004a65       ?_Xregex_error@std@@YAXW4error_type@regex_constants@1@@Z 04005a65 f   libcpmt:xthrow.obj
 0001:00004a85       ?_Xruntime_error@std@@YAXPBD@Z 04005a85 f   libcpmt:xthrow.obj
 0001:00004ab3       ?what@bad_function_call@std@@UBEPBDXZ 04005ab3 f i libcpmt:xthrow.obj
 0001:00004ab9       ?_Syserror_map@std@@YAPBDH@Z 04005ab9 f   libcpmt:syserror.obj
 0001:00004ae3       ?_Winerror_map@std@@YAPBDH@Z 04005ae3 f   libcpmt:syserror.obj
 0001:00004b0e       ??0CXStr@EQClasses@@QAE@PBD@Z 04005b0e f   MQ2Main:MQ2Main.dll
 0001:00004b14       ?GetClassDesc@CEverQuest@EQClasses@@QAEPADH@Z 04005b14 f   MQ2Main:MQ2Main.dll
 0001:00004b1a       ?AppendSTML@CStmlWnd@EQClasses@@QAE?AVCXSize@2@VCXStr@2@@Z 04005b1a f   MQ2Main:MQ2Main.dll
 0001:00004b20       ?IsStackable@EQ_Item@EQClasses@@QAE_NXZ 04005b20 f   MQ2Main:MQ2Main.dll
 0001:00004b26       _AddDetourf                04005b26 f   MQ2Main:MQ2Main.dll
 0001:00004b2c       _RemoveDetour              04005b2c f   MQ2Main:MQ2Main.dll
 0001:00004b32       _WriteChatColor            04005b32 f   MQ2Main:MQ2Main.dll
 0001:00004b38       _AddCommand                04005b38 f   MQ2Main:MQ2Main.dll
 0001:00004b3e       _RemoveCommand             04005b3e f   MQ2Main:MQ2Main.dll
 0001:00004b44       _AddMQ2Data                04005b44 f   MQ2Main:MQ2Main.dll
 0001:00004b4a       _RemoveMQ2Data             04005b4a f   MQ2Main:MQ2Main.dll
 0001:00004b50       _DebugSpewAlways           04005b50 f   MQ2Main:MQ2Main.dll
 0001:00004b56       _GetArg                    04005b56 f   MQ2Main:MQ2Main.dll
 0001:00004b5c       _AppendCXStr               04005b5c f   MQ2Main:MQ2Main.dll
 0001:00004b62       _GetCXStr                  04005b62 f   MQ2Main:MQ2Main.dll
 0001:00004b68       _GetItemFromContents       04005b68 f   MQ2Main:MQ2Main.dll
 0001:00004b6e       _GetSpellDuration          04005b6e f   MQ2Main:MQ2Main.dll
 0001:00004b74       _ShowSpellSlotInfo         04005b74 f   MQ2Main:MQ2Main.dll
 0001:00004b7a       _GetLDoNTheme              04005b7a f   MQ2Main:MQ2Main.dll
 0001:00004b80       _GetItemTimer              04005b80 f   MQ2Main:MQ2Main.dll
 0001:00004b86       __get_purecall_handler     04005b86 f   LIBCMT:purevirt.obj
 0001:00004b93       __purecall                 04005b93 f   LIBCMT:purevirt.obj
 0001:00004bb5       __set_purecall_handler     04005bb5 f   LIBCMT:purevirt.obj
 0001:00004bda       ??2@YAPAXI@Z               04005bda f   LIBCMT:new.obj
 0001:00004c2b       ??3@YAXPAX@Z               04005c2b f   LIBCMT:delete.obj
 0001:00004c30       ___onexitinit              04005c30 f   LIBCMT:onexit.obj
 0001:00004c5f       __onexit                   04005c5f f   LIBCMT:onexit.obj
 0001:00004d5b       _atexit                    04005d5b f   LIBCMT:onexit.obj
 0001:00004d70       _memchr                    04005d70 f   LIBCMT:memchr.obj
 0001:00004e20       _memmove                   04005e20 f   LIBCMT:memmove.obj
 0001:00005470       _strstr                    04006470 f   LIBCMT:strstr.obj
 0001:000056d3       __scprintf                 040066d3 f   LIBCMT:sprintf.obj
 0001:000056e6       __scprintf_l               040066e6 f   LIBCMT:sprintf.obj
 0001:000056fd       __scprintf_p               040066fd f   LIBCMT:sprintf.obj
 0001:00005710       __scprintf_p_l             04006710 f   LIBCMT:sprintf.obj
 0001:00005727       __snprintf_s               04006727 f   LIBCMT:sprintf.obj
 0001:00005746       __snprintf_s_l             04006746 f   LIBCMT:sprintf.obj
 0001:00005766       __sprintf_l                04006766 f   LIBCMT:sprintf.obj
 0001:00005780       __sprintf_p                04006780 f   LIBCMT:sprintf.obj
 0001:0000579c       __sprintf_p_l              0400679c f   LIBCMT:sprintf.obj
 0001:000057b9       __sprintf_s_l              040067b9 f   LIBCMT:sprintf.obj
 0001:000057d6       _sprintf                   040067d6 f   LIBCMT:sprintf.obj
 0001:0000585a       _sprintf_s                 0400685a f   LIBCMT:sprintf.obj
 0001:00005876       __atoi64                   04006876 f   LIBCMT:atox.obj
 0001:0000588a       __atoi64_l                 0400688a f   LIBCMT:atox.obj
 0001:000058a1       __atoi_l                   040068a1 f   LIBCMT:atox.obj
 0001:000058aa       __atol_l                   040068aa f   LIBCMT:atox.obj
 0001:000058c1       __atoll_l                  040068c1 f   LIBCMT:atox.obj
 0001:000058d8       _atoi                      040068d8 f   LIBCMT:atox.obj
 0001:000058e1       _atol                      040068e1 f   LIBCMT:atox.obj
 0001:000058f5       _atoll                     040068f5 f   LIBCMT:atox.obj
 0001:00005909       __cabs                     04006909 f   LIBCMT:hypot.obj
 0001:00005928       __hypot                    04006928 f   LIBCMT:hypot.obj
 0001:00005b93       __CxxThrowException@8      04006b93 f   LIBCMT:throw.obj
 0001:00005cc6       ?_CallCatchBlock2@@YAPAXPAUEHRegistrationNode@@PBU_s_FuncInfo@@PAXHK@Z 04006cc6 f   LIBCMT:_trnsctrl_.obj
 0001:00005d26       ?_CallMemberFunction0@@YGXPAX0@Z 04006d26 f   LIBCMT:_trnsctrl_.obj
 0001:00005d2d       ?_CallMemberFunction1@@YGXPAX00@Z 04006d2d f   LIBCMT:_trnsctrl_.obj
 0001:00005d34       ?_CallMemberFunction2@@YGXPAX00H@Z 04006d34 f   LIBCMT:_trnsctrl_.obj
 0001:00005d3b       ?_CallSETranslator@@YAHPAUEHExceptionRecord@@PAUEHRegistrationNode@@PAX2PBU_s_FuncInfo@@H1@Z 04006d3b f   LIBCMT:_trnsctrl_.obj
 0001:00005e12       ?_GetRangeOfTrysToCheck@@YAPBU_s_TryBlockMapEntry@@PBU_s_FuncInfo@@HHPAI1@Z 04006e12 f   LIBCMT:_trnsctrl_.obj
 0001:00005e90       ?_JumpToContinuation@@YGXPAXPAUEHRegistrationNode@@@Z 04006e90 f   LIBCMT:_trnsctrl_.obj
 0001:00005ec2       ?_UnwindNestedFrames@@YGXPAUEHRegistrationNode@@PAUEHExceptionRecord@@@Z 04006ec2 f   LIBCMT:_trnsctrl_.obj
 0001:00005f17       __CreateFrameInfo          04006f17 f   LIBCMT:_trnsctrl_.obj
 0001:00005f41       __FindAndUnlinkFrame       04006f41 f   LIBCMT:_trnsctrl_.obj
 0001:00005f91       __IsExceptionObjectToBeDestroyed 04006f91 f   LIBCMT:_trnsctrl_.obj
 0001:00005fba       ___CxxFrameHandler         04006fba f   LIBCMT:_trnsctrl_.obj
 0001:00005ff0       ___CxxFrameHandler2        04006ff0 f   LIBCMT:_trnsctrl_.obj
 0001:00006026       ___CxxFrameHandler3        04007026 f   LIBCMT:_trnsctrl_.obj
 0001:0000605c       ___CxxLongjmpUnwind@4      0400705c f   LIBCMT:_trnsctrl_.obj
 0001:00006080       __alloca_probe             04007080 f   LIBCMT:chkstk.obj
 0001:00006080       __chkstk                   04007080 f   LIBCMT:chkstk.obj
 0001:000060b0       _memcpy                    040070b0 f   LIBCMT:memcpy.obj
 0001:00006700       _memset                    04007700 f   LIBCMT:memset.obj
 0001:00006790       ??0type_info@@AAE@ABV0@@Z  04007790 f   LIBCMT:typinfo.obj
 0001:0000679b       ??1type_info@@UAE@XZ       0400779b f   LIBCMT:typinfo.obj
 0001:000067a9       ??4type_info@@AAEAAV0@ABV0@@Z 040077a9 f   LIBCMT:typinfo.obj
 0001:000067ae       ??8type_info@@QBE_NABV0@@Z 040077ae f   LIBCMT:typinfo.obj
 0001:000067cc       ??9type_info@@QBE_NABV0@@Z 040077cc f   LIBCMT:typinfo.obj
 0001:000067eb       ??_Etype_info@@UAEPAXI@Z   040077eb f i LIBCMT:typinfo.obj
 0001:000067eb       ??_Gtype_info@@UAEPAXI@Z   040077eb f i LIBCMT:typinfo.obj
 0001:0000680a       ?_name_internal_method@type_info@@QBEPBDPAU__type_info_node@@@Z 0400780a f   LIBCMT:typinfo.obj
 0001:0000681c       ?_type_info_dtor_internal_method@type_info@@QAEXXZ 0400781c f   LIBCMT:typinfo.obj
 0001:00006824       ?before@type_info@@QBE_NABV1@@Z 04007824 f   LIBCMT:typinfo.obj
 0001:00006844       ?name@type_info@@QBEPBDPAU__type_info_node@@@Z 04007844 f   LIBCMT:typinfo.obj
 0001:00006856       ?raw_name@type_info@@QBEPBDXZ 04007856 f   LIBCMT:typinfo.obj
 0001:0000685a       __fpmath                   0400785a f   LIBCMT:fpinit.obj
 0001:00006871       ___setfflag                04007871 f   LIBCMT:fpinit.obj
 0001:00006884       __cfltcvt_init             04007884 f   LIBCMT:fpinit.obj
 0001:000068e4       __CRT_INIT@12              040078e4 f   LIBCMT:dllcrt0.obj
 0001:00006a56       __DllMainCRTStartup@12     04007a56 f   LIBCMT:dllcrt0.obj
 0001:00006b87       ___DllXcptFilter           04007b87 f   LIBCMT:dllcrt0.obj
 0001:00006bb0       _strlen                    04007bb0 f   LIBCMT:strlen.obj
 0001:00006c3b       ??0__non_rtti_object@std@@QAE@ABV01@@Z 04007c3b f   LIBCMT:stdexcpt.obj
 0001:00006c56       ??0__non_rtti_object@std@@QAE@PBD@Z 04007c56 f   LIBCMT:stdexcpt.obj
 0001:00006c71       ??0bad_cast@std@@QAE@ABV01@@Z 04007c71 f   LIBCMT:stdexcpt.obj
 0001:00006c8c       ??0bad_cast@std@@QAE@PBD@Z 04007c8c f   LIBCMT:stdexcpt.obj
 0001:00006ca8       ??0bad_typeid@std@@QAE@ABV01@@Z 04007ca8 f   LIBCMT:stdexcpt.obj
 0001:00006cc3       ??0bad_typeid@std@@QAE@PBD@Z 04007cc3 f   LIBCMT:stdexcpt.obj
 0001:00006cdf       ??0exception@std@@QAE@ABQBD@Z 04007cdf f   LIBCMT:stdexcpt.obj
 0001:00006d04       ??0exception@std@@QAE@ABQBDH@Z 04007d04 f   LIBCMT:stdexcpt.obj
 0001:00006d1f       ??0exception@std@@QAE@ABV01@@Z 04007d1f f   LIBCMT:stdexcpt.obj
 0001:00006d42       ??0exception@std@@QAE@XZ   04007d42 f   LIBCMT:stdexcpt.obj
 0001:00006d53       ??1__non_rtti_object@std@@UAE@XZ 04007d53 f   LIBCMT:stdexcpt.obj
 0001:00006d5e       ??1bad_cast@std@@UAE@XZ    04007d5e f   LIBCMT:stdexcpt.obj
 0001:00006d69       ??1bad_typeid@std@@UAE@XZ  04007d69 f   LIBCMT:stdexcpt.obj
 0001:00006d74       ??1exception@std@@UAE@XZ   04007d74 f   LIBCMT:stdexcpt.obj
 0001:00006d7f       ??4exception@std@@QAEAAV01@ABV01@@Z 04007d7f f   LIBCMT:stdexcpt.obj
 0001:00006db2       ??_E__non_rtti_object@std@@UAEPAXI@Z 04007db2 f i LIBCMT:stdexcpt.obj
 0001:00006db2       ??_G__non_rtti_object@std@@UAEPAXI@Z 04007db2 f i LIBCMT:stdexcpt.obj
 0001:00006dd7       ??_Ebad_cast@std@@UAEPAXI@Z 04007dd7 f i LIBCMT:stdexcpt.obj
 0001:00006dd7       ??_Gbad_cast@std@@UAEPAXI@Z 04007dd7 f i LIBCMT:stdexcpt.obj
 0001:00006dfc       ??_Ebad_typeid@std@@UAEPAXI@Z 04007dfc f i LIBCMT:stdexcpt.obj
 0001:00006dfc       ??_Gbad_typeid@std@@UAEPAXI@Z 04007dfc f i LIBCMT:stdexcpt.obj
 0001:00006e21       ??_Gexception@std@@UAEPAXI@Z 04007e21 f i LIBCMT:stdexcpt.obj
 0001:00006e21       ??_Eexception@std@@UAEPAXI@Z 04007e21 f i LIBCMT:stdexcpt.obj
 0001:00006e46       ?_Copy_str@exception@std@@AAEXPBD@Z 04007e46 f   LIBCMT:stdexcpt.obj
 0001:00006e84       ?_Tidy@exception@std@@AAEXXZ 04007e84 f   LIBCMT:stdexcpt.obj
 0001:00006ea0       ?what@exception@std@@UBEPBDXZ 04007ea0 f   LIBCMT:stdexcpt.obj
 0001:00006ead       @__security_check_cookie@4 04007ead f   LIBCMT:secchk.obj
 0001:00006ebc       __EH_epilog3               04007ebc f   LIBCMT:ehprolg3.obj
 0001:00006ed0       __EH_epilog3_GS            04007ed0 f   LIBCMT:ehprolg3.obj
 0001:00006edf       __EH_epilog3_catch_GS      04007edf f   LIBCMT:ehprolg3.obj
 0001:00006eee       __EH_prolog3               04007eee f   LIBCMT:ehprolg3.obj
 0001:00006f21       __EH_prolog3_GS            04007f21 f   LIBCMT:ehprolg3.obj
 0001:00006f57       __EH_prolog3_catch         04007f57 f   LIBCMT:ehprolg3.obj
 0001:00006f8d       __EH_prolog3_catch_GS      04007f8d f   LIBCMT:ehprolg3.obj
 0001:00006fc6       __set_abort_behavior       04007fc6 f   LIBCMT:abort.obj
 0001:00006fe5       _abort                     04007fe5 f   LIBCMT:abort.obj
 0001:00007028       ___getlocaleinfo           04008028 f   LIBCMT:inithelp.obj
 0001:00007201       __initp_misc_purevirt      04008201 f   LIBCMT:inithelp.obj
 0001:0000720e       __invoke_watson_if_error   0400820e f i LIBCMT:inithelp.obj
 0001:0000722e       __heap_alloc               0400822e f i LIBCMT:malloc.obj
 0001:0000726b       _malloc                    0400826b f   LIBCMT:malloc.obj
 0001:000072fd       ?_query_new_handler@@YAP6AHI@ZXZ 040082fd f   LIBCMT:handler.obj
 0001:0000730a       ?_set_new_handler@@YAP6AHI@ZH@Z 0400830a f   LIBCMT:handler.obj
 0001:00007313       ?_set_new_handler@@YAP6AHI@ZP6AHI@Z@Z 04008313 f   LIBCMT:handler.obj
 0001:00007348       __callnewh                 04008348 f   LIBCMT:handler.obj
 0001:0000736e       __initp_heap_handler       0400836e f   LIBCMT:handler.obj
 0001:0000737b       _free                      0400837b f   LIBCMT:free.obj
 0001:000073b3       ___copy_path_to_wide_string 040083b3 f   LIBCMT:crt0dat.obj
 0001:00007465       ___copy_to_char            04008465 f   LIBCMT:crt0dat.obj
 0001:0000751a       ___crtCorExitProcess       0400851a f   LIBCMT:crt0dat.obj
 0001:0000754e       ___crtExitProcess          0400854e f   LIBCMT:crt0dat.obj
 0001:00007564       ___freeCrtMemory           04008564 f   LIBCMT:crt0dat.obj
 0001:00007671       __amsg_exit                04008671 f   LIBCMT:crt0dat.obj
 0001:0000768d       __c_exit                   0400868d f   LIBCMT:crt0dat.obj
 0001:0000769c       __cexit                    0400869c f   LIBCMT:crt0dat.obj
 0001:000076ab       __cinit                    040086ab f   LIBCMT:crt0dat.obj
 0001:0000772f       __exit                     0400872f f   LIBCMT:crt0dat.obj
 0001:00007743       __exit_app                 04008743 f   LIBCMT:crt0dat.obj
 0001:00007751       __get_pgmptr               04008751 f   LIBCMT:crt0dat.obj
 0001:00007780       __get_wpgmptr              04008780 f   LIBCMT:crt0dat.obj
 0001:000077af       __init_pointers            040087af f   LIBCMT:crt0dat.obj
 0001:0000781d       __initterm_e               0400881d f   LIBCMT:crt0dat.obj
 0001:0000783f       __lockexit                 0400883f f   LIBCMT:crt0dat.obj
 0001:00007848       __unlockexit               04008848 f   LIBCMT:crt0dat.obj
 0001:00007980       _exit                      04008980 f   LIBCMT:crt0dat.obj
 0001:00007994       __msize                    04008994 f   LIBCMT:msize.obj
 0001:000079c5       __calloc_crt               040089c5 f   LIBCMT:crtheap.obj
 0001:00007a0d       __malloc_crt               04008a0d f   LIBCMT:crtheap.obj
 0001:00007a54       __realloc_crt              04008a54 f   LIBCMT:crtheap.obj
 0001:00007a9e       __recalloc_crt             04008a9e f   LIBCMT:crtheap.obj
 0001:00007aec       __set_malloc_crt_max_wait  04008aec f   LIBCMT:crtheap.obj
 0001:00007aff       _wait_a_bit                04008aff f i LIBCMT:crtheap.obj
 0001:00007b30       __SEH_prolog4              04008b30 f   LIBCMT:sehprolg4.obj
 0001:00007b75       __SEH_epilog4              04008b75 f   LIBCMT:sehprolg4.obj
 0001:00007bd0       __except_handler4          04008bd0 f   LIBCMT:chandler4.obj
 0001:00007d64       ___isa_available_init      04008d64 f   LIBCMT:cpu_disp.obj
 0001:00007ee0       _strchr                    04008ee0 f   LIBCMT:strchr.obj
 0001:00007f4e       ___from_strstr_to_strchr   04008f4e     LIBCMT:strchr.obj
 0001:0000800b       ?_invalid_parameter@@YAXPBG00II@Z 0400900b f   LIBCMT:invarg.obj
 0001:00008010       ?_invoke_watson@@YAXPBG00II@Z 04009010 f   LIBCMT:invarg.obj
 0001:00008028       __call_reportfault         04009028 f   LIBCMT:invarg.obj
 0001:0000814d       __get_invalid_parameter_handler 0400914d f   LIBCMT:invarg.obj
 0001:0000815a       __initp_misc_invarg        0400915a f   LIBCMT:invarg.obj
 0001:00008167       __invalid_parameter        04009167 f   LIBCMT:invarg.obj
 0001:00008192       __invalid_parameter_noinfo 04009192 f   LIBCMT:invarg.obj
 0001:000081a2       __invalid_parameter_noinfo_noreturn 040091a2 f   LIBCMT:invarg.obj
 0001:000081bd       __invoke_watson            040091bd f   LIBCMT:invarg.obj
 0001:000081e8       __set_invalid_parameter_handler 040091e8 f   LIBCMT:invarg.obj
 0001:0000820d       __flsbuf                   0400920d f   LIBCMT:_flsbuf.obj
 0001:0000835c       __vscprintf                0400935c f   LIBCMT:vsprintf.obj
 0001:00008376       __vscprintf_helper         04009376 f   LIBCMT:vsprintf.obj
 0001:000083d2       __vscprintf_l              040093d2 f   LIBCMT:vsprintf.obj
 0001:000083ed       __vscprintf_p              040093ed f   LIBCMT:vsprintf.obj
 0001:00008407       __vscprintf_p_l            04009407 f   LIBCMT:vsprintf.obj
 0001:00008422       __vsprintf_l               04009422 f   LIBCMT:vsprintf.obj
 0001:000084a6       _vsprintf                  040094a6 f   LIBCMT:vsprintf.obj
 0001:000084be       __vsnprintf_c              040094be f   LIBCMT:vsnprnc.obj
 0001:000084e5       __vsnprintf_c_l            040094e5 f   LIBCMT:vsnprnc.obj
 0001:0000850d       __vsnprintf_helper         0400950d f   LIBCMT:vsnprnc.obj
 0001:000085d7       __vsnprintf_s              040095d7 f   LIBCMT:vsnprnc.obj
 0001:000085f5       __vsnprintf_s_l            040095f5 f   LIBCMT:vsnprnc.obj
 0001:000086f5       __vsprintf_p               040096f5 f   LIBCMT:vsnprnc.obj
 0001:0000871c       __vsprintf_p_l             0400971c f   LIBCMT:vsnprnc.obj
 0001:00008744       __vsprintf_s_l             04009744 f   LIBCMT:vsnprnc.obj
 0001:000087b9       _vsprintf_s                040097b9 f   LIBCMT:vsnprnc.obj
 0001:000087d4       ??0_LocaleUpdate@@QAE@PAUlocaleinfo_struct@@@Z 040097d4 f i LIBCMT:output.obj
 0001:0000885c       ??1_LocaleUpdate@@QAE@XZ   0400985c f i LIBCMT:output.obj
 0001:0000886a       ?GetLocaleT@_LocaleUpdate@@QAEPAUlocaleinfo_struct@@XZ 0400986a f i LIBCMT:output.obj
 0001:0000886d       __output_l                 0400986d f   LIBCMT:output.obj
 0001:000093ed       _get_int64_arg             0400a3ed f i LIBCMT:output.obj
 0001:00009400       _get_int_arg               0400a400 f i LIBCMT:output.obj
 0001:00009410       _get_short_arg             0400a410 f i LIBCMT:output.obj
 0001:0000950d       ___doserrno                0400a50d f   LIBCMT:dosmap.obj
 0001:00009520       __dosmaperr                0400a520 f   LIBCMT:dosmap.obj
 0001:00009541       __errno                    0400a541 f   LIBCMT:dosmap.obj
 0001:00009554       __get_doserrno             0400a554 f   LIBCMT:dosmap.obj
 0001:00009577       __get_errno                0400a577 f   LIBCMT:dosmap.obj
 0001:0000959a       __get_errno_from_oserr     0400a59a f   LIBCMT:dosmap.obj
 0001:000095db       __set_doserrno             0400a5db f   LIBCMT:dosmap.obj
 0001:000095fa       __set_errno                0400a5fa f   LIBCMT:dosmap.obj
 0001:00009889       __strtof_l                 0400a889 f   LIBCMT:strtoq.obj
 0001:000098a9       __strtoi64                 0400a8a9 f   LIBCMT:strtoq.obj
 0001:000098d3       __strtoi64_l               0400a8d3 f   LIBCMT:strtoq.obj
 0001:000098ee       __strtoimax_l              0400a8ee f   LIBCMT:strtoq.obj
 0001:000098f7       __strtold_l                0400a8f7 f   LIBCMT:strtoq.obj
 0001:00009900       __strtoll_l                0400a900 f   LIBCMT:strtoq.obj
 0001:00009909       __strtoui64                0400a909 f   LIBCMT:strtoq.obj
 0001:00009933       __strtoui64_l              0400a933 f   LIBCMT:strtoq.obj
 0001:0000994e       __strtoull_l               0400a94e f   LIBCMT:strtoq.obj
 0001:00009957       __strtoumax_l              0400a957 f   LIBCMT:strtoq.obj
 0001:00009960       _strtof                    0400a960 f   LIBCMT:strtoq.obj
 0001:0000997f       _strtoimax                 0400a97f f   LIBCMT:strtoq.obj
 0001:00009988       _strtold                   0400a988 f   LIBCMT:strtoq.obj
 0001:00009991       _strtoll                   0400a991 f   LIBCMT:strtoq.obj
 0001:0000999a       _strtoull                  0400a99a f   LIBCMT:strtoq.obj
 0001:000099a3       _strtoumax                 0400a9a3 f   LIBCMT:strtoq.obj
 0001:00009bd2       __strtol_l                 0400abd2 f   LIBCMT:strtol.obj
 0001:00009bed       __strtoul_l                0400abed f   LIBCMT:strtol.obj
 0001:00009c08       _strtol                    0400ac08 f   LIBCMT:strtol.obj
 0001:00009c32       _strtoul                   0400ac32 f   LIBCMT:strtol.obj
 0001:00009c60       __CIsqrt                   0400ac60 f   LIBCMT:sqrt.obj
 0001:00009c74       _sqrt                      0400ac74     LIBCMT:sqrt.obj
 0001:00009d1a       __add_exp                  0400ad1a f   LIBCMT:util.obj
 0001:00009d49       __decomp                   0400ad49 f   LIBCMT:util.obj
 0001:00009e1b       __get_exp                  0400ae1b f   LIBCMT:util.obj
 0001:00009e34       __set_bexp                 0400ae34 f   LIBCMT:util.obj
 0001:00009e5d       __set_exp                  0400ae5d f   LIBCMT:util.obj
 0001:00009e8c       __sptype                   0400ae8c f   LIBCMT:util.obj
 0001:00009ee7       __errcode                  0400aee7 f   LIBCMT:fpexcept.obj
 0001:00009f19       __except1                  0400af19 f   LIBCMT:fpexcept.obj
 0001:00009fe4       __except2                  0400afe4 f   LIBCMT:fpexcept.obj
 0001:0000a0e4       __handle_exc               0400b0e4 f   LIBCMT:fpexcept.obj
 0001:0000a2c2       __handle_qnan1             0400b2c2 f   LIBCMT:fpexcept.obj
 0001:0000a312       __handle_qnan2             0400b312 f   LIBCMT:fpexcept.obj
 0001:0000a372       __raise_exc                0400b372 f   LIBCMT:fpexcept.obj
 0001:0000a393       __raise_exc_ex             0400b393 f   LIBCMT:fpexcept.obj
 0001:0000a678       __raise_excf               0400b678 f   LIBCMT:fpexcept.obj
 0001:0000a699       __set_errno_from_matherr   0400b699 f   LIBCMT:fpexcept.obj
 0001:0000a6c6       __umatherr                 0400b6c6 f   LIBCMT:fpexcept.obj
 0001:0000a766       ___clrfp_sse2              0400b766 f   LIBCMT:fpctrl.obj
 0001:0000a787       ___ctrlfp_sse2             0400b787 f   LIBCMT:fpctrl.obj
 0001:0000a7c0       ___fclrf_sse2              0400b7c0 f   LIBCMT:fpctrl.obj
 0001:0000a7dd       ___get_fpsr_sse2           0400b7dd f   LIBCMT:fpctrl.obj
 0001:0000a7f9       ___set_fpsr_sse2           0400b7f9 f   LIBCMT:fpctrl.obj
 0001:0000a86f       ___set_statfp_sse2         0400b86f f   LIBCMT:fpctrl.obj
 0001:0000a888       ___statfp_sse2             0400b888 f   LIBCMT:fpctrl.obj
 0001:0000a89d       __clrfp                    0400b89d f   LIBCMT:fpctrl.obj
 0001:0000a8ae       __ctrlfp                   0400b8ae f   LIBCMT:fpctrl.obj
 0001:0000a8d9       __set_statfp               0400b8d9 f   LIBCMT:fpctrl.obj
 0001:0000a931       __statfp                   0400b931 f   LIBCMT:fpctrl.obj
 0001:0000a941       ___get_flsindex            0400b941 f   LIBCMT:tidtable.obj
 0001:0000a947       ___threadhandle            0400b947 f   LIBCMT:tidtable.obj
 0001:0000a94d       ___threadid                0400b94d f   LIBCMT:tidtable.obj
 0001:0000a953       __freefls@4                0400b953 f   LIBCMT:tidtable.obj
 0001:0000aa88       __freeptd                  0400ba88 f   LIBCMT:tidtable.obj
 0001:0000aabe       __getptd                   0400babe f   LIBCMT:tidtable.obj
 0001:0000aad6       __getptd_noexit            0400bad6 f   LIBCMT:tidtable.obj
 0001:0000ab45       __initptd                  0400bb45 f   LIBCMT:tidtable.obj
 0001:0000abf8       __mtinit                   0400bbf8 f   LIBCMT:tidtable.obj
 0001:0000ac6e       __mtterm                   0400bc6e f   LIBCMT:tidtable.obj
 0001:0000ac90       __CallSettingFrame@12      0400bc90 f   LIBCMT:lowhelpr.obj
 0001:0000acb7       __NLG_Return               0400bcb7     LIBCMT:lowhelpr.obj
 0001:0000acdc       ?_inconsistency@@YAXXZ     0400bcdc f   LIBCMT:hooks.obj
 0001:0000ad14       ?terminate@@YAXXZ          0400bd14 f   LIBCMT:hooks.obj
 0001:0000ad48       ?unexpected@@YAXXZ         0400bd48 f   LIBCMT:hooks.obj
 0001:0000ad5b       __initp_eh_hooks           0400bd5b f   LIBCMT:hooks.obj
 0001:0000ad6c       ___DestructExceptionObject 0400bd6c f   LIBCMT:frame.obj
 0001:0000adf7       ??0bad_exception@std@@QAE@ABV01@@Z 0400bdf7 f i LIBCMT:frame.obj
 0001:0000ae12       ??0bad_exception@std@@QAE@PBD@Z 0400be12 f i LIBCMT:frame.obj
 0001:0000ae2e       ??1bad_exception@std@@UAE@XZ 0400be2e f i LIBCMT:frame.obj
 0001:0000ae39       ??_Gbad_exception@std@@UAEPAXI@Z 0400be39 f i LIBCMT:frame.obj
 0001:0000ae39       ??_Ebad_exception@std@@UAEPAXI@Z 0400be39 f i LIBCMT:frame.obj
 0001:0000b6a6       ?__uncaught_exception@@YA_NXZ 0400c6a6 f   LIBCMT:frame.obj
 0001:0000b6b7       ?_is_exception_typeof@@YAHABVtype_info@@PAU_EXCEPTION_POINTERS@@@Z 0400c6b7 f   LIBCMT:frame.obj
 0001:0000b73e       __SetWinRTOutOfMemoryExceptionCallback 0400c73e f   LIBCMT:frame.obj
 0001:0000b74b       ___AdjustPointer           0400c74b f   LIBCMT:frame.obj
 0001:0000b770       ___BuildCatchObject        0400c770 f   LIBCMT:frame.obj
 0001:0000b7fe       ___BuildCatchObjectHelper  0400c7fe f   LIBCMT:frame.obj
 0001:0000b9c0       ___CxxDetectRethrow        0400c9c0 f   LIBCMT:frame.obj
 0001:0000ba0f       ___CxxExceptionFilter      0400ca0f f   LIBCMT:frame.obj
 0001:0000bb69       ___CxxQueryExceptionSize   0400cb69 f   LIBCMT:frame.obj
 0001:0000bb6d       ___CxxRegisterExceptionObject 0400cb6d f   LIBCMT:frame.obj
 0001:0000bc24       ___CxxUnregisterExceptionObject 0400cc24 f   LIBCMT:frame.obj
 0001:0000bd61       ___FrameUnwindFilter       0400cd61 f   LIBCMT:frame.obj
 0001:0000bdaf       ___FrameUnwindToState      0400cdaf f   LIBCMT:frame.obj
 0001:0000be88       ___GetPlatformExceptionInfo 0400ce88 f   LIBCMT:frame.obj
 0001:0000bedd       ___InternalCxxFrameHandler 0400cedd f   LIBCMT:frame.obj
 0001:0000bfbe       ___TypeMatch               0400cfbe f   LIBCMT:frame.obj
 0001:0000c025       __VEC_memset               0400d025 f   LIBCMT:p4_memset.obj
 0001:0000c0f0       _strcmp                    0400d0f0 f   LIBCMT:strcmp.obj
 0001:0000c17c       ?_Name_base@type_info@@CAPBDPBV1@PAU__type_info_node@@@Z 0400d17c f   LIBCMT:typname.obj
 0001:0000c26d       ?_Name_base_internal@type_info@@CAPBDPBV1@PAU__type_info_node@@@Z 0400d26d f   LIBCMT:typname.obj
 0001:0000c377       ?_Type_info_dtor@type_info@@CAXPAV1@@Z 0400d377 f   LIBCMT:typname.obj
 0001:0000c3e8       ?_Type_info_dtor_internal@type_info@@CAXPAV1@@Z 0400d3e8 f   LIBCMT:typname.obj
 0001:0000c459       ___clean_type_info_names_internal 0400d459 f   LIBCMT:typname.obj
 0001:0000c4ac       ___unDNameHelper           0400d4ac f   LIBCMT:typname.obj
 0001:0000c4da       ?strrchr@@YAPADPADH@Z      0400d4da f i LIBCMT:cvt.obj
 0001:0000c4e3       __cfltcvt                  0400d4e3 f   LIBCMT:cvt.obj
 0001:0000c504       __cfltcvt_l                0400d504 f   LIBCMT:cvt.obj
 0001:0000c58a       __cftoa                    0400d58a f   LIBCMT:cvt.obj
 0001:0000c5a8       __cftoa_l                  0400d5a8 f   LIBCMT:cvt.obj
 0001:0000c904       __cftoe                    0400d904 f   LIBCMT:cvt.obj
 0001:0000ca73       __cftoe_l                  0400da73 f   LIBCMT:cvt.obj
 0001:0000cb41       __cftof                    0400db41 f   LIBCMT:cvt.obj
 0001:0000cc48       __cftof_l                  0400dc48 f   LIBCMT:cvt.obj
 0001:0000cd09       __cftog                    0400dd09 f   LIBCMT:cvt.obj
 0001:0000cd27       __cftog_l                  0400dd27 f   LIBCMT:cvt.obj
 0001:0000ce26       __cropzeros                0400de26 f   LIBCMT:cvt.obj
 0001:0000ce37       __cropzeros_l              0400de37 f   LIBCMT:cvt.obj
 0001:0000ceb7       __fassign                  0400deb7 f   LIBCMT:cvt.obj
 0001:0000cecf       __fassign_l                0400decf f   LIBCMT:cvt.obj
 0001:0000cf11       __forcdecpt                0400df11 f   LIBCMT:cvt.obj
 0001:0000cf22       __forcdecpt_l              0400df22 f   LIBCMT:cvt.obj
 0001:0000cf96       __positive                 0400df96 f   LIBCMT:cvt.obj
 0001:0000cfd8       __setdefaultprecision      0400dfd8 f   LIBCMT:fp8.obj
 0001:0000cfff       __initp_misc_cfltcvt_tab   0400dfff f   LIBCMT:cmiscdat.obj
 0001:0000d01e       __XcptFilter               0400e01e f   LIBCMT:winxfltr.obj
 0001:0000d179       ___CppXcptFilter           0400e179 f   LIBCMT:winxfltr.obj
 0001:0000d1cb       __get_heap_handle          0400e1cb f   LIBCMT:heapinit.obj
 0001:0000d1d1       __heap_init                0400e1d1 f   LIBCMT:heapinit.obj
 0001:0000d1e6       __heap_term                0400e1e6 f   LIBCMT:heapinit.obj
 0001:0000d1ee       __ioinit                   0400e1ee f   LIBCMT:ioinit.obj
 0001:0000d4a2       __ioterm                   0400e4a2 f   LIBCMT:ioinit.obj
 0001:0000d4f4       __set_pgmptr               0400e4f4 f i LIBCMT:stdargv.obj
 0001:0000d501       __setargv                  0400e501 f   LIBCMT:stdargv.obj
 0001:0000d730       __setenvp                  0400e730 f   LIBCMT:stdenvp.obj
 0001:0000d811       ___security_init_cookie    0400e811 f   LIBCMT:gs_support.obj
 0001:0000d8ad       ___crtGetEnvironmentStringsA 0400e8ad f   LIBCMT:a_env.obj
 0001:0000d967       ___crtCloseThreadpoolTimer 0400e967 f   LIBCMT:winapisupp.obj
 0001:0000d97e       ___crtCloseThreadpoolWait  0400e97e f   LIBCMT:winapisupp.obj
 0001:0000d995       ___crtCreateEventExW       0400e995 f   LIBCMT:winapisupp.obj
 0001:0000d9d0       ___crtCreateSemaphoreExW   0400e9d0 f   LIBCMT:winapisupp.obj
 0001:0000da0a       ___crtCreateSymbolicLinkW  0400ea0a f   LIBCMT:winapisupp.obj
 0001:0000da33       ___crtCreateThreadpoolTimer 0400ea33 f   LIBCMT:winapisupp.obj
 0001:0000da54       ___crtCreateThreadpoolWait 0400ea54 f   LIBCMT:winapisupp.obj
 0001:0000da75       ___crtFlsAlloc             0400ea75 f   LIBCMT:winapisupp.obj
 0001:0000da93       ___crtFlsFree              0400ea93 f   LIBCMT:winapisupp.obj
 0001:0000dab2       ___crtFlsGetValue          0400eab2 f   LIBCMT:winapisupp.obj
 0001:0000dad1       ___crtFlsSetValue          0400ead1 f   LIBCMT:winapisupp.obj
 0001:0000daf3       ___crtFlushProcessWriteBuffers 0400eaf3 f   LIBCMT:winapisupp.obj
 0001:0000db03       ___crtFreeLibraryWhenCallbackReturns 0400eb03 f   LIBCMT:winapisupp.obj
 0001:0000db1d       ___crtGetCurrentProcessorNumber 0400eb1d f   LIBCMT:winapisupp.obj
 0001:0000db2f       ___crtGetFileInformationByHandleEx 0400eb2f f   LIBCMT:winapisupp.obj
 0001:0000db5b       ___crtGetLogicalProcessorInformation 0400eb5b f   LIBCMT:winapisupp.obj
 0001:0000db81       ___crtGetShowWindowMode    0400eb81 f   LIBCMT:winapisupp.obj
 0001:0000dba4       ___crtGetTickCount64       0400eba4 f   LIBCMT:winapisupp.obj
 0001:0000dbbc       ___crtInitializeCriticalSectionEx 0400ebbc f   LIBCMT:winapisupp.obj
 0001:0000dbea       ___crtIsPackagedApp        0400ebea f   LIBCMT:winapisupp.obj
 0001:0000dc2a       ___crtLoadWinApiPointers   0400ec2a f   LIBCMT:winapisupp.obj
 0001:0000deb5       ___crtSetFileInformationByHandle 0400eeb5 f   LIBCMT:winapisupp.obj
 0001:0000dee1       ___crtSetThreadStackGuarantee 0400eee1 f   LIBCMT:winapisupp.obj
 0001:0000defc       ___crtSetThreadpoolTimer   0400eefc f   LIBCMT:winapisupp.obj
 0001:0000df1c       ___crtSetThreadpoolWait    0400ef1c f   LIBCMT:winapisupp.obj
 0001:0000df39       ___crtSetUnhandledExceptionFilter 0400ef39 f   LIBCMT:winapisupp.obj
 0001:0000df47       ___crtSleep                0400ef47 f   LIBCMT:winapisupp.obj
 0001:0000df55       ___crtTerminateProcess     0400ef55 f   LIBCMT:winapisupp.obj
 0001:0000df6a       ___crtUnhandledException   0400ef6a f   LIBCMT:winapisupp.obj
 0001:0000df80       ___crtWaitForThreadpoolTimerCallbacks 0400ef80 f   LIBCMT:winapisupp.obj
 0001:0000df9a       __RTC_Initialize           0400ef9a f   LIBCMT:initsect.obj
 0001:0000dfba       __RTC_Terminate            0400efba f   LIBCMT:initsect.obj
 0001:0000dfda       _strcpy_s                  0400efda f   LIBCMT:strcpy_s.obj
 0001:0000e02f       ___raise_securityfailure   0400f02f f   LIBCMT:gs_report.obj
 0001:0000e06c       ___report_gsfailure        0400f06c f   LIBCMT:gs_report.obj
 0001:0000e167       ___report_rangecheckfailure 0400f167 f   LIBCMT:gs_report.obj
 0001:0000e173       ___report_securityfailure  0400f173 f   LIBCMT:gs_report.obj
 0001:0000e243       ___report_securityfailureEx 0400f243 f   LIBCMT:gs_report.obj
 0001:0000e359       ___fpecode                 0400f359 f   LIBCMT:winsig.obj
 0001:0000e362       ___get_sigabrt             0400f362 f   LIBCMT:winsig.obj
 0001:0000e36f       ___pxcptinfoptrs           0400f36f f   LIBCMT:winsig.obj
 0001:0000e378       __initp_misc_winsig        0400f378 f   LIBCMT:winsig.obj
 0001:0000e439       _raise                     0400f439 f   LIBCMT:winsig.obj
 0001:0000e62e       _signal                    0400f62e f   LIBCMT:winsig.obj
 0001:0000e885       _strncpy_s                 0400f885 f   LIBCMT:strncpy_s.obj
 0001:0000ea0d       __MallocaIsSizeInRange     0400fa0d f i LIBCMT:a_loc.obj
 0001:0000ea1e       __MarkAllocaS              0400fa1e f i LIBCMT:a_loc.obj
 0001:0000ea32       ___crtGetLocaleInfoA       0400fa32 f   LIBCMT:a_loc.obj
 0001:0000ea6c       __freea                    0400fa6c f i LIBCMT:a_loc.obj
 0001:0000ea8a       _GetTableIndexFromLcid     0400fa8a f   LIBCMT:winapinls.obj
 0001:0000eabf       _GetTableIndexFromLocaleName 0400fabf f   LIBCMT:winapinls.obj
 0001:0000eb0d       ___crtCompareStringEx      0400fb0d f   LIBCMT:winapinls.obj
 0001:0000eb59       ___crtDownlevelLCIDToLocaleName 0400fb59 f   LIBCMT:winapinls.obj
 0001:0000ebd5       ___crtDownlevelLocaleNameToLCID 0400fbd5 f   LIBCMT:winapinls.obj
 0001:0000ec13       ___crtEnumSystemLocalesEx  0400fc13 f   LIBCMT:winapinls.obj
 0001:0000ec50       ___crtGetDateFormatEx      0400fc50 f   LIBCMT:winapinls.obj
 0001:0000ec99       ___crtGetLocaleInfoEx      0400fc99 f   LIBCMT:winapinls.obj
 0001:0000ecc8       ___crtGetTimeFormatEx      0400fcc8 f   LIBCMT:winapinls.obj
 0001:0000ecfd       ___crtGetUserDefaultLocaleName 0400fcfd f   LIBCMT:winapinls.obj
 0001:0000ed28       ___crtIsValidLocaleName    0400fd28 f   LIBCMT:winapinls.obj
 0001:0000ed53       ___crtLCMapStringEx        0400fd53 f   LIBCMT:winapinls.obj
 0001:0000ed9f       ___wcsnicmp_ascii          0400fd9f f   LIBCMT:winapinls.obj
 0001:0000ee0d       __FF_MSGBANNER             0400fe0d f   LIBCMT:crt0msg.obj
 0001:0000ee46       __GET_RTERRMSG             0400fe46 f   LIBCMT:crt0msg.obj
 0001:0000ee6a       __NMSG_WRITE               0400fe6a f   LIBCMT:crt0msg.obj
 0001:0000f027       __lock                     04010027 f   LIBCMT:mlock.obj
 0001:0000f05b       __lockerr_exit             0401005b f   LIBCMT:mlock.obj
 0001:0000f07b       __mtdeletelocks            0401007b f   LIBCMT:mlock.obj
 0001:0000f0cf       __mtinitlocknum            040100cf f   LIBCMT:mlock.obj
 0001:0000f178       __mtinitlocks              04010178 f   LIBCMT:mlock.obj
 0001:0000f1b1       __unlock                   040101b1 f   LIBCMT:mlock.obj
 0001:0000f1d0       __FindPESection            040101d0 f   LIBCMT:pesect.obj
 0001:0000f220       __IsNonwritableInCurrentImage 04010220 f   LIBCMT:pesect.obj
 0001:0000f2e0       __ValidateImageBase        040102e0 f   LIBCMT:pesect.obj
 0001:0000f311       __initp_misc_rand_s        04010311 f   LIBCMT:rand_s.obj
 0001:0000f31e       _rand_s                    0401031e f   LIBCMT:rand_s.obj
 0001:0000f424       ___initmbctable            04010424 f   LIBCMT:mbctype.obj
 0001:0000f6db       ___updatetmbcinfo          040106db f   LIBCMT:mbctype.obj
 0001:0000f781       __getmbcp                  04010781 f   LIBCMT:mbctype.obj
 0001:0000f7b2       __setmbcp                  040107b2 f   LIBCMT:mbctype.obj
 0001:0000f95a       __setmbcp_nolock           0401095a f   LIBCMT:mbctype.obj
 0001:0000fb45       __ftbuf                    04010b45 f   LIBCMT:_sftbuf.obj
 0001:0000fb76       __stbuf                    04010b76 f   LIBCMT:_sftbuf.obj
 0001:0000fc1c       _realloc                   04010c1c f   LIBCMT:realloc.obj
 0001:0000fcc7       __recalloc                 04010cc7 f   LIBCMT:recalloc.obj
 0001:0000fd30       __calloc_impl              04010d30 f   LIBCMT:calloc_impl.obj
 0001:0000fdb0       __local_unwind4            04010db0 f   LIBCMT:exsup4.obj
 0001:0000fe86       __seh_longjmp_unwind4@4    04010e86 f   LIBCMT:exsup4.obj
 0001:0000fea2       @_EH4_CallFilterFunc@8     04010ea2 f   LIBCMT:exsup4.obj
 0001:0000feb9       @_EH4_TransferToHandler@8  04010eb9 f   LIBCMT:exsup4.obj
 0001:0000fed2       @_EH4_GlobalUnwind2@8      04010ed2 f   LIBCMT:exsup4.obj
 0001:0000feeb       @_EH4_LocalUnwind@16       04010eeb f   LIBCMT:exsup4.obj
 0001:0000ff02       __crt_debugger_hook        04010f02 f   LIBCMT:dbghook.obj
 0001:0000ff0a       ___initstdio               04010f0a f   LIBCMT:_file.obj
 0001:0000ff7d       ___endstdio                04010f7d f   LIBCMT:_file.obj
 0001:0000ffa4       ___iob_func                04010fa4 f   LIBCMT:_file.obj
 0001:0000ffaa       __lock_file                04010faa f   LIBCMT:_file.obj
 0001:0000ffe9       __lock_file2               04010fe9 f   LIBCMT:_file.obj
 0001:00010019       __unlock_file              04011019 f   LIBCMT:_file.obj
 0001:00010053       __unlock_file2             04011053 f   LIBCMT:_file.obj
 0001:00010080       __fileno                   04011080 f   LIBCMT:fileno.obj
 0001:000100a4       __isatty                   040110a4 f   LIBCMT:isatty.obj
 0001:000100f8       __write                    040110f8 f   LIBCMT:write.obj
 0001:000101e7       __write_nolock             040111e7 f   LIBCMT:write.obj
 0001:00010a4c       __lseeki64                 04011a4c f   LIBCMT:lseeki64.obj
 0001:00010b48       __lseeki64_nolock          04011b48 f   LIBCMT:lseeki64.obj
 0001:00010bbb       __getbuf                   04011bbb f   LIBCMT:_getbuf.obj
 0001:00010c01       __output_p_l               04011c01 f   LIBCMT:outputp.obj
 0001:00011f39       __validate_param_reuseA    04012f39 f   LIBCMT:outputp.obj
 0001:0001206f       _get_crtdouble_arg         0401306f f i LIBCMT:outputp.obj
 0001:0001216e       __output_s_l               0401316e f   LIBCMT:outputs.obj
 0001:00012df6       ___addlocaleref            04013df6 f   LIBCMT:localref.obj
 0001:00012e8b       ___freetlocinfo            04013e8b f   LIBCMT:localref.obj
 0001:00012fe5       ___removelocaleref         04013fe5 f   LIBCMT:localref.obj
 0001:00013085       ___updatetlocinfo          04014085 f   LIBCMT:localref.obj
 0001:00013105       __updatetlocinfoEx_nolock  04014105 f   LIBCMT:localref.obj
 0001:00013150       ___iswcsym                 04014150 f i LIBCMT:_wctype.obj
 0001:00013174       ___iswcsymf                04014174 f i LIBCMT:_wctype.obj
 0001:00013198       __isleadbyte_l             04014198 f i LIBCMT:_wctype.obj
 0001:000131d2       __iswalnum_l               040141d2 f i LIBCMT:_wctype.obj
 0001:000131e6       __iswalpha_l               040141e6 f i LIBCMT:_wctype.obj
 0001:000131fa       __iswblank_l               040141fa f i LIBCMT:_wctype.obj
 0001:00013215       __iswcntrl_l               04014215 f i LIBCMT:_wctype.obj
 0001:00013226       __iswcsym_l                04014226 f i LIBCMT:_wctype.obj
 0001:0001324a       __iswcsymf_l               0401424a f i LIBCMT:_wctype.obj
 0001:0001326e       __iswdigit_l               0401426e f i LIBCMT:_wctype.obj
 0001:0001327f       __iswgraph_l               0401427f f i LIBCMT:_wctype.obj
 0001:00013293       __iswlower_l               04014293 f i LIBCMT:_wctype.obj
 0001:000132a4       __iswprint_l               040142a4 f i LIBCMT:_wctype.obj
 0001:000132b8       __iswpunct_l               040142b8 f i LIBCMT:_wctype.obj
 0001:000132c9       __iswspace_l               040142c9 f i LIBCMT:_wctype.obj
 0001:000132da       __iswupper_l               040142da f i LIBCMT:_wctype.obj
 0001:000132eb       __iswxdigit_l              040142eb f i LIBCMT:_wctype.obj
 0001:000132ff       _isleadbyte                040142ff f i LIBCMT:_wctype.obj
 0001:00013310       _iswalnum                  04014310 f i LIBCMT:_wctype.obj
 0001:00013324       _iswalpha                  04014324 f i LIBCMT:_wctype.obj
 0001:00013338       _iswascii                  04014338 f i LIBCMT:_wctype.obj
 0001:0001334a       _iswblank                  0401434a f i LIBCMT:_wctype.obj
 0001:00013365       _iswcntrl                  04014365 f i LIBCMT:_wctype.obj
 0001:00013376       _iswdigit                  04014376 f i LIBCMT:_wctype.obj
 0001:00013387       _iswgraph                  04014387 f i LIBCMT:_wctype.obj
 0001:0001339b       _iswlower                  0401439b f i LIBCMT:_wctype.obj
 0001:000133ac       _iswprint                  040143ac f i LIBCMT:_wctype.obj
 0001:000133c0       _iswpunct                  040143c0 f i LIBCMT:_wctype.obj
 0001:000133d1       _iswspace                  040143d1 f i LIBCMT:_wctype.obj
 0001:000133e2       _iswupper                  040143e2 f i LIBCMT:_wctype.obj
 0001:000133f3       _iswxdigit                 040143f3 f i LIBCMT:_wctype.obj
 0001:00013407       __get_printf_count_output  04014407 f   LIBCMT:printf.obj
 0001:0001341c       __printf_l                 0401441c f   LIBCMT:printf.obj
 0001:00013433       __printf_p                 04014433 f   LIBCMT:printf.obj
 0001:00013449       __printf_p_l               04014449 f   LIBCMT:printf.obj
 0001:00013460       __printf_s_l               04014460 f   LIBCMT:printf.obj
 0001:00013477       __set_printf_count_output  04014477 f   LIBCMT:printf.obj
 0001:0001349f       _printf                    0401449f f   LIBCMT:printf.obj
 0001:0001354e       _printf_s                  0401454e f   LIBCMT:printf.obj
 0001:00013564       __wctomb_l                 04014564 f   LIBCMT:wctomb.obj
 0001:000135b3       __wctomb_s_l               040145b3 f   LIBCMT:wctomb.obj
 0001:000136d7       _wctomb                    040146d7 f   LIBCMT:wctomb.obj
 0001:0001370a       _wctomb_s                  0401470a f   LIBCMT:wctomb.obj
 0001:00013730       __aulldvrm                 04014730 f   LIBCMT:ulldvrm.obj
 0001:000137c5       __strtod_l                 040147c5 f   LIBCMT:strtod.obj
 0001:000138dc       _strtod                    040148dc f   LIBCMT:strtod.obj
 0001:000138f1       __isctype                  040148f1 f   LIBCMT:isctype.obj
 0001:00013920       __isctype_l                04014920 f   LIBCMT:isctype.obj
 0001:000139d1       ___crt_atoflt_l            040149d1 f   LIBCMT:atodbl.obj
 0001:00013a75       __atodbl                   04014a75 f   LIBCMT:atodbl.obj
 0001:00013a8a       __atodbl_l                 04014a8a f   LIBCMT:atodbl.obj
 0001:00013b18       __atoflt                   04014b18 f   LIBCMT:atodbl.obj
 0001:00013b2d       __atoflt_l                 04014b2d f   LIBCMT:atodbl.obj
 0001:00013b45       __atoldbl                  04014b45 f   LIBCMT:atodbl.obj
 0001:00013b5a       __atoldbl_l                04014b5a f   LIBCMT:atodbl.obj
 0001:00013bf0       __allmul                   04014bf0 f   LIBCMT:llmul.obj
 0001:00013c24       ___init_dummy              04014c24 f   LIBCMT:wsetloca.obj
 0001:00013c27       __locterm                  04014c27 f   LIBCMT:wsetloca.obj
 0001:00013c79       ____setlc_active_func      04014c79 f   LIBCMT:wsetloca.obj
 0001:00013c7f       ____unguarded_readlc_active_add_func 04014c7f f   LIBCMT:wsetloca.obj
 0001:00013c85       ___copy_locale_name        04014c85 f   LIBCMT:wsetloca.obj
 0001:00013ce9       ___create_locale           04014ce9 f   LIBCMT:wsetloca.obj
 0001:00013cf2       ___free_locale             04014cf2 f   LIBCMT:wsetloca.obj
 0001:00013cf7       ___get_current_locale      04014cf7 f   LIBCMT:wsetloca.obj
 0001:00013cfc       ___lc_lctowcs              04014cfc f   LIBCMT:wsetloca.obj
 0001:00013d6a       ___lc_wcstolc              04014d6a f   LIBCMT:wsetloca.obj
 0001:00013e96       __configthreadlocale       04014e96 f   LIBCMT:wsetloca.obj
 0001:00013f1c       __create_locale            04014f1c f   LIBCMT:wsetloca.obj
 0001:00013f7e       __expandlocale             04014f7e f   LIBCMT:wsetloca.obj
 0001:00014275       __free_locale              04015275 f   LIBCMT:wsetloca.obj
 0001:0001432c       __get_current_locale       0401532c f   LIBCMT:wsetloca.obj
 0001:000143db       __wcreate_locale           040153db f   LIBCMT:wsetloca.obj
 0001:000144b2       __wcscats                  040154b2 f   LIBCMT:wsetloca.obj
 0001:000144f1       __wsetlocale               040154f1 f   LIBCMT:wsetloca.obj
 0001:00014e40       __trandisp1                04015e40 f   LIBCMT:87disp.obj
 0001:00014ea7       __trandisp2                04015ea7 f   LIBCMT:87disp.obj
 0001:00014f33       __rttospopde               04015f33     LIBCMT:87disp.obj
 0001:00014f38       __rttospop                 04015f38     LIBCMT:87disp.obj
 0001:00014f3a       __rtnospop                 04015f3a     LIBCMT:87disp.obj
 0001:00014f3c       __rttosnpop                04015f3c     LIBCMT:87disp.obj
 0001:00014f3d       __rtnospopde               04015f3d     LIBCMT:87disp.obj
 0001:00014f44       __rtzeropop                04015f44     LIBCMT:87disp.obj
 0001:00014f46       __rtzeronpop               04015f46     LIBCMT:87disp.obj
 0001:00014f4b       __rtonepop                 04015f4b     LIBCMT:87disp.obj
 0001:00014f4d       __rtonenpop                04015f4d     LIBCMT:87disp.obj
 0001:00014f52       __tosnan1                  04015f52     LIBCMT:87disp.obj
 0001:00014f7d       __nosnan2                  04015f7d     LIBCMT:87disp.obj
 0001:00014f7f       __tosnan2                  04015f7f     LIBCMT:87disp.obj
 0001:00014fa7       __nan2                     04015fa7     LIBCMT:87disp.obj
 0001:00014fe6       __rtindfpop                04015fe6     LIBCMT:87disp.obj
 0001:00014fe8       __rtindfnpop               04015fe8     LIBCMT:87disp.obj
 0001:00014ff9       __rttosnpopde              04015ff9     LIBCMT:87disp.obj
 0001:00015003       __rtchsifneg               04016003     LIBCMT:87disp.obj
 0001:00015010       __startTwoArgErrorHandling 04016010 f   LIBCMT:genexcep.obj
 0001:00015027       __startOneArgErrorHandling 04016027 f   LIBCMT:genexcep.obj
 0001:00015070       __twoToTOS                 04016070 f   LIBCMT:common.obj
 0001:00015085       __load_CW                  04016085 f   LIBCMT:common.obj
 0001:0001509c       __convertTOStoQNaN         0401609c f   LIBCMT:common.obj
 0001:000150b5       __fload_withFB             040160b5 f   LIBCMT:common.obj
 0001:000150f8       __checkTOS_withFB          040160f8 f   LIBCMT:common.obj
 0001:0001510e       __fast_exit                0401610e f   LIBCMT:common.obj
 0001:0001511b       __math_exit                0401611b f   LIBCMT:common.obj
 0001:00015145       __check_overflow_exit      04016145 f   LIBCMT:common.obj
 0001:00015159       __check_range_exit         04016159 f   LIBCMT:common.obj
 0001:000151fc       __matherr                  040161fc f   LIBCMT:matherr.obj
 0001:00015200       __global_unwind2           04016200 f   LIBCMT:exsup.obj
 0001:00015265       __local_unwind2            04016265 f   LIBCMT:exsup.obj
 0001:000152e9       __abnormal_termination     040162e9 f   LIBCMT:exsup.obj
 0001:0001530c       __NLG_Notify1              0401630c f   LIBCMT:exsup.obj
 0001:00015315       __NLG_Notify               04016315 f   LIBCMT:exsup.obj
 0001:0001532c       __NLG_Dispatch2            0401632c     LIBCMT:exsup.obj
 0001:0001532c       __NLG_Dispatch             0401632c     LIBCMT:exsup.obj
 0001:00015334       __NLG_Call                 04016334 f   LIBCMT:exsup.obj
 0001:00015336       __NLG_Return2              04016336     LIBCMT:exsup.obj
 0001:00015337       ?_ValidateExecute@@YAHP6GHXZ@Z 04016337 f   LIBCMT:validate.obj
 0001:00015346       ?_ValidateRead@@YAHPBXI@Z  04016346 f   LIBCMT:validate.obj
 0001:00015355       ?_ValidateWrite@@YAHPAXI@Z 04016355 f   LIBCMT:validate.obj
 0001:00015364       ??0Block@_HeapManager@@QAE@XZ 04016364 f i LIBCMT:undname.obj
 0001:0001536a       ??0DName@@QAE@AAPBDD@Z     0401636a f   LIBCMT:undname.obj
 0001:00015423       ??0DName@@QAE@ABV0@@Z      04016423 f i LIBCMT:undname.obj
 0001:00015439       ??0DName@@QAE@D@Z          04016439 f   LIBCMT:undname.obj
 0001:00015465       ??0DName@@QAE@PAV0@@Z      04016465 f   LIBCMT:undname.obj
 0001:000154b2       ??0DName@@QAE@PBD@Z        040164b2 f   LIBCMT:undname.obj
 0001:000154ec       ??0DName@@QAE@W4DNameStatus@@@Z 040164ec f   LIBCMT:undname.obj
 0001:0001552f       ??0DName@@QAE@XZ           0401652f f i LIBCMT:undname.obj
 0001:00015540       ??0DName@@QAE@_J@Z         04016540 f   LIBCMT:undname.obj
 0001:000155d3       ??0DName@@QAE@_K@Z         040165d3 f   LIBCMT:undname.obj
 0001:00015640       ??0DNameNode@@IAE@XZ       04016640 f   LIBCMT:undname.obj
 0001:00015649       ??0DNameStatusNode@@AAE@W4DNameStatus@@@Z 04016649 f   LIBCMT:undname.obj
 0001:0001566c       ??0Replicator@@QAE@XZ      0401666c f i LIBCMT:undname.obj
 0001:00015672       ??0UnDecorator@@QAE@PADPBDHP6APADJ@ZK@Z 04016672 f i LIBCMT:undname.obj
 0001:000156db       ??0charNode@@QAE@D@Z       040166db f   LIBCMT:undname.obj
 0001:000156f0       ??0pDNameNode@@QAE@PAVDName@@@Z 040166f0 f   LIBCMT:undname.obj
 0001:00015718       ??0pairNode@@QAE@PAVDNameNode@@0@Z 04016718 f   LIBCMT:undname.obj
 0001:00015737       ??0pcharNode@@QAE@PBDH@Z   04016737 f   LIBCMT:undname.obj
 0001:0001578e       ??2@YAPAXIAAV_HeapManager@@H@Z 0401678e f i LIBCMT:undname.obj
 0001:000157a3       ??4DName@@QAEAAV0@ABV0@@Z  040167a3 f   LIBCMT:undname.obj
 0001:000157b9       ??4DName@@QAEAAV0@D@Z      040167b9 f i LIBCMT:undname.obj
 0001:000157e5       ??4DName@@QAEAAV0@PAV0@@Z  040167e5 f   LIBCMT:undname.obj
 0001:0001582e       ??4DName@@QAEAAV0@PBD@Z    0401682e f   LIBCMT:undname.obj
 0001:00015860       ??4DName@@QAEAAV0@W4DNameStatus@@@Z 04016860 f   LIBCMT:undname.obj
 0001:00015895       ??AReplicator@@QBE?AVDName@@H@Z 04016895 f   LIBCMT:undname.obj
 0001:000158d1       ??BUnDecorator@@QAEPADXZ   040168d1 f i LIBCMT:undname.obj
 0001:00015a50       ??H@YA?AVDName@@DABV0@@Z   04016a50 f i LIBCMT:undname.obj
 0001:00015a74       ??H@YA?AVDName@@PBDABV0@@Z 04016a74 f i LIBCMT:undname.obj
 0001:00015a98       ??H@YA?AVDName@@W4DNameStatus@@ABV0@@Z 04016a98 f i LIBCMT:undname.obj
 0001:00015abc       ??HDName@@QBE?AV0@ABV0@@Z  04016abc f   LIBCMT:undname.obj
 0001:00015ade       ??HDName@@QBE?AV0@D@Z      04016ade f   LIBCMT:undname.obj
 0001:00015b00       ??HDName@@QBE?AV0@PAV0@@Z  04016b00 f   LIBCMT:undname.obj
 0001:00015b22       ??HDName@@QBE?AV0@PBD@Z    04016b22 f   LIBCMT:undname.obj
 0001:00015b44       ??HDName@@QBE?AV0@W4DNameStatus@@@Z 04016b44 f   LIBCMT:undname.obj
 0001:00015b66       ??YDName@@QAEAAV0@ABV0@@Z  04016b66 f   LIBCMT:undname.obj
 0001:00015ba9       ??YDName@@QAEAAV0@D@Z      04016ba9 f   LIBCMT:undname.obj
 0001:00015bf9       ??YDName@@QAEAAV0@PAV0@@Z  04016bf9 f   LIBCMT:undname.obj
 0001:00015c5e       ??YDName@@QAEAAV0@PBD@Z    04016c5e f   LIBCMT:undname.obj
 0001:00015cbf       ??YDName@@QAEAAV0@W4DNameStatus@@@Z 04016cbf f   LIBCMT:undname.obj
 0001:00015cff       ??YReplicator@@QAEAAV0@ABVDName@@@Z 04016cff f   LIBCMT:undname.obj
 0001:00015d49       ??_5DName@@QAEAAV0@ABV0@@Z 04016d49 f   LIBCMT:undname.obj
 0001:00015d65       ?Constructor@_HeapManager@@QAEXP6APAXI@ZP6AXPAX@Z@Z 04016d65 f i LIBCMT:undname.obj
 0001:00015d82       ?Destructor@_HeapManager@@QAEXXZ 04016d82 f i LIBCMT:undname.obj
 0001:00015da8       ?UScore@UnDecorator@@SAPBDW4Tokens@@@Z 04016da8 f   LIBCMT:undname.obj
 0001:00015dc5       ?append@DName@@AAEXPAVDNameNode@@@Z 04016dc5 f   LIBCMT:undname.obj
 0001:00015e0b       ?composeDeclaration@UnDecorator@@CA?AVDName@@ABV2@@Z 04016e0b f i LIBCMT:undname.obj
 0001:00016b41       ?doAccessSpecifiers@UnDecorator@@SAHXZ 04017b41 f i LIBCMT:undname.obj
 0001:00016b4f       ?doAllocationLanguage@UnDecorator@@SAHXZ 04017b4f f i LIBCMT:undname.obj
 0001:00016b5d       ?doAllocationModel@UnDecorator@@SAHXZ 04017b5d f i LIBCMT:undname.obj
 0001:00016b6b       ?doEcsu@UnDecorator@@SAHXZ 04017b6b f i LIBCMT:undname.obj
 0001:00016b79       ?doEllipsis@UnDecorator@@SAHXZ 04017b79 f i LIBCMT:undname.obj
 0001:00016b87       ?doFunctionReturns@UnDecorator@@SAHXZ 04017b87 f i LIBCMT:undname.obj
 0001:00016b95       ?doMSKeywords@UnDecorator@@SAHXZ 04017b95 f i LIBCMT:undname.obj
 0001:00016ba2       ?doMemberTypes@UnDecorator@@SAHXZ 04017ba2 f i LIBCMT:undname.obj
 0001:00016bb0       ?doNameOnly@UnDecorator@@SAHXZ 04017bb0 f i LIBCMT:undname.obj
 0001:00016bbb       ?doNoIdentCharCheck@UnDecorator@@SAHXZ 04017bbb f i LIBCMT:undname.obj
 0001:00016bc6       ?doPchar@DName@@AAEXPBDH@Z 04017bc6 f   LIBCMT:undname.obj
 0001:00016c4e       ?doPtr64@UnDecorator@@SAHXZ 04017c4e f i LIBCMT:undname.obj
 0001:00016c5c       ?doRestrictionSpec@UnDecorator@@SAHXZ 04017c5c f i LIBCMT:undname.obj
 0001:00016c6a       ?doThisTypes@UnDecorator@@SAHXZ 04017c6a f i LIBCMT:undname.obj
 0001:00016c7c       ?doThrowTypes@UnDecorator@@SAHXZ 04017c7c f i LIBCMT:undname.obj
 0001:00016c8a       ?doTypeOnly@UnDecorator@@SAHXZ 04017c8a f i LIBCMT:undname.obj
 0001:00016c95       ?doUnderScore@UnDecorator@@SAHXZ 04017c95 f i LIBCMT:undname.obj
 0001:00016ca0       ?getArgumentList@UnDecorator@@CA?AVDName@@XZ 04017ca0 f   LIBCMT:undname.obj
 0001:00016dac       ?getArgumentTypes@UnDecorator@@CA?AVDName@@XZ 04017dac f   LIBCMT:undname.obj
 0001:00016e8a       ?getArrayType@UnDecorator@@CA?AVDName@@ABV2@@Z 04017e8a f i LIBCMT:undname.obj
 0001:0001708c       ?getBasedType@UnDecorator@@CA?AVDName@@XZ 0401808c f   LIBCMT:undname.obj
 0001:00017123       ?getBasicDataType@UnDecorator@@CA?AVDName@@ABV2@@Z 04018123 f   LIBCMT:undname.obj
 0001:000174fa       ?getCallIndex@UnDecorator@@CA?AVDName@@XZ 040184fa f i LIBCMT:undname.obj
 0001:0001750e       ?getCallingConvention@UnDecorator@@CA?AVDName@@XZ 0401850e f   LIBCMT:undname.obj
 0001:000175cd       ?getDataIndirectType@UnDecorator@@CA?AVDName@@ABV2@PBD0H@Z 040185cd f   LIBCMT:undname.obj
 0001:00017b6a       ?getDataIndirectType@UnDecorator@@CA?AVDName@@XZ 04018b6a f i LIBCMT:undname.obj
 0001:00017ba3       ?getDataType@UnDecorator@@CA?AVDName@@PAV2@@Z 04018ba3 f   LIBCMT:undname.obj
 0001:00017c75       ?getDecoratedName@UnDecorator@@CA?AVDName@@XZ 04018c75 f   LIBCMT:undname.obj
 0001:00017ec1       ?getDimension@UnDecorator@@CA?AVDName@@_N@Z 04018ec1 f   LIBCMT:undname.obj
 0001:00017ffb       ?getDispatchTarget@UnDecorator@@CA?AVDName@@XZ 04018ffb f   LIBCMT:undname.obj
 0001:00018056       ?getDisplacement@UnDecorator@@CA?AVDName@@XZ 04019056 f i LIBCMT:undname.obj
 0001:0001806a       ?getECSUDataType@UnDecorator@@CA?AVDName@@XZ 0401906a f   LIBCMT:undname.obj
 0001:0001817d       ?getECSUName@UnDecorator@@CA?AVDName@@XZ 0401917d f i LIBCMT:undname.obj
 0001:0001818e       ?getEnumType@UnDecorator@@CA?AVDName@@XZ 0401918e f i LIBCMT:undname.obj
 0001:00018272       ?getExtendedDataIndirectType@UnDecorator@@CA?AVDName@@AAPBDAA_NH@Z 04019272 f   LIBCMT:undname.obj
 0001:00018417       ?getExternalDataType@UnDecorator@@CA?AVDName@@ABV2@@Z 04019417 f i LIBCMT:undname.obj
 0001:00018490       ?getFunctionIndirectType@UnDecorator@@CA?AVDName@@ABV2@@Z 04019490 f   LIBCMT:undname.obj
 0001:00018886       ?getGuardNumber@UnDecorator@@CA?AVDName@@XZ 04019886 f i LIBCMT:undname.obj
 0001:0001889a       ?getLastChar@DName@@QBEDXZ 0401989a f i LIBCMT:undname.obj
 0001:000188a8       ?getLastChar@DNameStatusNode@@UBEDXZ 040198a8 f i LIBCMT:undname.obj
 0001:000188b4       ?getLastChar@charNode@@UBEDXZ 040198b4 f i LIBCMT:undname.obj
 0001:000188b8       ?getLastChar@pDNameNode@@UBEDXZ 040198b8 f i LIBCMT:undname.obj
 0001:000188cd       ?getLastChar@pairNode@@UBEDXZ 040198cd f i LIBCMT:undname.obj
 0001:000188e7       ?getLastChar@pcharNode@@UBEDXZ 040198e7 f i LIBCMT:undname.obj
 0001:000188f9       ?getLexicalFrame@UnDecorator@@CA?AVDName@@XZ 040198f9 f i LIBCMT:undname.obj
 0001:00018936       ?getMemory@_HeapManager@@QAEPAXIH@Z 04019936 f   LIBCMT:undname.obj
 0001:000189bb       ?getNumberOfDimensions@UnDecorator@@CAHXZ 040199bb f   LIBCMT:undname.obj
 0001:00018a1c       ?getOperatorName@UnDecorator@@CA?AVDName@@_NPA_N@Z 04019a1c f i LIBCMT:undname.obj
 0001:00018ff6       ?getPointerType@UnDecorator@@CA?AVDName@@ABV2@0@Z 04019ff6 f i LIBCMT:undname.obj
 0001:00019014       ?getPointerTypeArray@UnDecorator@@CA?AVDName@@ABV2@0@Z 0401a014 f i LIBCMT:undname.obj
 0001:00019032       ?getPrimaryDataType@UnDecorator@@CA?AVDName@@ABV2@@Z 0401a032 f   LIBCMT:undname.obj
 0001:000191ea       ?getPtrRefDataType@UnDecorator@@CA?AVDName@@ABV2@H@Z 0401a1ea f i LIBCMT:undname.obj
 0001:000192d4       ?getPtrRefType@UnDecorator@@CA?AVDName@@ABV2@0PBD@Z 0401a2d4 f   LIBCMT:undname.obj
 0001:000193d0       ?getReferenceType@UnDecorator@@CA?AVDName@@ABV2@0PBD@Z 0401a3d0 f i LIBCMT:undname.obj
 0001:000193ec       ?getRestrictionSpec@UnDecorator@@CA?AVDName@@XZ 0401a3ec f   LIBCMT:undname.obj
 0001:000194da       ?getReturnType@UnDecorator@@CA?AVDName@@PAV2@@Z 0401a4da f   LIBCMT:undname.obj
 0001:00019509       ?getScope@UnDecorator@@CA?AVDName@@XZ 0401a509 f   LIBCMT:undname.obj
 0001:000198e0       ?getScopedName@UnDecorator@@CA?AVDName@@XZ 0401a8e0 f   LIBCMT:undname.obj
 0001:000199db       ?getSignedDimension@UnDecorator@@CA?AVDName@@XZ 0401a9db f   LIBCMT:undname.obj
 0001:00019a2e       ?getStorageConvention@UnDecorator@@CA?AVDName@@XZ 0401aa2e f i LIBCMT:undname.obj
 0001:00019a3f       ?getString@DName@@QBEPADPAD0@Z 0401aa3f f i LIBCMT:undname.obj
 0001:00019a55       ?getString@DName@@QBEPADPADH@Z 0401aa55 f i LIBCMT:undname.obj
 0001:00019ab3       ?getString@DNameStatusNode@@UBEPADPAD0@Z 0401aab3 f i LIBCMT:undname.obj
 0001:00019ada       ?getString@charNode@@UBEPADPAD0@Z 0401aada f i LIBCMT:undname.obj
 0001:00019aef       ?getString@pDNameNode@@UBEPADPAD0@Z 0401aaef f i LIBCMT:undname.obj
[...]
 0001:0001aef0       ?und_strlen@@YAIPBD@Z      0401bef0 f   LIBCMT:undname.obj
 0001:0001af05       ?und_strncmp@@YAIPBD0I@Z   0401bf05 f   LIBCMT:undname.obj
 0001:0001b8b0       $$000000                   0401c8b0     LIBCMT:strrchr.obj
 0001:0001bbf0       $$000000                   0401cbf0     LIBCMT:lldvrm.obj
 0001:0001bcd0       $$000000                   0401ccd0     LIBCMT:ullshr.obj
 0001:0001bd8d       ?x_ismbbtype_l@@YAHPAUlocaleinfo_struct@@IHH@Z 0401cd8d f   LIBCMT:ismbbyte.obj
 0001:0001c070       $$000000                   0401d070     LIBCMT:alloca16.obj
 0001:0001c4ab       ?__crtLCMapStringA_stat@@YAHPAUlocaleinfo_struct@@PB_WKPBDHPADHHH@Z 0401d4ab f   LIBCMT:a_map.obj
 0001:0001c6af       ?strncnt@@YAHPBDH@Z        0401d6af f   LIBCMT:a_map.obj
 0001:0001c715       ?__crtGetStringTypeA_stat@@YAHPAUlocaleinfo_struct@@KPBDHPAGHH@Z 0401d715 f   LIBCMT:a_str.obj
 0001:0001c959       _flsall                    0401d959 f   LIBCMT:fflush.obj
 0001:0001d5f5       _fix_grouping              0401e5f5 f   LIBCMT:initmon.obj
 0001:0001d89a       _fix_grouping              0401e89a f   LIBCMT:initnum.obj
 0001:0001dcce       __get_lc_time              0401ecce f   LIBCMT:inittime.obj
 0001:00020dc7       $LN333                     04021dc7     LIBCMT:strgtold.obj
 0001:00020dfa       _cmpBYTE                   04021dfa f   LIBCMT:memcmp.obj
 0001:00020e1f       _cmpDWORD                  04021e1f f   LIBCMT:memcmp.obj
 0001:00020eaa       _cmpResult                 04021eaa f   LIBCMT:memcmp.obj
 0001:00020ec6       _cmpWORD                   04021ec6 f   LIBCMT:memcmp.obj
 0001:0002260f       $LN1281                    0402360f     LIBCMT:memcmp.obj
 0001:0002268f       _unaligned_memcmp          0402368f f   LIBCMT:memcmp.obj
 0001:00023dab       $LN1269                    04024dab     LIBCMT:memcmp.obj
 0001:00023f2c       _GetLocaleNameFromDefault  04024f2c f   LIBCMT:getqloc.obj
 0001:00023fa5       _GetLocaleNameFromLangCountry 04024fa5 f   LIBCMT:getqloc.obj
 0001:00024019       _GetLocaleNameFromLanguage 04025019 f   LIBCMT:getqloc.obj
 0001:00024063       _GetPrimaryLen             04025063 f   LIBCMT:getqloc.obj
 0001:00024095       _LangCountryEnumProcEx@12  04025095 f   LIBCMT:getqloc.obj
 0001:000242b5       _LanguageEnumProcEx@12     040252b5 f   LIBCMT:getqloc.obj
 0001:00024368       _ProcessCodePage           04025368 f   LIBCMT:getqloc.obj
 0001:000243fd       _TestDefaultCountry        040253fd f   LIBCMT:getqloc.obj
 0001:00024449       _TestDefaultLanguage       04025449 f   LIBCMT:getqloc.obj
 0001:00024484       _TranslateName             04025484 f   LIBCMT:getqloc.obj
 0001:000246b2       _CountryEnumProc@4         040256b2 f   LIBCMT:getqloc_downlevel.obj
 0001:00024762       _GetLcidFromCountry        04025762 f   LIBCMT:getqloc_downlevel.obj
 0001:000247a2       _GetLcidFromDefault        040257a2 f   LIBCMT:getqloc_downlevel.obj
 0001:000247be       _GetLcidFromLangCountry    040257be f   LIBCMT:getqloc_downlevel.obj
 0001:0002483b       _GetLcidFromLanguage       0402583b f   LIBCMT:getqloc_downlevel.obj
 0001:00024894       _GetPrimaryLen             04025894 f   LIBCMT:getqloc_downlevel.obj
 0001:000248be       _LangCountryEnumProc@4     040258be f   LIBCMT:getqloc_downlevel.obj
 0001:00024ab3       _LanguageEnumProc@4        04025ab3 f   LIBCMT:getqloc_downlevel.obj
 0001:00024b8e       _LcidFromHexString         04025b8e f   LIBCMT:getqloc_downlevel.obj
 0001:00024bdd       _ProcessCodePage           04025bdd f   LIBCMT:getqloc_downlevel.obj
 0001:00024c68       _TestDefaultCountry        04025c68 f   LIBCMT:getqloc_downlevel.obj
 0001:00024c8a       _TestDefaultLanguage       04025c8a f   LIBCMT:getqloc_downlevel.obj
 0001:00024cf4       _TranslateName             04025cf4 f   LIBCMT:getqloc_downlevel.obj
 0001:00025ac9       ___abstract_cw_sse2        04026ac9 f   LIBCMT:ieee87.obj
 0001:00025b72       ___abstract_sw_sse2        04026b72 f   LIBCMT:ieee87.obj
 0001:00025bb3       ___clearfp_sse2            04026bb3 f   LIBCMT:ieee87.obj
 0001:00025f1d       ___control87_sse2          04026f1d f   LIBCMT:ieee87.obj
 0001:000260a0       ___fpreset_sse2            040270a0 f   LIBCMT:ieee87.obj
 0001:000260ac       ___hw_cw_sse2              040270ac f   LIBCMT:ieee87.obj
 0001:00026155       ___statusfp_sse2           04027155 f   LIBCMT:ieee87.obj
 0001:00026196       __abstract_cw              04027196 f   LIBCMT:ieee87.obj
 0001:00026235       __abstract_sw              04027235 f   LIBCMT:ieee87.obj
 0001:0002699a       __hw_cw                    0402799a f   LIBCMT:ieee87.obj
 0001:00026f7f       @x64tow_s@24               04027f7f f   LIBCMT:xtows.obj
 0001:00027152       _xtow_s@20                 04028152 f   LIBCMT:xtows.obj
 0001:00027848       ?wcstoxl@@YAKPB_WPAPB_WHH@Z 04028848 f   LIBCMT:wcstol.obj
 0001:00027a89       ?wcstoxq@@YA_KPAUlocaleinfo_struct@@PB_WPAPB_WHH@Z 04028a89 f   LIBCMT:wcstoq.obj
 0001:00028bc9       $LN323                     04029bc9     LIBCMT:wstrgtold.obj
 0001:00028ee0       __unwindfunclet$?GetDmgBonus@ItemDisplayHook@@QAEHPAPAU_CXSTR@EQData@@@Z$0 04029ee0 f   MQ2ItemDisplay.obj
 0001:00028ee8       __ehhandler$?GetDmgBonus@ItemDisplayHook@@QAEHPAPAU_CXSTR@EQData@@@Z 04029ee8 f   MQ2ItemDisplay.obj
 0001:00028f00       __ehhandler$?_Copy@?$basic_string@DU?$char_traits@D@std@@V?$allocator@D@2@@std@@QAEXII@Z 04029f00 f   MQ2ItemDisplay.obj
 0001:00028f0a       __ehhandler$?CallUnexpected@@YAXPBU_s_ESTypeList@@@Z 04029f0a f   LIBCMT:frame.obj
 0001:00028f30       ??__F?_Generic_object@?$_Error_objects@H@std@@2V_Generic_error_category@2@A@@YAXXZ 04029f30 f   MQ2ItemDisplay.obj
 0001:00028f40       ??__F?_Iostream_object@?$_Error_objects@H@std@@2V_Iostream_error_category@2@A@@YAXXZ 04029f40 f   MQ2ItemDisplay.obj
 0001:00028f50       ??__F?_System_object@?$_Error_objects@H@std@@2V_System_error_category@2@A@@YAXXZ 04029f50 f   MQ2ItemDisplay.obj
 0001:00028f5b       ??__F?_Generic_object@?$_Error_objects@H@std@@2V_Generic_error_category@2@A@@YAXXZ 04029f5b f   libcpmt:xthrow.obj
 0001:00028f66       ??__F?_Iostream_object@?$_Error_objects@H@std@@2V_Iostream_error_category@2@A@@YAXXZ 04029f66 f   libcpmt:xthrow.obj
 0001:00028f71       ??__F?_System_object@?$_Error_objects@H@std@@2V_System_error_category@2@A@@YAXXZ 04029f71 f   libcpmt:xthrow.obj
 0001:00028f7c       ??__F?_Generic_object@?$_Error_objects@H@std@@2V_Generic_error_category@2@A@@YAXXZ 04029f7c f   libcpmt:syserror.obj
 0001:00028f87       ??__F?_Iostream_object@?$_Error_objects@H@std@@2V_Iostream_error_category@2@A@@YAXXZ 04029f87 f   libcpmt:syserror.obj
 0001:00028f92       ??__F?_System_object@?$_Error_objects@H@std@@2V_System_error_category@2@A@@YAXXZ 04029f92 f   libcpmt:syserror.obj
 0002:000001b4       ?_Generic_object$initializer$@?$_Error_objects@H@std@@2P6AXXZA 0402a1b4     MQ2ItemDisplay.obj
 0002:000001b8       ?_Iostream_object$initializer$@?$_Error_objects@H@std@@2P6AXXZA 0402a1b8     MQ2ItemDisplay.obj
 0002:000001bc       ?_System_object$initializer$@?$_Error_objects@H@std@@2P6AXXZA 0402a1bc     MQ2ItemDisplay.obj
 0002:000001c8       _pinit                     0402a1c8     LIBCMT:onexit.obj
 0002:000001cc       _pinit                     0402a1cc     LIBCMT:cpu_disp.obj
 0002:000001d0       _pinit                     0402a1d0     LIBCMT:mbctype.obj
 0002:000001d4       _pinit                     0402a1d4     LIBCMT:_file.obj
 0002:000001e0       _pterm                     0402a1e0     LIBCMT:wsetloca.obj
 0002:000001e4       _pterm                     0402a1e4     LIBCMT:initcon.obj
 0002:000001e8       _pterm                     0402a1e8     LIBCMT:_file.obj
 0002:000017e0       __Win_errtab               0402b7e0     libcpmt:syserror.obj
 0002:00001a38       __Sys_errtab               0402ba38     libcpmt:syserror.obj
 0002:00002540       ?ExceptionTemplate@?1??_CxxThrowException@@9@8@4UEHExceptionRecord@@B 0402c540     LIBCMT:throw.obj
 0002:00002ad8       _GS_ExceptionPointers      0402cad8     LIBCMT:gs_report.obj
 0002:00004b98       _rterrs                    0402eb98     LIBCMT:crt0msg.obj
 0002:0000562c       __mb_locale_names          0402f62c     LIBCMT:mbctype.obj
 0002:00005ab8       __first_127char            0402fab8     LIBCMT:wsetloca.obj
 0002:00005b74       One                        0402fb74     LIBCMT:87disp.obj
 0002:00005b7c       XAMtoTagTab                0402fb7c     LIBCMT:87disp.obj
 0002:00005b90       One                        0402fb90     LIBCMT:common.obj
 0002:00005ba4       DblMax                     0402fba4     LIBCMT:common.obj
 0002:00005bac       DblMin                     0402fbac     LIBCMT:common.obj
 0002:00005bb4       IeeeAdjO                   0402fbb4     LIBCMT:common.obj
 0002:00005bbc       IeeeAdjU                   0402fbbc     LIBCMT:common.obj
 0002:00005bc4       _infinity                  0402fbc4     LIBCMT:common.obj
 0002:00005bcc       _zero                      0402fbcc     LIBCMT:common.obj
 0002:00005bd8       _tokenTable                0402fbd8     LIBCMT:undname.obj
 0002:00005c10       _nameTable                 0402fc10     LIBCMT:undname.obj
 0002:00005d50       _rttiTable                 0402fd50     LIBCMT:undname.obj
 0002:000085c0       __catchsym$?_Copy@?$basic_string@DU?$char_traits@D@std@@V?$allocator@D@2@@std@@QAEXII@Z$5 040325c0     MQ2ItemDisplay.obj
 0002:000085d0       __catchsym$?_Copy@?$basic_string@DU?$char_traits@D@std@@V?$allocator@D@2@@std@@QAEXII@Z$4 040325d0     MQ2ItemDisplay.obj
 0002:000085e0       __unwindtable$?_Copy@?$basic_string@DU?$char_traits@D@std@@V?$allocator@D@2@@std@@QAEXII@Z 040325e0     MQ2ItemDisplay.obj
 0002:00008600       __ehfuncinfo$?_Copy@?$basic_string@DU?$char_traits@D@std@@V?$allocator@D@2@@std@@QAEXII@Z 04032600     MQ2ItemDisplay.obj
 0002:00008624       __tryblocktable$?_Copy@?$basic_string@DU?$char_traits@D@std@@V?$allocator@D@2@@std@@QAEXII@Z 04032624     MQ2ItemDisplay.obj
 0002:0000864c       __unwindtable$?GetDmgBonus@ItemDisplayHook@@QAEHPAPAU_CXSTR@EQData@@@Z 0403264c     MQ2ItemDisplay.obj
 0002:00008654       __ehfuncinfo$?GetDmgBonus@ItemDisplayHook@@QAEHPAPAU_CXSTR@EQData@@@Z 04032654     MQ2ItemDisplay.obj
 0002:00008888       __sehtable$__onexit        04032888     LIBCMT:onexit.obj
 0002:000088a8       __sehtable$__CRT_INIT@12   040328a8     LIBCMT:dllcrt0.obj
 0002:000088c8       __sehtable$___DllMainCRTStartup 040328c8     LIBCMT:dllcrt0.obj
 0002:000088e8       __sehtable$_doexit         040328e8     LIBCMT:crt0dat.obj
 0002:00008908       __sehtable$___set_fpsr_sse2 04032908     LIBCMT:fpctrl.obj
 0002:00008928       __sehtable$__freefls@4     04032928     LIBCMT:tidtable.obj
 0002:00008950       __sehtable$__initptd       04032950     LIBCMT:tidtable.obj
 0002:00008978       __sehtable$?terminate@@YAXXZ 04032978     LIBCMT:hooks.obj
 0002:00008998       __sehtable$?_inconsistency@@YAXXZ 04032998     LIBCMT:hooks.obj
 0002:000089b8       __sehtable$___FrameUnwindToState 040329b8     LIBCMT:frame.obj
 0002:000089e0       __sehtable$?CallCatchBlock@@YAPAXPAUEHExceptionRecord@@PAUEHRegistrationNode@@PAU_CONTEXT@@PBU_s_FuncInfo@@PAXHK@Z 040329e0     LIBCMT:frame.obj
 0002:00008a08       __sehtable$___BuildCatchObject 04032a08     LIBCMT:frame.obj
 0002:00008a28       __sehtable$___DestructExceptionObject 04032a28     LIBCMT:frame.obj
 0002:00008a44       __catchsym$?CallUnexpected@@YAXPBU_s_ESTypeList@@@Z$2 04032a44     LIBCMT:frame.obj
 0002:00008a54       __unwindtable$?CallUnexpected@@YAXPBU_s_ESTypeList@@@Z 04032a54     LIBCMT:frame.obj
 0002:00008a64       __tryblocktable$?CallUnexpected@@YAXPBU_s_ESTypeList@@@Z 04032a64     LIBCMT:frame.obj
 0002:00008a78       __ehfuncinfo$?CallUnexpected@@YAXPBU_s_ESTypeList@@@Z 04032a78     LIBCMT:frame.obj
 0002:00008aa0       __sehtable$___BuildCatchObjectHelper 04032aa0     LIBCMT:frame.obj
 0002:00008af8       __sehtable$?_Name_base@type_info@@CAPBDPBV1@PAU__type_info_node@@@Z 04032af8     LIBCMT:typname.obj
 0002:00008b18       __sehtable$?_Type_info_dtor@type_info@@CAXPAV1@@Z 04032b18     LIBCMT:typname.obj
 0002:00008b38       __sehtable$?_Name_base_internal@type_info@@CAPBDPBV1@PAU__type_info_node@@@Z 04032b38     LIBCMT:typname.obj
 0002:00008b58       __sehtable$?_Type_info_dtor_internal@type_info@@CAXPAV1@@Z 04032b58     LIBCMT:typname.obj
 0002:00008b78       __sehtable$___clean_type_info_names_internal 04032b78     LIBCMT:typname.obj
 0002:00008b98       __sehtable$__ioinit        04032b98     LIBCMT:ioinit.obj
 0002:00008bb8       __sehtable$_signal         04032bb8     LIBCMT:winsig.obj
 0002:00008bd8       __sehtable$_raise          04032bd8     LIBCMT:winsig.obj
 0002:00008bf8       __sehtable$_ctrlevent_capture@4 04032bf8     LIBCMT:winsig.obj
 0002:00008c18       __sehtable$__mtinitlocknum 04032c18     LIBCMT:mlock.obj
 0002:00008c38       __sehtable$__IsNonwritableInCurrentImage 04032c38     LIBCMT:pesect.obj
 0002:00008c58       __sehtable$___updatetmbcinfo 04032c58     LIBCMT:mbctype.obj
 0002:00008c78       __sehtable$__setmbcp       04032c78     LIBCMT:mbctype.obj
 0002:00008c98       __sehtable$__write         04032c98     LIBCMT:write.obj
 0002:00008cb8       __sehtable$__lseeki64      04032cb8     LIBCMT:lseeki64.obj
 0002:00008cd8       __sehtable$___updatetlocinfo 04032cd8     LIBCMT:localref.obj
 0002:00008cf8       __sehtable$_printf         04032cf8     LIBCMT:printf.obj
 0002:00008d18       __sehtable$__get_current_locale 04032d18     LIBCMT:wsetloca.obj
 0002:00008d40       __sehtable$__free_locale   04032d40     LIBCMT:wsetloca.obj
 0002:00008d68       __sehtable$__wsetlocale    04032d68     LIBCMT:wsetloca.obj
 0002:00008da0       __sehtable$__locterm       04032da0     LIBCMT:wsetloca.obj
 0002:00008dc0       __sehtable$___unDName      04032dc0     LIBCMT:undname.obj
 0002:00008de0       __sehtable$___unDNameEx    04032de0     LIBCMT:undname.obj
 0002:00008e00       __sehtable$_fflush         04032e00     LIBCMT:fflush.obj
 0002:00008e20       __sehtable$_flsall         04032e20     LIBCMT:fflush.obj
 0002:00008e48       __sehtable$__fcloseall     04032e48     LIBCMT:closeall.obj
 0002:00008e68       __sehtable$__alloc_osfhnd  04032e68     LIBCMT:osfinfo.obj
 0002:00008e90       __sehtable$___lock_fhandle 04032e90     LIBCMT:osfinfo.obj
 0002:00008eb0       __sehtable$__open_osfhandle 04032eb0     LIBCMT:osfinfo.obj
 0002:00008ed0       __sehtable$__putwch        04032ed0     LIBCMT:putwch.obj
 0002:00008ef0       __sehtable$_vprintf_helper 04032ef0     LIBCMT:vprintf.obj
 0002:00008f10       __sehtable$__commit        04032f10     LIBCMT:commit.obj
 0002:00008f30       __sehtable$_fclose         04032f30     LIBCMT:fclose.obj
 0002:00008f50       __sehtable$__close         04032f50     LIBCMT:close.obj
 0002:00008f70       .edata                     04032f70     MQ2ItemDisplay.exp
 0002:00008f98       rgpv                       04032f98     MQ2ItemDisplay.exp
 0002:00008fa4       rgszName                   04032fa4     MQ2ItemDisplay.exp
 0002:00008fb0       rgwOrd                     04032fb0     MQ2ItemDisplay.exp
 0002:00008fb6       szName                     04032fb6     MQ2ItemDisplay.exp
 0002:00008fc9       $N00001                    04032fc9     MQ2ItemDisplay.exp
 0002:00008fda       $N00002                    04032fda     MQ2ItemDisplay.exp
 0002:00008fe9       $N00003                    04032fe9     MQ2ItemDisplay.exp
 0002:00009216       .idata$6                   04033216     kernel32:KERNEL32.dll
 0002:00009470       .idata$6                   04033470     MQ2Main:MQ2Main.dll
 0003:00000000       _ClassInfo                 04034000     MQ2ItemDisplay.obj
 0003:00000158       _errtable                  04034158     LIBCMT:dosmap.obj
 0003:000002c0       _ErrnoNoMem                040342c0     LIBCMT:dosmap.obj
 0003:000002c4       _DoserrorNoMem             040342c4     LIBCMT:dosmap.obj
 0003:000002d0       _NAME_                     040342d0     LIBCMT:sqrt.obj
 0003:00000300       ?_names@?1??_get_fname@@9@9 04034300     LIBCMT:fpexcept.obj
 0003:000003e8       _over                      040343e8     LIBCMT:fpctrl.obj
 0003:000003f4       _under                     040343f4     LIBCMT:fpctrl.obj
 0003:00000400       ?__DAZ_ENABLED@?1??__set_fpsr_sse2@@9@9 04034400     LIBCMT:fpctrl.obj
 0003:00000488       ?isPackaged@?1??__crtIsPackagedApp@@9@9 04034488     LIBCMT:winapisupp.obj
 0003:00000490       __locktable                04034490     LIBCMT:mlock.obj
 0003:000009d8       ___rgctypeflag             040349d8     LIBCMT:mbctype.obj
 0003:000009e0       ___rgcode_page_info        040349e0     LIBCMT:mbctype.obj
 0003:00000f90       __ctype_loc_style          04034f90     LIBCMT:wsetloca.obj
 0003:00001038       _DoubleFormat              04035038     LIBCMT:intrncvt.obj
 0003:00001050       _FloatFormat               04035050     LIBCMT:intrncvt.obj
 0003:00001ef0       __Tuple_alloc              04035ef0     MQ2ItemDisplay.obj
 0003:00001ef1       _ignore                    04035ef1     MQ2ItemDisplay.obj
 0003:00001ef2       _allocator_arg             04035ef2     MQ2ItemDisplay.obj
 0003:00001ef3       _piecewise_construct       04035ef3     MQ2ItemDisplay.obj
 0003:00001f04       __Tuple_alloc              04035f04     libcpmt:xthrow.obj
 0003:00001f05       _ignore                    04035f05     libcpmt:xthrow.obj
 0003:00001f06       _allocator_arg             04035f06     libcpmt:xthrow.obj
 0003:00001f07       _piecewise_construct       04035f07     libcpmt:xthrow.obj
 0003:00001f08       _allocator_arg             04035f08     libcpmt:syserror.obj
 0003:00001f09       _piecewise_construct       04035f09     libcpmt:syserror.obj
 0003:00001f10       ___proc_attached           04035f10     LIBCMT:dllcrt0.obj
 0003:00001f70       ___type_info_root_node     04035f70     LIBCMT:typname.obj
 0003:00002080       ?_pgmname@?1??_setargv@@9@9 04036080     LIBCMT:stdargv.obj
 0003:00002188       _GS_ExceptionRecord        04036188     LIBCMT:gs_report.obj
 0003:000021d8       _GS_ContextRecord          040361d8     LIBCMT:gs_report.obj
 0003:000024a4       _DebuggerWasPresent        040364a4     LIBCMT:gs_report.obj
 0003:000024a8       _ctrlc_action              040364a8     LIBCMT:winsig.obj
 0003:000024ac       _ctrlbreak_action          040364ac     LIBCMT:winsig.obj
 0003:000024b0       _abort_action              040364b0     LIBCMT:winsig.obj
 0003:000024b4       _term_action               040364b4     LIBCMT:winsig.obj
 0003:000024b8       _ConsoleCtrlHandler_Installed 040364b8     LIBCMT:winsig.obj
 0003:000024bc       ___crtCallProc             040364bc     LIBCMT:winapinls.obj
 0003:000024c8       ?outmsg@?9??_NMSG_WRITE@@9@9 040364c8     LIBCMT:crt0msg.obj
 0003:00002af8       _lclcritsects              04036af8     LIBCMT:mlock.obj
 0003:00002c48       _g_pfnRtlGenRandom         04036c48     LIBCMT:rand_s.obj
 0003:00002c64       _fSystemSet                04036c64     LIBCMT:mbctype.obj
 0003:00002c74       ___enable_percent_n        04036c74     LIBCMT:printf.obj
 0003:00002ca4       _heap                      04036ca4     LIBCMT:undname.obj
 0003:00002cf4       ?pfnMessageBox@?1??__crtMessageBoxW@@9@9 04036cf4     LIBCMT:crtmboxw.obj
 0003:00002cf8       ?pfnGetActiveWindow@?1??__crtMessageBoxW@@9@9 04036cf8     LIBCMT:crtmboxw.obj
 0003:00002cfc       ?pfnGetLastActivePopup@?1??__crtMessageBoxW@@9@9 04036cfc     LIBCMT:crtmboxw.obj
 0003:00002d00       ?pfnGetProcessWindowStation@?1??__crtMessageBoxW@@9@9 04036d00     LIBCMT:crtmboxw.obj
 0003:00002d04       ?pfnGetUserObjectInformation@?1??__crtMessageBoxW@@9@9 04036d04     LIBCMT:crtmboxw.obj
 0004:00000060       $R000000                   04038060     * linker generated manifest res *

 Exports

  ordinal    name

        1    _InitializePlugin
               exported name: InitializePlugin
        2    _ShutdownPlugin
               exported name: ShutdownPlugin
        3    _g_Item
               exported name: g_Item
